data/saved_data/run_2025_05_02_1721_lowered_population/firm_data.csv
Step,AgentID,FirmType,Profit,Inventory,ProductPrice,RevenuePerEmployee,ProductionLevel,NumEmployees,DemandReceived,InventoryDemandRatio,SellThroughRate,ProductionCapacity,Revenue,Costs,Markup,ProducedUnits,IncomeBracket,NumPeople,SpendRatio,PostTaxIncome,HouseholdExpense,HouseholdSavings,HealthLevel,Welfare,SkillLevel,SkillType,JobLevel,IsEmployed,Wage
5,31,necessity,54142.328637593484,5334.6,364.1044503428291,8538.465285217457,0.1,28.0,1584.0,,,4986.0,230538.56270087132,176396.23406327784,0.030000000000000002,499.0,,,,,,,,,,,,0,
6,31,necessity,126898.36713061063,4249.6,910.5040323127273,20597.908905108616,0.1,29.0,663.0,,,4986.0,576741.4493430413,449843.08221243066,0.01,499.0,,,,,,,,,,,,0,
7,31,necessity,-35149.55954644142,4085.6000000000004,1312.1925350337303,20816.00598011511,0.1,30.0,352.0,,,4986.0,603664.1734233382,638813.7329697796,0.025,499.0,,,,,,,,,,,,0,
8,31,necessity,-423911.5441505228,4232.6,1792.908512734091,15396.392411062436,0.1,29.0,448.0,,,4986.0,461891.7723318731,885803.3164823959,0.01,499.0,,,,,,,,,,,,0,
9,31,necessity,164409.28073509305,4283.6,1292.989717447871,27697.345300168025,0.1,30.0,775.0,,,4986.0,803223.0137048727,638813.7329697796,0.01,499.0,,,,,,,,,,,,0,
10,31,necessity,79174.11847830703,4007.6000000000004,1867.979638880263,33402.23436740333,0.1,31.0,415.0,,,4986.0,1002067.0310221,922892.912543793,0.01,499.0,,,,,,,,,,,,0,
11,31,necessity,-568418.4847881208,4091.6000000000004,2719.5718087236323,25006.8241979132,0.1,30.0,241.0,,,4986.0,775211.5501353092,1343630.03492343,0.01,499.0,,,,,,,,,,,,0,
12,31,necessity,-267476.1066413976,4349.6,1867.979638880263,21847.22686341318,0.1,29.0,275.0,,,4986.0,655416.8059023954,922892.912543793,0.01,499.0,,,,,,,,,,,,0,
13,31,necessity,-135751.6637025678,4573.6,1314.5100675833196,17713.600023864565,0.1,28.0,193.0,,,4986.0,513694.40069207235,649446.0643946402,0.01,499.0,,,,,,,,,,,,0,
14,31,necessity,-111666.44177704613,4879.6,739.5201461509278,9060.73010869931,0.1,27.0,429.0,,,4986.0,253700.4430435807,365366.8848206268,0.01,499.0,,,,,,,,,,,,0,
15,31,necessity,126711.84704129596,4949.6,385.6667699967131,11750.153433286965,0.1,28.0,897.0,,,4986.0,317254.14269874804,190542.29565745208,0.01,499.0,,,,,,,,,,,,0,
16,31,necessity,-106570.57713331631,4551.6,920.4436351647893,12355.11045310899,0.1,29.0,311.0,,,4986.0,345943.0926870517,452513.669820368,0.015000000000000003,499.0,,,,,,,,,,,,0,
17,31,necessity,-363139.0810323893,4739.6,1314.4108632663613,9870.96450124998,0.1,28.0,368.0,,,4986.0,286257.97053624946,649397.0515686388,0.010000000000000004,499.0,,,,,,,,,,,,0,
18,31,necessity,96277.52027629816,4870.6,784.1682031976188,17275.11420292932,0.1,29.0,551.0,,,4986.0,483703.19768202095,387425.6774057228,0.01,499.0,,,,,,,,,,,,0,
19,31,necessity,-208954.58452799608,4818.6,1297.4781078903902,14899.195860754757,0.1,28.0,376.0,,,4986.0,432076.67996188794,641031.264489884,0.01,499.0,,,,,,,,,,,,0,
20,31,necessity,100426.09116106393,4941.6,784.1682031976188,17423.277448813813,0.1,29.0,625.0,,,4986.0,487851.7685667867,387425.6774057228,0.01,499.0,,,,,,,,,,,,0,
21,31,necessity,-138189.316730436,4815.6,1271.6981701293369,16900.17679305213,0.1,28.0,383.0,,,4986.0,490105.1269985118,628294.4437289478,0.01,499.0,,,,,,,,,,,,0,
22,31,necessity,99634.72175381321,4931.6,784.1682031976188,17395.014255697715,0.1,29.0,146.0,,,4986.0,487060.399159536,387425.6774057228,0.01,499.0,,,,,,,,,,,,0,
23,31,necessity,-511864.786979605,5284.6,1267.7692922347746,3947.8812988569775,0.1,28.0,295.0,,,4986.0,114488.55766685234,626353.3446464573,0.01,499.0,,,,,,,,,,,,0,
24,31,necessity,-13433.736196464277,5488.6,784.1682031976188,13356.855043187805,0.1,29.0,918.0,,,4986.0,373991.9412092585,387425.6774057228,0.01,499.0,,,,,,,,,,,,0,
25,31,necessity,70836.74456454825,5069.6,1313.6672571481108,24822.97967363497,0.1,30.0,695.0,,,4986.0,719866.4105354141,649029.6659708659,0.01,499.0,,,,,,,,,,,,0,
26,31,necessity,-2192.722872432554,4873.6,1879.9023073651833,30433.291457264568,0.1,31.0,655.0,,,4986.0,912998.743717937,915191.4665903696,0.025,499.0,,,,,,,,,,,,0,
27,31,necessity,-89844.6804920896,4717.6,2674.1332586379044,39720.51649432888,0.1,32.0,159.0,,,4986.0,1231336.0113241952,1321180.6918162848,0.010000000000000004,499.0,,,,,,,,,,,,0,
28,31,necessity,-1059235.2760481078,5057.6,3004.542456530476,13287.099628857088,0.1,31.0,94.0,,,4986.0,425187.1881234268,1484422.4641715346,0.01,499.0,,,,,,,,,,,,0,
29,31,necessity,-796006.248031755,5462.6,2182.8007397841184,9110.548093995638,0.1,30.0,560.0,,,4986.0,282426.99091386475,1078433.2389456197,0.01,499.0,,,,,,,,,,,,0,
30,31,necessity,405539.16389862983,5401.6,1653.3016858336264,40745.61380930354,0.1,31.0,451.0,,,4986.0,1222368.4142791063,816829.2503804765,0.01,499.0,,,,,,,,,,,,0,
31,31,necessity,-316938.3710191663,5449.6,2150.707822630712,24052.872913256953,0.1,30.0,280.0,,,4986.0,745639.0603109655,1062577.4313301318,0.01,499.0,,,,,,,,,,,,0,
32,31,necessity,-214631.0600438771,5668.6,1653.3016858336264,20073.27301121998,0.1,29.0,278.0,,,4986.0,602198.1903365994,816829.2503804765,0.01,499.0,,,,,,,,,,,,0,
33,31,necessity,-91049.58109922463,5889.6,1114.5774010901905,15848.892022818902,0.1,28.0,797.0,,,4986.0,459617.8686617481,550667.4497609728,0.01,499.0,,,,,,,,,,,,0,
34,31,necessity,500892.511263159,5591.6,784.1682031976188,31725.649595317205,0.1,29.0,440.0,,,4986.0,888318.1886688818,387425.6774057228,0.01,499.0,,,,,,,,,,,,0,
35,31,necessity,-291056.93812668964,5650.6,1287.4786687805606,11897.7244623087,0.1,28.0,623.0,,,4986.0,345034.0094069523,636090.947533642,0.01,499.0,,,,,,,,,,,,0,
36,31,necessity,414673.5332445665,5526.6,784.1682031976188,28646.400380367475,0.1,29.0,551.0,,,4986.0,802099.2106502893,387425.6774057228,0.01,499.0,,,,,,,,,,,,0,
37,31,necessity,-210902.74879398494,5474.6,1320.7493249579566,14899.195860754757,0.1,28.0,455.0,,,4986.0,432076.67996188794,642979.4287558729,0.025,499.0,,,,,,,,,,,,0,
38,31,necessity,213515.26545014745,5518.6,788.0502240055278,21462.176530566794,0.1,29.0,803.0,,,4986.0,600940.9428558702,387425.6774057228,0.015000000000000003,499.0,,,,,,,,,,,,0,
39,31,necessity,-13295.293133943458,5214.6,1307.7367092840668,21820.83896125651,0.1,30.0,836.0,,,4986.0,632804.3298764388,646099.6230103823,0.01,499.0,,,,,,,,,,,,0,
40,31,necessity,201750.05239490734,4877.6,1831.274109517961,36442.26296538266,0.1,31.0,327.0,,,4986.0,1093267.8889614798,891517.8365665724,0.025,499.0,,,,,,,,,,,,0,
5,37,luxury,-2652272.7167165354,854.0,71557.50145185417,40158.00149739092,0.1,24.0,11.0,,,700.0,1003950.037434773,3656222.7541513084,0.37,70.0,,,,,,,,,,,,0,
6,37,luxury,-1154090.6327595166,913.0,35912.62773846584,32797.18816543316,0.1,23.0,11.0,,,700.0,787132.5159703959,1941223.1487299125,0.295,70.0,,,,,,,,,,,,0,
7,37,luxury,-590128.9199547471,972.0,17170.067563213364,17175.60457057062,0.1,22.0,34.0,,,700.0,395038.90512312425,985167.8250778713,0.21999999999999997,70.0,,,,,,,,,,,,0,
8,37,luxury,-4273309.2019951325,1008.0,81876.68410162417,26535.558961329745,0.1,23.0,5.0,,,700.0,583782.2971492544,4857091.4991443865,0.17999999999999997,70.0,,,,,,,,,,,,0,
9,37,luxury,-510713.90112184134,1073.0,14787.278172091846,17799.279152526993,0.1,22.0,116.0,,,700.0,409383.42050812085,920097.3216299622,0.12499999999999997,70.0,,,,,,,,,,,,0,
10,37,luxury,-3141767.2311817324,1027.0,75631.8522633647,77969.28490739338,0.1,23.0,11.0,,,700.0,1715324.2679626541,4857091.4991443865,0.08999999999999997,70.0,,,,,,,,,,,,0,
11,37,luxury,-189613.60241957929,1086.0,15396.428295322501,36171.75543030485,0.1,22.0,49.0,,,700.0,831950.3748970117,1021563.977316591,0.05499999999999997,70.0,,,,,,,,,,,,0,
12,37,luxury,-4102666.512673584,1107.0,70774.76083360735,34292.04483958193,0.1,21.0,0.0,,,700.0,754424.9864708026,4857091.4991443865,0.019999999999999976,70.0,,,,,,,,,,,,0,
13,37,luxury,-4636500.4991443865,1177.0,66898.07767482505,0.0,0.1,20.0,5.0,,,700.0,0.0,4636500.4991443865,0.01,70.0,,,,,,,,,,,,0,
14,37,luxury,-4081419.1107702614,1242.0,63715.264720293795,16724.519418706263,0.1,21.0,9.0,,,700.0,334490.38837412524,4415909.4991443865,0.01,70.0,,,,,,,,,,,,0,
15,37,luxury,-410898.91126765194,1303.0,14202.566321217611,27306.542022983056,0.1,22.0,52.0,,,700.0,573437.3824826442,984336.2937502961,0.01,70.0,,,,,,,,,,,,0,
16,37,luxury,-1759514.75249967,1321.0,36043.266388167845,33569.70221378708,0.1,23.0,19.0,,,700.0,738533.4487033158,2498048.201202986,0.01,70.0,,,,,,,,,,,,0,
17,37,luxury,-2770432.0987927048,1372.0,49854.380741645604,29774.872233703874,0.1,22.0,4.0,,,700.0,684822.0613751891,3455254.160167894,0.01,70.0,,,,,,,,,,,,0,
18,37,luxury,-1742124.7297486218,1438.0,28013.680674695363,9064.432862117383,0.1,21.0,11.0,,,700.0,199417.52296658242,1941542.2527152041,0.01,70.0,,,,,,,,,,,,0,
19,37,luxury,-676185.8063286471,1497.0,14202.566321217611,14673.832734364238,0.1,22.0,19.0,,,700.0,308150.487421649,984336.2937502961,0.01,70.0,,,,,,,,,,,,0,
20,37,luxury,-2293681.5457518804,1548.0,36988.0795989355,12265.852731960664,0.1,21.0,12.0,,,700.0,269848.7601031346,2563530.305855015,0.01,70.0,,,,,,,,,,,,0,
21,37,luxury,-540479.33856307,1606.0,14202.566321217611,21136.045485106002,0.1,22.0,36.0,,,700.0,443856.95518722606,984336.2937502961,0.01,70.0,,,,,,,,,,,,0,
22,37,luxury,-2015820.3341048635,1640.0,36462.62589175369,23240.563071083365,0.1,23.0,14.0,,,700.0,511292.387563834,2527112.7216686974,0.01,70.0,,,,,,,,,,,,0,
23,37,luxury,-3048647.1476466255,1696.0,51353.07282684881,22194.64184715442,0.1,22.0,9.0,,,700.0,510476.76248455164,3559123.9101311774,0.01,70.0,,,,,,,,,,,,0,
24,37,luxury,-1554169.8267711364,1757.0,29093.013256312715,21008.075247347242,0.1,21.0,18.0,,,700.0,462177.6554416393,2016347.4822127756,0.01,70.0,,,,,,,,,,,,0,
25,37,luxury,-512426.44899323664,1809.0,14949.452564764024,24936.8685054109,0.1,22.0,10.0,,,700.0,523674.2386136289,1036100.6876068655,0.01,70.0,,,,,,,,,,,,0,
26,37,luxury,-2384321.2091867924,1869.0,36559.34079462051,6795.205711256374,0.1,21.0,14.0,,,700.0,149494.52564764023,2533815.7348344326,0.01,70.0,,,,,,,,,,,,0,
27,37,luxury,-524269.9164821784,1925.0,14949.452564764024,24372.893863080342,0.1,22.0,27.0,,,700.0,511830.77112468716,1036100.6876068655,0.01,70.0,,,,,,,,,,,,0,
28,37,luxury,-2188428.088403588,1968.0,37399.7700475567,18347.05542039221,0.1,21.0,36.0,,,700.0,403635.21924862865,2592063.307652217,0.01,70.0,,,,,,,,,,,,0,
29,37,luxury,310291.0341051759,2002.0,14949.452564764024,64113.89151009721,0.1,22.0,52.0,,,700.0,1346391.7217120414,1036100.6876068655,0.01,70.0,,,,,,,,,,,,0,
30,37,luxury,-1696552.2003349871,2020.0,35695.18479063656,35335.06969853315,0.1,21.0,29.0,,,700.0,777371.5333677293,2473923.7337027164,0.01,70.0,,,,,,,,,,,,0,
31,37,luxury,-940.328678405378,2061.0,14949.452564764024,49293.35042516477,0.1,22.0,19.0,,,700.0,1035160.3589284602,1036100.6876068655,0.01,70.0,,,,,,,,,,,,0,
32,37,luxury,-2263901.5289284852,2112.0,36763.150031034886,12910.890851387112,0.1,21.0,26.0,,,700.0,284039.59873051645,2547941.127659002,0.01,70.0,,,,,,,,,,,,0,
33,37,luxury,-80258.78679995856,2156.0,14949.452564764024,45516.28099080509,0.1,22.0,77.0,,,700.0,955841.900806907,1036100.6876068655,0.01,70.0,,,,,,,,,,,,0,
34,37,luxury,-1389166.1579614338,2149.0,36652.52441214603,52323.08397667408,0.1,23.0,20.0,,,700.0,1151107.8474868299,2540274.0054482636,0.01,70.0,,,,,,,,,,,,0,
35,37,luxury,-2747212.0958185517,2199.0,50215.21656695529,31871.760358387848,0.1,22.0,36.0,,,700.0,733050.4882429205,3480262.584061472,0.01,70.0,,,,,,,,,,,,0,
36,37,luxury,-168341.4698096835,2233.0,28512.14471957329,82170.35438229049,0.1,23.0,54.0,,,700.0,1807747.7964103906,1976089.2662200741,0.01,70.0,,,,,,,,,,,,0,
37,37,luxury,-1954614.517155421,2249.0,50417.328355931066,66941.55716769381,0.1,22.0,9.0,,,700.0,1539655.8148569576,3494270.3320123786,0.01,70.0,,,,,,,,,,,,0,
38,37,luxury,-1522333.3110166946,2310.0,28512.14471957329,20625.27069106271,0.1,21.0,15.0,,,700.0,453755.9552033796,1976089.2662200741,0.01,70.0,,,,,,,,,,,,0,
39,37,luxury,-608418.5168132662,2365.0,14949.452564764024,20365.817656838062,0.1,20.0,62.0,,,700.0,427682.17079359933,1036100.6876068655,0.01,70.0,,,,,,,,,,,,0,
40,37,luxury,-3489043.440129017,2373.0,63715.264720293795,46343.30295076848,0.1,21.0,4.0,,,700.0,926866.0590153695,4415909.4991443865,0.01,70.0,,,,,,,,,,,,0,
5,38,luxury,-1931995.3833635212,700.4,110908.84536119613,13968.604280644648,0.1,76.0,4.0,,,364.0,1047645.3210483486,2979640.70441187,0.34,36.0,,,,,,,,,,,,0,
6,38,luxury,-3071416.783823708,732.4,123515.02404304499,5837.30765058927,0.1,75.0,8.0,,,364.0,443635.3814447845,3515052.1652684924,0.265,36.0,,,,,,,,,,,,0,
7,38,luxury,-1174653.8665447836,760.4,72092.4666270696,13174.935897924799,0.1,76.0,12.0,,,364.0,988120.1923443599,2162774.0588891436,0.2,36.0,,,,,,,,,,,,0,
8,38,luxury,-2647620.9348924933,784.4,111724.34306065273,11383.021046379412,0.1,75.0,5.0,,,364.0,865109.5995248352,3512730.5344173284,0.14500000000000002,36.0,,,,,,,,,,,,0,
9,38,luxury,-1604152.34358588,815.4,65483.99051958824,7448.289537376849,0.1,74.0,2.0,,,364.0,558621.7153032636,2162774.0588891436,0.09000000000000002,36.0,,,,,,,,,,,,0,
10,38,luxury,-1220914.0997619429,849.4,37927.8017689258,1769.8375816104929,0.1,73.0,0.0,,,364.0,130967.98103917648,1351882.0808011193,0.01,36.0,,,,,,,,,,,,0,
11,38,luxury,-539034.0753052091,885.4,15122.900025982257,0.0,0.1,72.0,50.0,,,364.0,0.0,539034.0753052091,0.01,36.0,,,,,,,,,,,,0,
12,38,luxury,-13144989.613149473,871.4,390004.04362747306,10502.013906932123,0.1,73.0,1.0,,,364.0,756145.0012991128,13901134.614448586,0.01,36.0,,,,,,,,,,,,0,
13,38,luxury,-436667.66015018173,906.4,23192.73326729717,5342.521145581823,0.1,72.0,18.0,,,364.0,390004.04362747306,826671.7037776548,0.01,36.0,,,,,,,,,,,,0,
14,38,luxury,-13483665.415637238,924.4,390004.04362747306,5798.183316824293,0.1,73.0,1.0,,,364.0,417469.1988113491,13901134.614448586,0.01,36.0,,,,,,,,,,,,0,
15,38,luxury,-503926.6126327794,959.4,25079.72049286485,5342.521145581823,0.1,72.0,15.0,,,364.0,390004.04362747306,893930.6562602525,0.01,36.0,,,,,,,,,,,,0,
16,38,luxury,-13524938.807055613,980.4,390004.04362747306,5224.941769346844,0.1,71.0,0.0,,,364.0,376195.80739297275,13901134.614448586,0.01,36.0,,,,,,,,,,,,0,
17,38,luxury,-13708113.614448586,1016.4,384588.7323890095,0.0,0.1,70.0,0.0,,,364.0,0.0,13708113.614448586,0.01,36.0,,,,,,,,,,,,0,
18,38,luxury,-13515092.614448586,1052.4,379173.42115054594,0.0,0.1,71.0,0.0,,,364.0,0.0,13515092.614448586,0.01,36.0,,,,,,,,,,,,0,
19,38,luxury,-810306.3187199084,1088.4,22733.593310375392,0.0,0.1,72.0,9.0,,,364.0,0.0,810306.3187199084,0.01,36.0,,,,,,,,,,,,0,
20,38,luxury,-1930228.4884868725,1115.4,59893.863240810846,2841.699163796924,0.1,73.0,4.0,,,364.0,204602.33979337855,2134830.828280251,0.01,36.0,,,,,,,,,,,,0,
21,38,luxury,-2760062.365796515,1147.4,84156.50313307924,3281.85552004443,0.1,74.0,12.0,,,364.0,239575.45296324338,2999637.818759758,0.01,36.0,,,,,,,,,,,,0,
22,38,luxury,-2556024.1098952037,1171.4,100043.3630256587,13647.000508066903,0.1,75.0,10.0,,,364.0,1009878.0375969509,3565902.1474921545,0.01,36.0,,,,,,,,,,,,0,
23,38,luxury,-3365010.7499019518,1197.4,122474.96393014335,13339.115070087828,0.1,74.0,0.0,,,364.0,1000433.630256587,4365444.380158539,0.01,36.0,,,,,,,,,,,,0,
24,38,luxury,-3040919.870598196,1233.4,85314.69399970789,0.0,0.1,73.0,14.0,,,364.0,0.0,3040919.870598196,0.01,36.0,,,,,,,,,,,,0,
25,38,luxury,-1046971.9219359013,1255.4,62883.093095223245,16361.722136930279,0.1,74.0,7.0,,,364.0,1194405.7159959103,2241377.6379318116,0.01,36.0,,,,,,,,,,,,0,
26,38,luxury,-3301850.7674577874,1284.4,104984.79550918884,5948.400698196793,0.1,73.0,3.0,,,364.0,440181.6516665627,3742032.41912435,0.01,36.0,,,,,,,,,,,,0,
27,38,luxury,-1926423.2514042452,1317.4,62883.093095223245,4314.443651062556,0.1,72.0,6.0,,,364.0,314954.38652756653,2241377.6379318116,0.01,36.0,,,,,,,,,,,,0,
28,38,luxury,-1057395.3750891504,1347.4,40251.13424294336,5240.25775793527,0.1,73.0,19.0,,,364.0,377298.55857133947,1434693.93366049,0.01,36.0,,,,,,,,,,,,0,
29,38,luxury,-1470988.344103211,1364.4,62725.48419280118,10476.322611177038,0.1,74.0,22.0,,,364.0,764771.5506159238,2235759.894719135,0.01,36.0,,,,,,,,,,,,0,
30,38,luxury,-2237621.7438962664,1378.4,101493.28107238862,18648.116922184137,0.1,75.0,5.0,,,364.0,1379960.652241626,3617582.3961378923,0.01,36.0,,,,,,,,,,,,0,
31,38,luxury,-3919520.413824724,1409.4,124201.57119936009,6766.218738159241,0.1,74.0,10.0,,,364.0,507466.4053619431,4426986.819186667,0.01,36.0,,,,,,,,,,,,0,
32,38,luxury,-1803148.6057743097,1435.4,85433.77431977265,16783.996108021634,0.1,75.0,0.0,,,364.0,1242015.711993601,3045164.3177679107,0.01,36.0,,,,,,,,,,,,0,
33,38,luxury,-4373467.551960795,1471.4,122700.0584661207,0.0,0.1,74.0,8.0,,,364.0,0.0,4373467.551960795,0.01,36.0,,,,,,,,,,,,0,
34,38,luxury,-2063563.8500389452,1499.4,85433.77431977265,13264.871185526561,0.1,75.0,4.0,,,364.0,981600.4677289656,3045164.3177679107,0.01,36.0,,,,,,,,,,,,0,
35,38,luxury,-3993266.4098668406,1531.4,121620.87223879217,4556.467963721208,0.1,74.0,5.0,,,364.0,341735.0972790906,4335001.507145931,0.01,36.0,,,,,,,,,,,,0,
36,38,luxury,-2437059.9565739497,1562.4,85433.77431977265,8217.626502621093,0.1,75.0,11.0,,,364.0,608104.3611939609,3045164.3177679107,0.01,36.0,,,,,,,,,,,,0,
37,38,luxury,-3398534.8338464876,1587.4,121713.59147677876,12530.286900233323,0.1,76.0,3.0,,,364.0,939771.5175174992,4338306.351363987,0.01,36.0,,,,,,,,,,,,0,
38,38,luxury,-4796321.7614787165,1620.4,144807.69490167915,4804.483874083373,0.1,75.0,6.0,,,364.0,365140.7744303363,5161462.535909053,0.01,36.0,,,,,,,,,,,,0,
39,38,luxury,-2999474.332902901,1650.4,108527.87774467301,11584.61559213433,0.1,76.0,6.0,,,364.0,868846.1694100748,3868320.502312976,0.01,36.0,,,,,,,,,,,,0,
40,38,luxury,-4471927.815055232,1680.4,143731.2746835341,8567.990348263658,0.1,75.0,3.0,,,364.0,651167.2664680381,5123095.081523269,0.01,36.0,,,,,,,,,,,,0,
