data/saved_data/run_2025_05_02_1721_lowered_population/firm_data.csv
Step,AgentID,FirmType,Profit,Inventory,ProductPrice,RevenuePerEmployee,ProductionLevel,NumEmployees,DemandReceived,InventoryDemandRatio,SellThroughRate,ProductionCapacity,Revenue,Costs,Markup,ProducedUnits,IncomeBracket,NumPeople,SpendRatio,PostTaxIncome,HouseholdExpense,HouseholdSavings,HealthLevel,Welfare,SkillLevel,SkillType,JobLevel,IsEmployed,Wage
5,42,luxury,-2266449.617576324,400.4,92447.8022479347,26294.963198968355,0.1,30.0,10.0,,,454.0,815143.859168019,3081593.476744343,0.35000000000000003,45.0,,,,,,,,,,,,0,
6,42,luxury,-870165.0290884872,435.4,50848.21866446155,30815.934082644897,0.1,31.0,25.0,,,454.0,924478.022479347,1794643.051567834,0.275,45.0,,,,,,,,,,,,0,
7,42,luxury,-1935048.3655177539,455.4,88350.10363311598,41006.627955210926,0.1,32.0,1.0,,,454.0,1271205.4666115388,3206253.8321292927,0.24000000000000002,45.0,,,,,,,,,,,,0,
8,42,luxury,-3728331.756670998,499.4,100505.95342120939,2760.9407385348745,0.1,31.0,9.0,,,454.0,88350.10363311598,3816681.860304114,0.18500000000000003,45.0,,,,,,,,,,,,0,
9,42,luxury,-1500517.4989517713,535.4,58790.62508725103,29179.147767447885,0.1,32.0,14.0,,,454.0,904553.5807908844,2405071.0797426556,0.10000000000000002,45.0,,,,,,,,,,,,0,
10,42,luxury,-2941953.835472237,566.4,87432.18923695068,25720.898475672326,0.1,31.0,7.0,,,454.0,823068.7512215144,3765022.586693751,0.045000000000000026,45.0,,,,,,,,,,,,0,
11,42,luxury,-1793045.755084001,604.4,53980.48303465776,19742.752408343702,0.1,30.0,0.0,,,454.0,612025.3246586547,2405071.0797426556,0.01,45.0,,,,,,,,,,,,0,
12,42,luxury,-1528847.5554194392,649.4,34314.13325910001,0.0,0.1,29.0,12.0,,,454.0,0.0,1528847.5554194392,0.01,45.0,,,,,,,,,,,,0,
13,42,luxury,-202783.7004755218,682.4,13793.307084161379,14198.951693420693,0.1,30.0,68.0,,,454.0,411769.5991092001,614553.2995847219,0.01,45.0,,,,,,,,,,,,0,
14,42,luxury,-588301.1565219787,659.4,34255.743652703524,31264.829390765794,0.1,31.0,14.0,,,454.0,937944.8817229738,1526246.0382449524,0.01,45.0,,,,,,,,,,,,0,
15,42,luxury,-1882850.0634352842,690.4,53023.43836212059,15470.33584315643,0.1,30.0,17.0,,,454.0,479580.4111378493,2362430.4745731335,0.01,45.0,,,,,,,,,,,,0,
16,42,luxury,-624847.5860889023,718.4,34255.743652703524,30046.61507186834,0.1,31.0,29.0,,,454.0,901398.4521560501,1526246.0382449524,0.01,45.0,,,,,,,,,,,,0,
17,42,luxury,-1438923.3958386737,734.4,54592.517928716195,32045.69567510975,0.1,32.0,11.0,,,454.0,993416.5659284022,2432339.961767076,0.01,45.0,,,,,,,,,,,,0,
18,42,luxury,-3210880.0756577533,768.4,85544.7036679481,18766.178037996193,0.1,31.0,14.0,,,454.0,600517.6972158782,3811397.7728736317,0.01,45.0,,,,,,,,,,,,0,
19,42,luxury,-1234714.1104158028,799.4,54592.517928716195,38633.09197907333,0.1,32.0,4.0,,,454.0,1197625.8513512732,2432339.961767076,0.01,45.0,,,,,,,,,,,,0,
20,42,luxury,-3552748.2103029294,840.4,84640.65289327377,6824.064741089524,0.1,31.0,11.0,,,454.0,218370.07171486478,3771118.282017794,0.01,45.0,,,,,,,,,,,,0,
21,42,luxury,-1501292.7799410645,874.4,54592.517928716195,30033.780058903598,0.1,32.0,14.0,,,454.0,931047.1818260115,2432339.961767076,0.01,45.0,,,,,,,,,,,,0,
22,42,luxury,-3201049.4670615513,905.4,88999.95724987237,23884.226593813335,0.1,31.0,3.0,,,454.0,764295.2510020267,3965344.718063578,0.01,45.0,,,,,,,,,,,,0,
23,42,luxury,-2165340.090017459,947.4,54592.517928716195,8612.899088697326,0.1,30.0,2.0,,,454.0,266999.8717496171,2432339.961767076,0.01,45.0,,,,,,,,,,,,0,
24,42,luxury,-1417061.0023875202,990.4,34255.743652703524,3639.501195247746,0.1,29.0,26.0,,,454.0,109185.03585743239,1526246.0382449524,0.01,45.0,,,,,,,,,,,,0,
25,42,luxury,276096.0353855697,1009.4000000000001,13793.307084161379,30712.04603345833,0.1,30.0,26.0,,,454.0,890649.3349702916,614553.2995847219,0.01,45.0,,,,,,,,,,,,0,
26,42,luxury,-1165427.9412377968,1028.4,34206.54289941578,11954.199472939861,0.1,29.0,27.0,,,454.0,358625.98418819584,1524053.9254259926,0.01,45.0,,,,,,,,,,,,0,
27,42,luxury,309023.35869950405,1046.4,13793.307084161379,31847.470975318138,0.1,30.0,19.0,,,454.0,923576.658284226,614553.2995847219,0.01,45.0,,,,,,,,,,,,0,
28,42,luxury,-1169258.62136047,1072.4,32125.438630970963,8735.761153302206,0.1,29.0,26.0,,,454.0,262072.8345990662,1431331.4559595364,0.01,45.0,,,,,,,,,,,,0,
29,42,luxury,220708.10482052306,1091.4,13793.307084161379,28802.11739328431,0.1,30.0,38.0,,,454.0,835261.404405245,614553.2995847219,0.01,45.0,,,,,,,,,,,,0,
30,42,luxury,-914969.3169941651,1098.4,32300.135638979664,17471.522306604413,0.1,29.0,13.0,,,454.0,524145.6691981324,1439114.9861922974,0.01,45.0,,,,,,,,,,,,0,
31,42,luxury,-194651.5362779863,1130.4,13793.307084161379,14479.371148508124,0.1,28.0,80.0,,,454.0,419901.7633067356,614553.2995847219,0.01,45.0,,,,,,,,,,,,0,
32,42,luxury,-4421756.70467699,1095.4,124010.51911363292,39409.44881188965,0.1,29.0,5.0,,,454.0,1103464.5667329102,5525221.271409901,0.01,45.0,,,,,,,,,,,,0,
33,42,luxury,-230134.2707680046,1135.4,19081.971464834656,21381.123985109123,0.1,28.0,30.0,,,454.0,620052.5955681646,850186.8663361692,0.01,45.0,,,,,,,,,,,,0,
34,42,luxury,-4952762.127464861,1150.4,124010.51911363292,20444.96942660856,0.1,27.0,2.0,,,454.0,572459.1439450397,5525221.271409901,0.01,45.0,,,,,,,,,,,,0,
35,42,luxury,-5080018.233182635,1193.4,119584.87876753604,9185.964378787625,0.1,26.0,0.0,,,454.0,248021.03822726585,5328039.271409901,0.01,45.0,,,,,,,,,,,,0,
36,42,luxury,-5130857.271409901,1238.4,115159.23842143915,0.0,0.1,25.0,5.0,,,454.0,0.0,5130857.271409901,0.01,45.0,,,,,,,,,,,,0,
37,42,luxury,-4357879.079302705,1278.4,110733.59807534226,23031.84768428783,0.1,26.0,8.0,,,454.0,575796.1921071957,4933675.271409901,0.01,45.0,,,,,,,,,,,,0,
38,42,luxury,61752.78627807798,1315.4,18496.825329135143,34071.87633087454,0.1,27.0,44.0,,,454.0,885868.7846027381,824115.9983246601,0.01,45.0,,,,,,,,,,,,0,
39,42,luxury,-1363333.2859902917,1316.4,48865.899724690236,30142.974610442456,0.1,26.0,14.0,,,454.0,813860.3144819463,2177193.600472238,0.01,45.0,,,,,,,,,,,,0,
40,42,luxury,-139993.40217899682,1347.4,18496.825329135143,26312.40754406397,0.1,25.0,44.0,,,454.0,684122.5961456633,824115.9983246601,0.01,45.0,,,,,,,,,,,,0,
5,43,luxury,-3243585.7868496985,760.7,74938.01516276864,0.0,0.1,57.0,6.0,,,577.0,0.0,3243585.7868496985,0.34,58.0,,,,,,,,,,,,0,
6,43,luxury,-1419065.735396136,812.7,40756.856027666734,7888.212122396699,0.1,58.0,5.0,,,577.0,449628.0909766118,1868693.826372748,0.265,58.0,,,,,,,,,,,,0,
7,43,luxury,-3096722.592829463,865.7,69993.506616498,3513.5220713505805,0.1,57.0,5.0,,,577.0,203784.28013833368,3300506.872967797,0.23,58.0,,,,,,,,,,,,0,
8,43,luxury,-1518726.293290258,918.7,37373.875883077795,6139.781282148947,0.1,58.0,0.0,,,577.0,349967.53308249,1868693.826372748,0.16000000000000003,58.0,,,,,,,,,,,,0,
9,43,luxury,-3490903.9694375456,976.7,65604.91829451737,0.0,0.1,57.0,7.0,,,577.0,0.0,3490903.9694375456,0.09000000000000004,58.0,,,,,,,,,,,,0,
10,43,luxury,-1409459.3983111265,1027.7,32541.047105093596,8056.744351958273,0.1,58.0,20.0,,,577.0,459234.42806162155,1868693.826372748,0.01,58.0,,,,,,,,,,,,0,
11,43,luxury,-2569624.676748949,1065.7,56080.172740675116,11221.050725894343,0.1,59.0,11.0,,,577.0,650820.942101872,3220445.618850821,0.01,58.0,,,,,,,,,,,,0,
12,43,luxury,-3168965.63265609,1112.7,65925.96452078599,10455.625426227563,0.1,58.0,6.0,,,577.0,616881.9001474263,3785847.5328035164,0.01,58.0,,,,,,,,,,,,0,
13,43,luxury,-2038539.9532007275,1164.7,42386.838885204466,6819.92736421924,0.1,57.0,6.0,,,577.0,395555.7871247159,2434095.7403254434,0.01,58.0,,,,,,,,,,,,0,
14,43,luxury,-1289569.967608083,1216.7,26884.998000750085,4461.77251423205,0.1,56.0,1.0,,,577.0,254321.0333112268,1543891.00091931,0.01,58.0,,,,,,,,,,,,0,
15,43,luxury,-547085.3481318983,1273.7,9995.000682740936,480.0892500133944,0.1,55.0,77.0,,,577.0,26884.998000750085,573970.3461326484,0.01,58.0,,,,,,,,,,,,0,
16,43,luxury,-10715033.379608901,1254.7,199991.28821569768,13993.000955837311,0.1,56.0,2.0,,,577.0,769615.0525710521,11484648.432179954,0.01,58.0,,,,,,,,,,,,0,
17,43,luxury,-498886.1299063851,1310.7,15652.713409455948,7142.546007703489,0.1,55.0,52.0,,,577.0,399982.57643139537,898868.7063377805,0.01,58.0,,,,,,,,,,,,0,
18,43,luxury,-10670707.334888244,1316.7,199991.28821569768,14798.929041667441,0.1,56.0,6.0,,,577.0,813941.0972917093,11484648.432179954,0.01,58.0,,,,,,,,,,,,0,
19,43,luxury,262095.98055200605,1368.7,16331.556032724926,21427.638023110463,0.1,57.0,35.0,,,577.0,1199947.729294186,937851.74874218,0.01,58.0,,,,,,,,,,,,0,
20,43,luxury,-1825552.3287985886,1391.7,41743.59165689326,10028.148441146883,0.1,56.0,8.0,,,577.0,571604.4611453724,2397156.789943961,0.01,58.0,,,,,,,,,,,,0,
21,43,luxury,-603903.0154870339,1441.7,16331.556032724926,5963.370236699037,0.1,55.0,23.0,,,577.0,333948.7332551461,937851.74874218,0.01,58.0,,,,,,,,,,,,0,
22,43,luxury,-11109022.64342728,1476.7,199991.28821569768,6829.559795503151,0.1,56.0,6.0,,,577.0,375625.7887526733,11484648.432179954,0.01,58.0,,,,,,,,,,,,0,
23,43,luxury,220697.95485379943,1528.7,17052.45267469548,21427.638023110463,0.1,57.0,93.0,,,577.0,1199947.729294186,979249.7744403866,0.01,58.0,,,,,,,,,,,,0,
24,43,luxury,-887123.9402453988,1493.7,43064.34510892508,27822.42278502947,0.1,58.0,19.0,,,577.0,1585878.0987466797,2473002.0389920785,0.01,58.0,,,,,,,,,,,,0,
25,43,luxury,-2518388.0102256043,1532.7,58103.045083880825,14107.285466716838,0.1,57.0,8.0,,,577.0,818222.5570695766,3336610.567295181,0.01,58.0,,,,,,,,,,,,0,
26,43,luxury,-1378033.9420724427,1582.7,32091.152649651238,8154.81334510608,0.1,56.0,34.0,,,577.0,464824.3606710466,1842858.3027434894,0.01,58.0,,,,,,,,,,,,0,
27,43,luxury,111849.41564775561,1606.7,17052.45267469548,19483.914108716825,0.1,57.0,93.0,,,577.0,1091099.1900881422,979249.7744403866,0.01,58.0,,,,,,,,,,,,0,
28,43,luxury,-822708.9308664547,1571.7,41942.63548218329,27822.42278502947,0.1,58.0,11.0,,,577.0,1585878.0987466797,2408587.0296131345,0.01,58.0,,,,,,,,,,,,0,
29,43,luxury,-2836935.379821529,1618.7,57435.988903289865,7954.637763862347,0.1,57.0,0.0,,,577.0,461368.99030401616,3298304.370125545,0.01,58.0,,,,,,,,,,,,0,
30,43,luxury,-1868967.1149527973,1676.7,32545.806095802054,0.0,0.1,56.0,13.0,,,577.0,0.0,1868967.1149527973,0.01,58.0,,,,,,,,,,,,0,
31,43,luxury,-556154.2951949599,1721.7,17052.45267469548,7555.276415096906,0.1,57.0,36.0,,,577.0,423095.4792454267,979249.7744403866,0.01,58.0,,,,,,,,,,,,0,
32,43,luxury,-1864751.9416368015,1743.7,43162.52753694086,10769.970110333987,0.1,58.0,20.0,,,577.0,613888.2962890372,2478640.2379258387,0.01,58.0,,,,,,,,,,,,0,
33,43,luxury,-2520806.3477660194,1781.7,58929.265664838276,14883.630185152022,0.1,59.0,7.0,,,577.0,863250.5507388173,3384056.898504837,0.01,58.0,,,,,,,,,,,,0,
34,43,luxury,-3603581.982711728,1832.7,69935.30415265428,6991.607790743525,0.1,58.0,3.0,,,577.0,412504.85965386796,4016086.842365596,0.01,58.0,,,,,,,,,,,,0,
35,43,luxury,-2306890.4664221806,1887.7,43825.2292904089,3617.3433182407384,0.1,57.0,8.0,,,577.0,209805.91245796284,2516696.3788801436,0.01,58.0,,,,,,,,,,,,0,
36,43,luxury,-1260677.883977874,1937.7,28058.491162511473,6150.909374092476,0.1,58.0,19.0,,,577.0,350601.8343232712,1611279.7183011451,0.01,58.0,,,,,,,,,,,,0,
37,43,luxury,-1975258.3241837625,1976.7,43680.22946817183,9191.57469116755,0.1,59.0,31.0,,,577.0,533111.332087718,2508369.6562714805,0.01,58.0,,,,,,,,,,,,0,
38,43,luxury,-2669737.776235924,2003.7,70070.05290649467,22950.629042598757,0.1,60.0,14.0,,,577.0,1354087.1135133267,4023824.889749251,0.01,58.0,,,,,,,,,,,,0,
39,43,luxury,-3909291.684127981,2047.6999999999998,85158.19075705008,16349.679011515424,0.1,59.0,6.0,,,577.0,980980.7406909254,4890272.424818906,0.01,58.0,,,,,,,,,,,,0,
40,43,luxury,-2863868.0467988355,2099.7,58768.36731872725,8660.154992242382,0.1,58.0,17.0,,,577.0,510949.1445423005,3374817.191341136,0.01,58.0,,,,,,,,,,,,0,
5,44,luxury,319088.2422755264,973.5999999999999,24158.810416420576,15230.385468190976,0.1,81.0,23.0,,,506.0,1218430.837455278,899342.5951797516,0.37,51.0,,,,,,,,,,,,0,
6,44,luxury,-1806883.567479556,1001.5999999999999,61379.61594061202,6859.9091305885595,0.1,80.0,10.0,,,506.0,555652.6395776733,2362536.2070572292,0.325,51.0,,,,,,,,,,,,0,
7,44,luxury,-285546.43577363144,1042.6,22219.05191583206,7672.451992576503,0.1,81.0,23.0,,,506.0,613796.1594061202,899342.5951797516,0.26,51.0,,,,,,,,,,,,0,
8,44,luxury,-1823932.7612118656,1070.6,55169.41070467007,6309.11350696466,0.1,80.0,10.0,,,506.0,511038.1940641374,2334970.955276003,0.20500000000000002,51.0,,,,,,,,,,,,0,
9,44,luxury,-347648.48813305097,1111.6,20279.29341524355,6896.176338083758,0.1,81.0,48.0,,,506.0,551694.1070467007,899342.5951797516,0.15000000000000002,51.0,,,,,,,,,,,,0,
10,44,luxury,-1552469.3138076446,1114.6,55222.56888738803,12017.359060885066,0.1,82.0,12.0,,,506.0,973406.0839316903,2525875.397739335,0.11500000000000002,51.0,,,,,,,,,,,,0,
11,44,luxury,-2804180.891275808,1153.6,73415.68199887725,8081.351544495808,0.1,81.0,15.0,,,506.0,662670.8266486563,3466851.7179244645,0.08000000000000002,51.0,,,,,,,,,,,,0,
12,44,luxury,-739083.6853817224,1189.6,36625.95416606667,13595.496666458748,0.1,82.0,28.0,,,506.0,1101235.2299831586,1840318.915364881,0.015000000000000013,51.0,,,,,,,,,,,,0,
13,44,luxury,-2312524.824526822,1212.6,66106.50961729306,12506.423373778865,0.1,81.0,14.0,,,506.0,1025526.7166498669,3338051.541176689,0.01,51.0,,,,,,,,,,,,0,
14,44,luxury,-914827.7807227782,1249.6,36445.530746529395,11425.816477063,0.1,80.0,22.0,,,506.0,925491.1346421029,1840318.915364881,0.01,51.0,,,,,,,,,,,,0,
15,44,luxury,-146626.80044826434,1278.6,18782.602801137793,10022.520955295584,0.1,79.0,53.0,,,506.0,801801.6764236467,948428.4768719111,0.01,51.0,,,,,,,,,,,,0,
16,44,luxury,-15539722.208226478,1276.6,332325.09467213444,12600.986689370924,0.1,80.0,1.0,,,506.0,995477.948460303,16535200.156686781,0.025,51.0,,,,,,,,,,,,0,
17,44,luxury,-596311.8538327769,1326.6,18390.652933319758,4154.0636834016805,0.1,79.0,9.0,,,506.0,332325.09467213444,928636.9485049114,0.01,51.0,,,,,,,,,,,,0,
18,44,luxury,-16369684.280286903,1368.6,327461.80060376175,2095.1376759478208,0.1,78.0,1.0,,,506.0,165515.87639987783,16535200.156686781,0.01,51.0,,,,,,,,,,,,0,
19,44,luxury,-15998526.356083019,1418.6,323318.5826457856,4198.22821286874,0.1,79.0,2.0,,,506.0,327461.80060376175,16325988.156686781,0.01,51.0,,,,,,,,,,,,0,
20,44,luxury,-230833.0455750581,1467.6,17377.350894077346,8185.280573311027,0.1,80.0,44.0,,,506.0,646637.1652915712,877470.2108666293,0.01,51.0,,,,,,,,,,,,0,
21,44,luxury,-1588566.376973178,1474.6,46601.98956615133,9557.54299174254,0.1,81.0,9.0,,,506.0,764603.4393394033,2353169.8163125813,0.01,51.0,,,,,,,,,,,,0,
22,44,luxury,-2850333.220657495,1516.6,64753.89359346063,5177.998840683481,0.1,80.0,14.0,,,506.0,419417.906095362,3269751.1267528567,0.01,51.0,,,,,,,,,,,,0,
23,44,luxury,-887497.0109984559,1553.6,35529.254921386644,11331.93137885561,0.1,81.0,20.0,,,506.0,906554.5103084488,1794051.5213069047,0.01,51.0,,,,,,,,,,,,0,
24,44,luxury,-2454236.2709145,1584.6,62675.87294823103,8772.655536144852,0.1,80.0,25.0,,,506.0,710585.0984277329,3164821.369342233,0.01,51.0,,,,,,,,,,,,0,
25,44,luxury,-227154.69760112907,1610.6,35529.254921386644,19586.210296322195,0.1,81.0,18.0,,,506.0,1566896.8237057757,1794051.5213069047,0.01,51.0,,,,,,,,,,,,0,
26,44,luxury,-2600084.4739449434,1643.6,64157.002137219606,7895.389982530366,0.1,80.0,24.0,,,506.0,639526.5885849596,3239611.062529903,0.01,51.0,,,,,,,,,,,,0,
27,44,luxury,-254283.47001363407,1670.6,35529.254921386644,19247.100641165882,0.1,81.0,11.0,,,506.0,1539768.0512932707,1794051.5213069047,0.01,51.0,,,,,,,,,,,,0,
28,44,luxury,-2796101.1016517137,1710.6,63113.5700339464,4824.960544879667,0.1,80.0,10.0,,,506.0,390821.80413525307,3186922.905786967,0.01,51.0,,,,,,,,,,,,0,
29,44,luxury,-1162915.8209674407,1751.6,35529.254921386644,7889.1962542433,0.1,81.0,6.0,,,506.0,631135.700339464,1794051.5213069047,0.01,51.0,,,,,,,,,,,,0,
30,44,luxury,-3031574.9243903775,1796.6,64258.78223919809,2631.796660843455,0.1,80.0,4.0,,,506.0,213175.52952831986,3244750.4539186973,0.01,51.0,,,,,,,,,,,,0,
31,44,luxury,-1537016.3923501123,1843.6,35529.254921386644,3212.9391119599045,0.1,81.0,15.0,,,506.0,257035.12895679235,1794051.5213069047,0.01,51.0,,,,,,,,,,,,0,
32,44,luxury,-2663172.9745612685,1879.6,63295.54613863417,6579.491652108638,0.1,82.0,11.0,,,506.0,532938.8238207997,3196111.798382068,0.01,51.0,,,,,,,,,,,,0,
33,44,luxury,-3062591.994602226,1919.6,74439.83054330674,8490.865945426536,0.1,83.0,14.0,,,506.0,696251.0075249759,3758843.002127202,0.01,51.0,,,,,,,,,,,,0,
34,44,luxury,-3686760.380615242,1956.6,93651.11950299278,12556.115995256558,0.1,84.0,8.0,,,506.0,1042157.6276062944,4728918.008221536,0.01,51.0,,,,,,,,,,,,0,
35,44,luxury,-4869426.5147172455,1999.6,111271.01400348208,8919.154238380264,0.1,83.0,2.0,,,506.0,749208.9560239422,5618635.470741188,0.01,51.0,,,,,,,,,,,,0,
36,44,luxury,-3994033.1656590607,2048.6,83504.72278623456,2681.229253095954,0.1,82.0,7.0,,,506.0,222542.02800696416,4216575.193666025,0.01,51.0,,,,,,,,,,,,0,
37,44,luxury,-2762024.079982536,2092.6,66274.95381580561,7128.451945166365,0.1,83.0,10.0,,,506.0,584533.0595036419,3346557.139486178,0.01,51.0,,,,,,,,,,,,0,
38,44,luxury,-4138122.2275387393,2133.6,95076.08604466035,7984.934194675375,0.1,84.0,10.0,,,506.0,662749.5381580561,4800871.765696796,0.01,51.0,,,,,,,,,,,,0,
39,44,luxury,-4747790.401338652,2174.6,112853.66003038133,11318.581671983375,0.1,85.0,7.0,,,506.0,950760.8604466035,5698551.261785255,0.01,51.0,,,,,,,,,,,,0,
40,44,luxury,-6360642.091081349,2218.6,141610.2695450331,9293.830826031404,0.1,84.0,4.0,,,506.0,789975.6202126694,7150617.711294019,0.01,51.0,,,,,,,,,,,,0,
