data/saved_data/run_2025_05_02_1721_lowered_population/firm_data.csv
Step,AgentID,FirmType,Profit,Inventory,ProductPrice,RevenuePerEmployee,ProductionLevel,NumEmployees,DemandReceived,InventoryDemandRatio,SellThroughRate,ProductionCapacity,Revenue,Costs,Markup,ProducedUnits,IncomeBracket,NumPeople,SpendRatio,PostTaxIncome,HouseholdExpense,HouseholdSavings,HealthLevel,Welfare,SkillLevel,SkillType,JobLevel,IsEmployed,Wage
5,48,luxury,-521325.26054066676,123.30000000000001,111254.07636321736,80170.39000939057,0.1,24.0,14.0,,,273.0,1843918.970215983,2365244.2307566497,0.26999999999999996,27.0,,,,,,,,,,,,0,
6,48,luxury,-1520723.688526361,136.3,139662.7329041199,64898.2112118768,0.1,23.0,0.0,,,273.0,1557557.0690850432,3078280.757611404,0.22499999999999998,27.0,,,,,,,,,,,,0,
7,48,luxury,-1922016.9185061897,163.3,82575.53862561633,0.0,0.1,22.0,13.0,,,273.0,0.0,1922016.9185061897,0.15999999999999998,27.0,,,,,,,,,,,,0,
8,48,luxury,-144098.80229014228,177.3,49830.6199650728,48794.636460591464,0.1,23.0,43.0,,,273.0,1073482.0021330123,1217580.8044231546,0.10499999999999998,27.0,,,,,,,,,,,,0,
9,48,luxury,-211048.8912147358,161.3,95894.14847370386,93161.59384774479,0.1,24.0,15.0,,,273.0,2142716.6584981303,2353765.549712866,0.09999999999999998,27.0,,,,,,,,,,,,0,
10,48,luxury,-1688786.2798745567,173.3,125667.04645949547,59933.84279606491,0.1,23.0,5.0,,,273.0,1438412.227105558,3127198.5069801146,0.08499999999999998,27.0,,,,,,,,,,,,0,
11,48,luxury,-1362678.5293929258,195.3,75216.07265585699,27318.923143368578,0.1,22.0,11.0,,,273.0,628335.2322974773,1991013.761690403,0.019999999999999976,27.0,,,,,,,,,,,,0,
12,48,luxury,-450600.435621222,211.3,47805.81331030341,37608.036327928494,0.1,23.0,21.0,,,273.0,827376.7992144269,1277977.234835649,0.01,27.0,,,,,,,,,,,,0,
13,48,luxury,-1359985.417970798,217.3,88427.6475568294,43648.786065929206,0.1,24.0,7.0,,,273.0,1003922.0795163717,2363907.4974871697,0.01,27.0,,,,,,,,,,,,0,
14,48,luxury,-2424992.9544816036,237.3,113867.63845872463,25791.39720407524,0.1,23.0,11.0,,,273.0,618993.5328978058,3043986.4873794094,0.01,27.0,,,,,,,,,,,,0,
15,48,luxury,-705512.2016819175,253.3,73245.80421219864,54458.43578460743,0.1,24.0,11.0,,,273.0,1252544.0230459708,1958056.2247278884,0.01,27.0,,,,,,,,,,,,0,
16,48,luxury,-2270599.7441315562,269.3,115076.53745532819,33570.99359725771,0.1,23.0,10.0,,,273.0,805703.846334185,3076303.590465741,0.01,27.0,,,,,,,,,,,,0,
17,48,luxury,-807290.8501746065,286.3,73245.80421219864,50033.27715449051,0.1,24.0,18.0,,,273.0,1150765.3745532818,1958056.2247278884,0.01,27.0,,,,,,,,,,,,0,
18,48,luxury,-1855046.2782121834,295.3,118711.30899484323,54934.353159148974,0.1,25.0,9.0,,,273.0,1318424.4758195754,3173470.7540317588,0.01,27.0,,,,,,,,,,,,0,
19,48,luxury,-2539555.034015592,313.3,134964.3054872062,42736.071238143566,0.1,24.0,4.0,,,273.0,1068401.7809535891,3607956.8149691815,0.01,27.0,,,,,,,,,,,,0,
20,48,luxury,-1852685.0637164866,336.3,89498.80070456163,22494.050914534368,0.1,23.0,7.0,,,273.0,539857.2219488248,2392542.2856653114,0.01,27.0,,,,,,,,,,,,0,
21,48,luxury,-1085971.6908411402,356.3,64058.80980266639,27238.765431823103,0.1,24.0,38.0,,,273.0,626491.6049319314,1712463.2957730717,0.01,27.0,,,,,,,,,,,,0,
22,48,luxury,-401207.6602119538,345.3,106066.54633236531,101426.44885422179,0.1,25.0,5.0,,,273.0,2434234.772501323,2835442.4327132767,0.01,27.0,,,,,,,,,,,,0,
23,48,luxury,-3063873.9397200383,367.3,134449.94828317538,21213.309266473065,0.1,24.0,7.0,,,273.0,530332.7316618266,3594206.671381865,0.01,27.0,,,,,,,,,,,,0,
24,48,luxury,-1530077.8964594323,387.3,92442.21175347648,39214.568249259486,0.1,25.0,22.0,,,273.0,941149.6379822277,2471227.53444166,0.01,27.0,,,,,,,,,,,,0,
25,48,luxury,-1558968.8343120592,392.3,134393.49383051606,81349.14634305931,0.1,26.0,8.0,,,273.0,2033728.6585764827,3592697.492888542,0.01,27.0,,,,,,,,,,,,0,
26,48,luxury,-3265030.6689804983,411.3,162354.8238320759,41351.8442555434,0.1,25.0,6.0,,,273.0,1075147.9506441285,4340178.619624627,0.01,27.0,,,,,,,,,,,,0,
27,48,luxury,-2244579.7181852898,432.3,120403.54175503632,38965.15771969821,0.1,24.0,8.0,,,273.0,974128.9429924553,3218708.661177745,0.01,27.0,,,,,,,,,,,,0,
28,48,luxury,-1507999.2004013695,451.3,92442.21175347648,40134.51391834544,0.1,25.0,2.0,,,273.0,963228.3340402906,2471227.53444166,0.01,27.0,,,,,,,,,,,,0,
29,48,luxury,-3378542.9314067205,476.3,133298.57389497172,7395.376940278119,0.1,24.0,5.0,,,273.0,184884.42350695297,3563427.3549136734,0.01,27.0,,,,,,,,,,,,0,
30,48,luxury,-1804734.6649668016,498.3,92442.21175347648,27770.53622811911,0.1,25.0,11.0,,,273.0,666492.8694748586,2471227.53444166,0.01,27.0,,,,,,,,,,,,0,
31,48,luxury,-2566539.8533337307,514.3,134045.85520008655,40674.57317152966,0.1,26.0,14.0,,,273.0,1016864.3292882413,3583404.182621972,0.01,27.0,,,,,,,,,,,,0,
32,48,luxury,-2431652.7415760388,527.3,161162.12964292197,72178.53741543122,0.1,27.0,8.0,,,273.0,1876641.9728012118,4308294.7143772505,0.01,27.0,,,,,,,,,,,,0,
33,48,luxury,-4137094.1237573717,546.3,202987.2173897236,47751.74211642132,0.1,26.0,5.0,,,273.0,1289297.0371433757,5426391.160900747,0.01,27.0,,,,,,,,,,,,0,
34,48,luxury,-3299278.4257718176,568.3,161383.57394311356,39036.00334417762,0.1,25.0,9.0,,,273.0,1014936.0869486181,4314214.512720436,0.01,27.0,,,,,,,,,,,,0,
35,48,luxury,-1743665.900708917,586.3,119558.48619631193,58098.08661952088,0.1,26.0,6.0,,,273.0,1452452.165488022,3196118.066196939,0.01,27.0,,,,,,,,,,,,0,
36,48,luxury,-3613894.2895888435,607.3,162020.64803013828,27590.4198914566,0.1,25.0,6.0,,,273.0,717350.9171778716,4331245.206766715,0.01,27.0,,,,,,,,,,,,0,
37,48,luxury,-2223994.1780161094,628.3,119558.48619631193,38884.955527233185,0.1,26.0,8.0,,,273.0,972123.8881808297,3196118.066196939,0.01,27.0,,,,,,,,,,,,0,
38,48,luxury,-3380385.0703115663,647.3,162230.41952779493,36787.22652194213,0.1,25.0,6.0,,,273.0,956467.8895704955,4336852.959882062,0.01,27.0,,,,,,,,,,,,0,
39,48,luxury,-2222735.5490301694,668.3,119558.48619631193,38935.30068667079,0.1,26.0,7.0,,,273.0,973382.5171667696,3196118.066196939,0.01,27.0,,,,,,,,,,,,0,
5,51,luxury,376477.0759743415,229.5,58443.087088379994,75959.4342463751,0.1,30.0,41.0,,,405.0,2202823.593144878,1826346.5171705363,0.27999999999999997,40.0,,,,,,,,,,,,0,
6,51,luxury,-38001.665901886765,228.5,76372.02651168585,79872.219020786,0.1,31.0,13.0,,,405.0,2396166.57062358,2434168.2365254667,0.25499999999999995,40.0,,,,,,,,,,,,0,
7,51,luxury,-1879468.8546637013,255.5,85451.07754336268,32026.97885973923,0.1,30.0,16.0,,,405.0,992836.3446519161,2872305.1993156173,0.18999999999999995,40.0,,,,,,,,,,,,0,
8,51,luxury,-581998.1632412435,279.5,53847.07418752881,45573.908023126765,0.1,31.0,29.0,,,405.0,1367217.240693803,1949215.4039350464,0.10499999999999994,40.0,,,,,,,,,,,,0,
9,51,luxury,-1392072.0698929555,290.5,79748.20298223977,50373.06940123663,0.1,32.0,6.0,,,405.0,1561565.1514383354,2953637.221331291,0.07999999999999993,40.0,,,,,,,,,,,,0,
10,51,luxury,-3008710.609834457,324.5,89359.49335153999,14952.788059169958,0.1,31.0,23.0,,,405.0,478489.21789343865,3487199.827727895,0.02499999999999994,40.0,,,,,,,,,,,,0,
11,51,luxury,-427509.6632462309,341.5,62690.143193620606,66298.97893823935,0.1,32.0,10.0,,,405.0,2055268.3470854198,2482778.0103316507,0.01,40.0,,,,,,,,,,,,0,
12,51,luxury,-2763377.0679473504,371.5,85604.52998194656,19590.66974800644,0.1,31.0,6.0,,,405.0,626901.4319362061,3390278.4998835563,0.01,40.0,,,,,,,,,,,,0,
13,51,luxury,-1969150.8304399713,405.5,62690.143193620606,16568.618706183202,0.1,30.0,10.0,,,405.0,513627.1798916793,2482778.0103316507,0.01,40.0,,,,,,,,,,,,0,
14,51,luxury,-1322313.9719988403,435.5,49217.68771891773,20896.714397873537,0.1,31.0,15.0,,,405.0,626901.4319362061,1949215.4039350464,0.01,40.0,,,,,,,,,,,,0,
15,51,luxury,-2145140.673919776,460.5,72805.99941986447,23815.010186573098,0.1,32.0,8.0,,,405.0,738265.315783766,2883405.989703542,0.01,40.0,,,,,,,,,,,,0,
16,51,luxury,-2842822.87102135,492.5,86488.08721389953,18201.499854966118,0.1,31.0,33.0,,,405.0,582447.9953589158,3425270.8663802654,0.01,40.0,,,,,,,,,,,,0,
17,51,luxury,363026.59744691476,499.5,62899.7755129528,92067.96380834466,0.1,32.0,36.0,,,405.0,2854106.8780586845,2491080.2806117698,0.01,40.0,,,,,,,,,,,,0,
18,51,luxury,-1188150.9603158343,503.5,87176.70550983127,70762.2474520719,0.1,31.0,6.0,,,405.0,2264391.9184663007,3452542.878782135,0.01,40.0,,,,,,,,,,,,0,
19,51,luxury,-1968020.047552782,537.5,62899.7755129528,16872.91074383831,0.1,30.0,14.0,,,405.0,523060.23305898765,2491080.2806117698,0.01,40.0,,,,,,,,,,,,0,
20,51,luxury,-1068618.5467537073,563.5,49217.68771891773,29353.228572711305,0.1,31.0,31.0,,,405.0,880596.8571813392,1949215.4039350464,0.01,40.0,,,,,,,,,,,,0,
21,51,luxury,-1314030.4657284063,572.5,71704.41252901481,49217.68771891774,0.1,32.0,4.0,,,405.0,1525748.3192864498,2839778.785014856,0.01,40.0,,,,,,,,,,,,0,
22,51,luxury,-3081870.5705648707,608.5,85059.37544570911,8963.051566126851,0.1,31.0,28.0,,,405.0,286817.65011605923,3368688.22068093,0.01,40.0,,,,,,,,,,,,0,
23,51,luxury,-96462.32712126523,620.5,62572.65063561203,76827.82298322114,0.1,32.0,29.0,,,405.0,2381662.512479855,2478124.8396011204,0.01,40.0,,,,,,,,,,,,0,
24,51,luxury,-1567706.2375460973,631.5,85403.40379088078,56706.4646385234,0.1,31.0,4.0,,,405.0,1814606.8684327488,3382313.105978846,0.01,40.0,,,,,,,,,,,,0,
25,51,luxury,-2136511.224437597,667.5,62572.65063561203,11019.794037533004,0.1,30.0,21.0,,,405.0,341613.6151635231,2478124.8396011204,0.01,40.0,,,,,,,,,,,,0,
26,51,luxury,-635189.7405871938,686.5,49217.68771891773,43800.85544492842,0.1,31.0,18.0,,,405.0,1314025.6633478526,1949215.4039350464,0.01,40.0,,,,,,,,,,,,0,
27,51,luxury,-1991376.0181976047,708.5,72651.68171144559,28578.012223887716,0.1,30.0,12.0,,,405.0,885918.3789405192,2877294.397138124,0.01,40.0,,,,,,,,,,,,0,
28,51,luxury,-1077395.2233976992,736.5,49217.68771891773,29060.672684578236,0.1,31.0,23.0,,,405.0,871820.1805373471,1949215.4039350464,0.01,40.0,,,,,,,,,,,,0,
29,51,luxury,-1749179.9226025254,753.5,72749.96336972617,36516.348952745415,0.1,32.0,26.0,,,405.0,1132006.817535108,2881186.7401376334,0.01,40.0,,,,,,,,,,,,0,
30,51,luxury,-1535645.9122830841,767.5,86535.40807398791,59109.34523790252,0.1,33.0,16.0,,,405.0,1891499.0476128806,3427144.9598959647,0.01,40.0,,,,,,,,,,,,0,
31,51,luxury,-2947349.0533613237,791.5,109380.86572474291,41956.56149041838,0.1,32.0,9.0,,,405.0,1384566.5291838066,4331915.5825451305,0.01,40.0,,,,,,,,,,,,0,
32,51,luxury,-2442717.1683732783,822.5,86535.40807398791,30763.36848508394,0.1,31.0,8.0,,,405.0,984427.7915226861,3427144.9598959647,0.01,40.0,,,,,,,,,,,,0,
33,51,luxury,-1802890.3591014743,854.5,63003.13242317948,22331.71821264204,0.1,30.0,11.0,,,405.0,692283.2645919033,2495173.6236933777,0.01,40.0,,,,,,,,,,,,0,
34,51,luxury,-1256180.9472800721,883.5,49217.68771891773,23101.148555165808,0.1,31.0,8.0,,,405.0,693034.4566549743,1949215.4039350464,0.01,40.0,,,,,,,,,,,,0,
35,51,luxury,-2530035.1011612816,915.5,73825.35737790981,12701.338766172317,0.1,30.0,30.0,,,405.0,393741.50175134186,2923776.6029126234,0.01,40.0,,,,,,,,,,,,0,
36,51,luxury,265545.3174022478,925.5,49217.68771891773,73825.35737790981,0.1,31.0,30.0,,,405.0,2214760.721337294,1949215.4039350464,0.01,40.0,,,,,,,,,,,,0,
37,51,luxury,-1351426.318275952,935.5,71405.91119840021,47630.020373146195,0.1,30.0,25.0,,,405.0,1476530.631567532,2827956.949843484,0.01,40.0,,,,,,,,,,,,0,
38,51,luxury,-164067.6239750411,950.5,49217.68771891773,59504.92599866684,0.1,31.0,16.0,,,405.0,1785147.7799600053,1949215.4039350464,0.01,40.0,,,,,,,,,,,,0,
39,51,luxury,-2035649.243042308,974.5,71284.08744315886,25402.677532344635,0.1,30.0,10.0,,,405.0,787483.0035026837,2823132.2465449916,0.01,40.0,,,,,,,,,,,,0,
5,52,luxury,-1862303.1511117425,172.20000000000005,97363.04044808976,39400.56592544287,0.1,21.0,21.0,,,372.0,866812.4503597431,2729115.6014714856,0.32,37.0,,,,,,,,,,,,0,
6,52,luxury,618218.1600179006,188.20000000000005,49153.16769788141,97363.04044808976,0.1,22.0,28.0,,,372.0,2044623.8494098848,1426405.6893919841,0.275,37.0,,,,,,,,,,,,0,
7,52,luxury,-1290143.5133715777,197.20000000000005,89361.50945107269,62558.57707003088,0.1,21.0,11.0,,,372.0,1376288.6955406794,2666432.208912257,0.24000000000000002,37.0,,,,,,,,,,,,0,
8,52,luxury,-443429.0854301845,223.20000000000005,45683.532330972135,46808.40971246665,0.1,20.0,6.0,,,372.0,982976.6039617996,1426405.6893919841,0.18500000000000003,37.0,,,,,,,,,,,,0,
9,52,luxury,-273450.48679303104,254.20000000000005,16278.56304265371,13705.05969929164,0.1,19.0,164.0,,,372.0,274101.1939858328,547551.6807788638,0.10000000000000002,37.0,,,,,,,,,,,,0,
10,52,luxury,-947148.2935977071,127.20000000000005,107038.69258515,140509.7020523794,0.1,20.0,29.0,,,372.0,2669684.3389952085,3616832.6325929156,0.09500000000000001,37.0,,,,,,,,,,,,0,
11,52,luxury,2353752.249135511,135.20000000000005,22105.48916090259,155206.1042484675,0.1,21.0,74.0,,,372.0,3104122.08496935,750369.8358338394,0.09000000000000001,37.0,,,,,,,,,,,,0,
12,52,luxury,362790.2617656975,98.20000000000005,38018.447876147606,77895.53323365675,0.1,20.0,32.0,,,372.0,1635806.1979067917,1273015.9361410942,0.10500000000000001,37.0,,,,,,,,,,,,0,
13,52,luxury,691329.5991365531,103.20000000000005,15615.859204711573,60829.51660183617,0.1,19.0,117.0,,,372.0,1216590.3320367234,525260.7329001703,0.1,37.0,,,,,,,,,,,,0,
17,52,luxury,668486.0951722148,90.20000000000005,23397.009481056048,76280.21437227822,0.1,21.0,83.0,,,372.0,1525604.2874455645,857118.1922733497,0.010000000000000016,37.0,,,,,,,,,,,,0,
18,52,luxury,566504.6393104158,44.200000000000045,37545.988690470804,92473.89461560248,0.1,22.0,17.0,,,372.0,1941951.7869276518,1375447.147617236,0.01,37.0,,,,,,,,,,,,0,
19,52,luxury,-2032817.549962446,64.20000000000005,72913.79130712603,29012.80944263653,0.1,21.0,13.0,,,372.0,638281.8077380037,2671099.35770045,0.01,37.0,,,,,,,,,,,,0,
20,52,luxury,-427567.86062459764,88.20000000000005,37545.988690470804,45137.108904411354,0.1,22.0,49.0,,,372.0,947879.2869926384,1375447.147617236,0.01,37.0,,,,,,,,,,,,0,
21,52,luxury,-824450.41938334,76.20000000000005,72725.56300386514,83625.15662877588,0.1,23.0,27.0,,,372.0,1839753.4458330693,2664203.8652164093,0.01,37.0,,,,,,,,,,,,0,
22,52,luxury,-1540805.8730756654,86.20000000000005,95660.53889895367,85373.48700453734,0.1,24.0,10.0,,,372.0,1963590.2011043588,3504396.074180024,0.01,37.0,,,,,,,,,,,,0,
23,52,luxury,-3288326.845014546,113.20000000000005,115875.17406672839,39858.55787456403,0.1,23.0,17.0,,,372.0,956605.3889895368,4244932.234004083,0.01,37.0,,,,,,,,,,,,0,
24,52,luxury,-986297.5572705269,133.20000000000005,80695.59975333403,85646.86778845142,0.1,24.0,18.0,,,372.0,1969877.9591343827,2956175.5164049095,0.01,37.0,,,,,,,,,,,,0,
25,52,luxury,-2777169.139631035,152.20000000000005,115459.10051577994,60521.699815000524,0.1,23.0,6.0,,,372.0,1452520.7955600126,4229689.935191047,0.01,37.0,,,,,,,,,,,,0,
26,52,luxury,-2263420.91331023,183.20000000000005,80695.59975333403,30119.765351942595,0.1,22.0,4.0,,,372.0,692754.6030946797,2956175.5164049095,0.01,37.0,,,,,,,,,,,,0,
27,52,luxury,-1892856.957567515,216.20000000000005,60480.96458555933,14671.927227878914,0.1,21.0,22.0,,,372.0,322782.3990133361,2215639.356580851,0.01,37.0,,,,,,,,,,,,0,
28,52,luxury,-44865.9267349306,231.20000000000005,37545.988690470804,63361.01051820502,0.1,22.0,35.0,,,372.0,1330581.2208823054,1375447.147617236,0.01,37.0,,,,,,,,,,,,0,
29,52,luxury,-1299136.5954772609,233.20000000000005,71334.55649474649,59732.25473483992,0.1,21.0,27.0,,,372.0,1314109.6041664782,2613246.199643739,0.01,37.0,,,,,,,,,,,,0,
30,52,luxury,550585.8777409191,243.20000000000005,37545.988690470804,91715.85835038834,0.1,22.0,30.0,,,372.0,1926033.0253581551,1375447.147617236,0.01,37.0,,,,,,,,,,,,0,
31,52,luxury,-1467794.961012046,250.20000000000005,70813.95397647239,51199.07548700564,0.1,21.0,17.0,,,372.0,1126379.660714124,2594174.62172617,0.01,37.0,,,,,,,,,,,,0,
32,52,luxury,-171609.93001720542,270.20000000000005,37545.988690470804,57325.58179047765,0.1,22.0,21.0,,,372.0,1203837.2176000306,1375447.147617236,0.01,37.0,,,,,,,,,,,,0,
33,52,luxury,-1802903.8920471198,286.20000000000005,70737.38595554301,35839.35284090395,0.1,21.0,18.0,,,372.0,788465.7624998869,2591369.654547007,0.01,37.0,,,,,,,,,,,,0,
34,52,luxury,-102174.2004174618,305.20000000000005,37545.988690470804,60632.04510475115,0.1,22.0,17.0,,,372.0,1273272.9471997742,1375447.147617236,0.01,37.0,,,,,,,,,,,,0,
35,52,luxury,-1957521.9067945154,325.20000000000005,70858.42380593029,29012.80944263653,0.1,21.0,15.0,,,372.0,638281.8077380037,2595803.714532519,0.01,37.0,,,,,,,,,,,,0,
36,52,luxury,-312570.7905282816,347.20000000000005,37545.988690470804,50613.15986137878,0.1,22.0,47.0,,,372.0,1062876.3570889544,1375447.147617236,0.01,37.0,,,,,,,,,,,,0,
37,52,luxury,-960921.0170856479,337.20000000000005,74401.03340519244,80211.88492964218,0.1,23.0,12.0,,,372.0,1764661.4684521279,2725582.485537776,0.01,37.0,,,,,,,,,,,,0,
38,52,luxury,-2647586.9458031496,362.20000000000005,96643.33090510225,38817.93047227432,0.1,22.0,10.0,,,372.0,892812.4008623094,3540399.346665459,0.01,37.0,,,,,,,,,,,,0,
39,52,luxury,-1223830.6996938973,389.20000000000005,59788.28619038062,43928.78677504648,0.1,23.0,32.0,,,372.0,966433.3090510225,2190264.0087449197,0.01,37.0,,,,,,,,,,,,0,
