data/saved_data/run_2025_05_02_1721_lowered_population/firm_data.csv
Step,AgentID,FirmType,Profit,Inventory,ProductPrice,RevenuePerEmployee,ProductionLevel,NumEmployees,DemandReceived,InventoryDemandRatio,SellThroughRate,ProductionCapacity,Revenue,Costs,Markup,ProducedUnits,IncomeBracket,NumPeople,SpendRatio,PostTaxIncome,HouseholdExpense,HouseholdSavings,HealthLevel,Welfare,SkillLevel,SkillType,JobLevel,IsEmployed,Wage
5,54,luxury,-1052866.09042685,208.29999999999995,97430.7220221707,50055.93711925901,0.1,36.0,18.0,,,383.0,1751957.7991740655,2804823.8896009154,0.32,38.0,,,,,,,,,,,,0,
6,54,luxury,-1867469.7490546256,228.29999999999995,121501.54944610303,48715.36101108535,0.1,35.0,6.0,,,383.0,1753752.9963990725,3621222.745453698,0.275,38.0,,,,,,,,,,,,0,
7,54,luxury,-1516384.287548685,260.29999999999995,71498.05698459368,20828.837047903377,0.1,34.0,3.0,,,383.0,729009.2966766182,2245393.584225303,0.21000000000000002,38.0,,,,,,,,,,,,0,
8,54,luxury,-1220198.3140439277,295.29999999999995,42474.4474512625,6308.6520868759135,0.1,33.0,93.0,,,383.0,214494.17095378105,1434692.4849977088,0.125,38.0,,,,,,,,,,,,0,
9,54,luxury,3331829.9838224864,240.29999999999995,17735.26415875542,119700.71554446706,0.1,34.0,76.0,,,383.0,3950123.612967413,618293.6291449267,0.09,38.0,,,,,,,,,,,,0,
10,54,luxury,-96865.36658657878,202.29999999999995,42011.67558207301,39643.53164898271,0.1,33.0,28.0,,,383.0,1347880.076065412,1444745.4426519908,0.105,38.0,,,,,,,,,,,,0,
11,54,luxury,558033.2871531177,212.29999999999995,17653.909736008834,35646.27019084983,0.1,32.0,108.0,,,383.0,1176326.9162980444,618293.6291449267,0.08499999999999999,38.0,,,,,,,,,,,,0,
12,54,luxury,-4333662.414144206,142.29999999999995,180639.814514649,59581.945359029814,0.1,33.0,1.0,,,383.0,1906622.251488954,6240284.66563316,0.09999999999999999,38.0,,,,,,,,,,,,0,
13,54,luxury,-629761.7958188319,179.29999999999995,22712.5708498049,5473.933773171182,0.1,32.0,53.0,,,383.0,180639.814514649,810401.6103334809,0.065,38.0,,,,,,,,,,,,0,
14,54,luxury,-5036518.4105935,164.29999999999995,169144.55359098953,37617.69546998936,0.1,33.0,14.0,,,383.0,1203766.2550396596,6240284.66563316,0.030000000000000006,38.0,,,,,,,,,,,,0,
15,54,luxury,1598787.8138702183,188.29999999999995,20445.48092953133,71758.29546284405,0.1,34.0,69.0,,,383.0,2368023.7502738535,769235.9364036352,0.01,38.0,,,,,,,,,,,,0,
16,54,luxury,103545.94465839677,157.29999999999995,34743.7928192175,41492.299533460646,0.1,33.0,84.0,,,383.0,1410738.184137662,1307192.2394792652,0.01,38.0,,,,,,,,,,,,0,
17,54,luxury,2377485.6281054807,111.29999999999995,14734.939681017304,88438.7453580082,0.1,34.0,69.0,,,383.0,2918478.59681427,540992.9687087896,0.034999999999999996,38.0,,,,,,,,,,,,0,
18,54,luxury,-286431.9142690414,80.29999999999995,37036.6877737707,29903.25994088806,0.1,33.0,17.0,,,383.0,1016710.837990194,1303142.7522592354,0.07999999999999999,38.0,,,,,,,,,,,,0,
19,54,luxury,88630.72344531224,101.29999999999995,15090.856098433182,19079.50582285157,0.1,32.0,81.0,,,383.0,629623.6921541018,540992.9687087896,0.059999999999999984,38.0,,,,,,,,,,,,0,
20,54,luxury,-5017925.321660072,58.299999999999955,174892.18405281924,38198.72949915899,0.1,33.0,7.0,,,383.0,1222359.3439730876,6240284.66563316,0.06499999999999999,38.0,,,,,,,,,,,,0,
21,54,luxury,448139.19162614935,89.29999999999995,20628.08255481418,37098.34207181015,0.1,32.0,38.0,,,383.0,1224245.2883697348,776106.0967435854,0.01,38.0,,,,,,,,,,,,0,
22,54,luxury,-5456417.528550221,89.29999999999995,165860.1933270868,24495.848033841838,0.1,31.0,3.0,,,383.0,783867.1370829388,6240284.66563316,0.01,38.0,,,,,,,,,,,,0,
23,54,luxury,-5547790.0856519,124.29999999999995,160679.58451605018,16050.9864510084,0.1,30.0,4.0,,,383.0,497580.5799812604,6045370.66563316,0.01,38.0,,,,,,,,,,,,0,
24,54,luxury,-5207738.327568959,158.29999999999995,155498.97570501358,21423.944602140025,0.1,31.0,6.0,,,383.0,642718.3380642007,5850456.66563316,0.01,38.0,,,,,,,,,,,,0,
25,54,luxury,135816.57870069612,190.29999999999995,21188.132292014394,30096.575942905853,0.1,32.0,54.0,,,383.0,932993.8542300814,797177.2755293853,0.01,38.0,,,,,,,,,,,,0,
26,54,luxury,-170253.25753658637,174.29999999999995,34935.69711533475,35754.97324277429,0.1,33.0,32.0,,,383.0,1144159.1437687774,1314412.4013053637,0.01,38.0,,,,,,,,,,,,0,
27,54,luxury,-1499111.4348798946,180.29999999999995,69558.53185362581,33877.03962699127,0.1,32.0,23.0,,,383.0,1117942.307690712,2617053.7425706065,0.01,38.0,,,,,,,,,,,,0,
28,54,luxury,285433.83132803,195.29999999999995,34935.69711533475,49995.194769793554,0.1,33.0,36.0,,,383.0,1599846.2326333937,1314412.4013053637,0.01,38.0,,,,,,,,,,,,0,
29,54,luxury,-1384337.9646782866,197.29999999999995,70222.19003201187,38111.66958036518,0.1,32.0,8.0,,,383.0,1257685.096152051,2642023.0608303375,0.01,38.0,,,,,,,,,,,,0,
30,54,luxury,-752634.8810492688,227.29999999999995,34935.69711533475,17555.54750800297,0.1,31.0,48.0,,,383.0,561777.520256095,1314412.4013053637,0.01,38.0,,,,,,,,,,,,0,
31,54,luxury,1156641.67012693,217.29999999999995,13828.276197235607,54093.982630195744,0.1,32.0,109.0,,,383.0,1676913.461536068,520271.7914091379,0.01,38.0,,,,,,,,,,,,0,
32,54,luxury,211367.24562108982,146.29999999999995,35637.657708800674,47102.56579683379,0.1,31.0,76.0,,,383.0,1507282.1054986813,1295914.8598775915,0.045,38.0,,,,,,,,,,,,0,
33,54,luxury,2188190.194459713,108.29999999999995,14923.585202957242,87369.74147964036,0.1,32.0,104.0,,,383.0,2708461.985868851,520271.7914091379,0.09,38.0,,,,,,,,,,,,0,
5,55,luxury,-491743.97275458556,249.3,102719.5916241694,69746.30126726959,0.1,33.0,8.0,,,353.0,2231881.640552627,2723625.6133072125,0.32,35.0,,,,,,,,,,,,0,
6,55,luxury,-2721647.8294703467,276.3,126043.95869209574,24901.719181616827,0.1,32.0,7.0,,,353.0,821756.7329933553,3543404.5624637017,0.245,35.0,,,,,,,,,,,,0,
7,55,luxury,-1284642.922810912,304.3,73057.19070446846,27572.115963895943,0.1,33.0,32.0,,,353.0,882307.7108446702,2166950.633655582,0.18,35.0,,,,,,,,,,,,0,
8,55,luxury,-1038248.4434820702,307.3,111892.88575703386,70843.33644069669,0.1,34.0,11.0,,,353.0,2337830.102542991,3376078.546025061,0.16,35.0,,,,,,,,,,,,0,
9,55,luxury,-3134554.5568858897,331.3,137821.16211184266,36200.6395096286,0.1,33.0,10.0,,,353.0,1230821.7433273725,4365376.300213262,0.10500000000000001,35.0,,,,,,,,,,,,0,
10,55,luxury,-1778036.7667253574,356.3,91982.09324624475,41763.988518740196,0.1,34.0,17.0,,,353.0,1378211.6211184266,3156248.387843784,0.020000000000000004,35.0,,,,,,,,,,,,0,
11,55,luxury,-2878032.8404718954,374.3,128175.58804968713,45991.046623122376,0.1,35.0,5.0,,,353.0,1563695.5851861609,4441728.4256580565,0.01,35.0,,,,,,,,,,,,0,
12,55,luxury,-4350147.862750218,404.3,144026.74048576856,18310.798292812444,0.1,34.0,7.0,,,353.0,640877.9402484356,4991025.802998654,0.01,35.0,,,,,,,,,,,,0,
13,55,luxury,-2697358.581784002,432.3,106931.46045442187,29652.564217658233,0.1,35.0,2.0,,,353.0,1008187.18340038,3705545.765184382,0.01,35.0,,,,,,,,,,,,0,
14,55,luxury,-4710671.229285938,465.3,142107.9814168214,6110.369168824107,0.1,34.0,6.0,,,353.0,213862.92090884375,4924534.150194782,0.01,35.0,,,,,,,,,,,,0,
15,55,luxury,-2852897.8766834536,494.3,106931.46045442187,25077.879073556716,0.1,35.0,9.0,,,353.0,852647.8885009284,3705545.765184382,0.01,35.0,,,,,,,,,,,,0,
16,55,luxury,-3965914.2182781734,520.3,142216.57696500208,27496.66125970848,0.1,36.0,6.0,,,353.0,962383.1440897968,4928297.36236797,0.01,35.0,,,,,,,,,,,,0,
17,55,luxury,-4806725.493901042,549.3,163332.14405473776,23702.762827500344,0.1,35.0,4.0,,,353.0,853299.4617900124,5660024.955691054,0.01,35.0,,,,,,,,,,,,0,
18,55,luxury,-3783944.7822885145,580.3,128047.02754415752,18666.530749112888,0.1,34.0,4.0,,,353.0,653328.576218951,4437273.358507466,0.01,35.0,,,,,,,,,,,,0,
19,55,luxury,-3193357.6550077517,611.3,106931.46045442187,15064.356181665591,0.1,33.0,10.0,,,353.0,512188.1101766301,3705545.765184382,0.01,35.0,,,,,,,,,,,,0,
20,55,luxury,-1839464.8638361827,636.3,83939.06226071839,32403.472864976324,0.1,34.0,7.0,,,353.0,1069314.6045442186,2908779.4683804014,0.01,35.0,,,,,,,,,,,,0,
21,55,luxury,-3520189.412342311,664.3,118538.29594602049,17281.571641912607,0.1,33.0,18.0,,,353.0,587573.4358250287,4107762.8481673393,0.01,35.0,,,,,,,,,,,,0,
22,55,luxury,-775090.1413520328,681.3,83939.06226071839,64657.252334192985,0.1,34.0,16.0,,,353.0,2133689.3270283686,2908779.4683804014,0.01,35.0,,,,,,,,,,,,0,
23,55,luxury,-2819328.056783664,700.3,120113.6132391742,39500.73518151454,0.1,33.0,11.0,,,353.0,1343024.9961714942,4162353.052955158,0.01,35.0,,,,,,,,,,,,0,
24,55,luxury,-1587529.7227494852,724.3,83939.06226071839,40037.87107972473,0.1,34.0,13.0,,,353.0,1321249.7456309162,2908779.4683804014,0.01,35.0,,,,,,,,,,,,0,
25,55,luxury,-3089003.881563141,746.3,120628.96249237264,32094.34733498056,0.1,33.0,12.0,,,353.0,1091207.809389339,4180211.69095248,0.01,35.0,,,,,,,,,,,,0,
26,55,luxury,-1461231.9184719296,769.3,83939.06226071839,43865.07726995369,0.1,34.0,10.0,,,353.0,1447547.5499084718,2908779.4683804014,0.01,35.0,,,,,,,,,,,,0,
27,55,luxury,-3281891.3660435183,794.3,118928.41970310827,24687.959488446584,0.1,33.0,9.0,,,353.0,839390.6226071839,4121281.988650702,0.01,35.0,,,,,,,,,,,,0,
28,55,luxury,-1838423.6910524268,820.3,83939.06226071839,32435.023555393167,0.1,34.0,7.0,,,353.0,1070355.7773279746,2908779.4683804014,0.01,35.0,,,,,,,,,,,,0,
29,55,luxury,-3538837.318613492,848.3,119076.42122589955,17281.571641912607,0.1,33.0,6.0,,,353.0,587573.4358250287,4126410.7544385204,0.01,35.0,,,,,,,,,,,,0,
30,55,luxury,-2194320.941025004,877.3,83939.06226071839,21650.25840470901,0.1,34.0,10.0,,,353.0,714458.5273553974,2908779.4683804014,0.01,35.0,,,,,,,,,,,,0,
31,55,luxury,-3353950.5874675335,902.3,121007.8428905035,24687.959488446584,0.1,35.0,5.0,,,353.0,839390.6226071839,4193341.2100747176,0.01,35.0,,,,,,,,,,,,0,
32,55,luxury,-4537575.599161208,932.3,148401.16609567706,17286.834698643357,0.1,34.0,6.0,,,353.0,605039.2144525175,5142614.813613725,0.01,35.0,,,,,,,,,,,,0,
33,55,luxury,-2967646.0753453462,961.3,111332.38546589193,26188.441075707717,0.1,35.0,7.0,,,353.0,890406.9965740624,3858053.0719194086,0.01,35.0,,,,,,,,,,,,0,
34,55,luxury,-4276277.890834466,989.3,145890.29968846764,22266.477093178386,0.1,34.0,15.0,,,353.0,779326.6982612435,5055604.589095709,0.01,35.0,,,,,,,,,,,,0,
35,55,luxury,-1669698.5765923942,1009.3,111332.38546589193,64363.367509618074,0.1,35.0,5.0,,,353.0,2188354.4953270145,3858053.0719194086,0.01,35.0,,,,,,,,,,,,0,
36,55,luxury,-4620887.33121945,1039.3,149409.27433500357,15904.62649512742,0.1,34.0,4.0,,,353.0,556661.9273294597,5177549.25854891,0.01,35.0,,,,,,,,,,,,0,
37,55,luxury,-3260415.9745793943,1070.3,111332.38546589193,17577.56168647101,0.1,35.0,22.0,,,353.0,597637.0973400143,3858053.0719194086,0.01,35.0,,,,,,,,,,,,0,
38,55,luxury,-2679543.522106393,1083.3,148004.12612501284,69980.35657856063,0.1,36.0,5.0,,,353.0,2449312.4802496224,5128856.002356015,0.01,35.0,,,,,,,,,,,,0,
39,55,luxury,-5122276.577596739,1113.3,169169.14317528225,20556.128628474005,0.1,35.0,13.0,,,353.0,740020.6306250643,5862297.208221803,0.01,35.0,,,,,,,,,,,,0,
5,56,luxury,307359.37372830836,129.5,155887.58399061533,57550.38730356802,0.1,43.0,2.0,,,185.0,2417116.266749857,2109756.8930215486,0.33,18.0,,,,,,,,,,,,0,
6,56,luxury,-2436939.764518291,145.5,191646.5027022443,7250.585301889085,0.1,42.0,1.0,,,185.0,311775.16798123065,2748714.932499522,0.255,18.0,,,,,,,,,,,,0,
7,56,luxury,-1542967.6396954104,162.5,114677.26193199705,4563.011969101055,0.1,41.0,14.0,,,185.0,191646.5027022443,1734614.1423976547,0.19,18.0,,,,,,,,,,,,0,
8,56,luxury,509825.56412827736,166.5,69087.20042925766,39158.08944019412,0.1,42.0,15.0,,,185.0,1605481.6670479588,1095656.1029196815,0.135,18.0,,,,,,,,,,,,0,
9,56,luxury,-1108568.7846537852,169.5,132267.39476919148,24674.000153306308,0.1,41.0,6.0,,,185.0,1036308.0064388649,2144876.79109265,0.11000000000000001,18.0,,,,,,,,,,,,0,
10,56,luxury,-302051.73430453264,181.5,63304.57131843874,19356.204112564606,0.1,40.0,23.0,,,185.0,793604.3686151488,1095656.1029196815,0.04000000000000002,18.0,,,,,,,,,,,,0,
11,56,luxury,1047642.0390121068,176.5,23254.008643931957,36400.12850810228,0.1,41.0,37.0,,,185.0,1456005.140324091,408363.1013119843,0.025000000000000022,18.0,,,,,,,,,,,,0,
12,56,luxury,-154719.29953743704,157.5,58651.23697145552,20985.324873792255,0.1,40.0,14.0,,,185.0,860398.3198254824,1015117.6193629195,0.04000000000000002,18.0,,,,,,,,,,,,0,
13,56,luxury,412754.21628839296,161.5,23480.877020945925,20527.932940009432,0.1,39.0,62.0,,,185.0,821117.3176003773,408363.1013119843,0.035000000000000024,18.0,,,,,,,,,,,,0,
14,56,luxury,-4553407.310604952,117.5,343860.9995899837,37328.573725606344,0.1,40.0,0.0,,,185.0,1455814.3752986474,6009221.6859035995,0.030000000000000027,18.0,,,,,,,,,,,,0,
15,56,luxury,-648378.1058542317,135.5,36381.213918420006,0.0,0.1,39.0,21.0,,,185.0,0.0,648378.1058542317,0.01,18.0,,,,,,,,,,,,0,
16,56,luxury,-5245216.1936167795,132.5,337184.08697658597,19589.88441761077,0.1,40.0,0.0,,,185.0,764005.4922868201,6009221.6859035995,0.01,18.0,,,,,,,,,,,,0,
17,56,luxury,-688084.6221917089,150.5,38609.19054469085,0.0,0.1,39.0,43.0,,,185.0,0.0,688084.6221917089,0.01,18.0,,,,,,,,,,,,0,
18,56,luxury,-4349026.492481893,125.5,337184.08697658597,42569.1075236335,0.1,40.0,1.0,,,185.0,1660195.1934217066,6009221.6859035995,0.01,18.0,,,,,,,,,,,,0,
19,56,luxury,-403382.7157541004,142.5,41554.02384466497,8429.60217441465,0.1,39.0,14.0,,,185.0,337184.08697658597,740566.8027306864,0.01,18.0,,,,,,,,,,,,0,
20,56,luxury,-5427465.35207829,146.5,337184.08697658597,14916.829072443834,0.1,40.0,0.0,,,185.0,581756.3338253095,6009221.6859035995,0.01,18.0,,,,,,,,,,,,0,
21,56,luxury,-599710.2922696486,164.5,33650.40897455201,0.0,0.1,39.0,34.0,,,185.0,0.0,599710.2922696486,0.01,18.0,,,,,,,,,,,,0,
22,56,luxury,-4865107.780768831,148.5,337184.08697658597,29336.253977814577,0.1,40.0,1.0,,,185.0,1144113.9051347685,6009221.6859035995,0.01,18.0,,,,,,,,,,,,0,
23,56,luxury,-402854.8154297601,165.5,41524.40277255593,8429.60217441465,0.1,39.0,35.0,,,185.0,337184.08697658597,740038.902406346,0.01,18.0,,,,,,,,,,,,0,
24,56,luxury,-4555867.588864142,148.5,337184.08697658597,37265.4896676784,0.1,40.0,0.0,,,185.0,1453354.0970394574,6009221.6859035995,0.01,18.0,,,,,,,,,,,,0,
25,56,luxury,-603228.6109973022,166.5,33847.82573663608,0.0,0.1,39.0,44.0,,,185.0,0.0,603228.6109973022,0.01,18.0,,,,,,,,,,,,0,
26,56,luxury,-4519917.353491612,140.5,337184.08697658597,38187.290574666345,0.1,40.0,3.0,,,185.0,1489304.3324119875,6009221.6859035995,0.01,18.0,,,,,,,,,,,,0,
27,56,luxury,318196.24376828666,155.5,38904.97435711731,25288.806523243948,0.1,39.0,63.0,,,185.0,1011552.260929758,693356.0171614713,0.01,18.0,,,,,,,,,,,,0,
28,56,luxury,-3558208.301405209,110.5,337184.08697658597,62846.49703842027,0.1,40.0,0.0,,,185.0,2451013.3844983904,6009221.6859035995,0.01,18.0,,,,,,,,,,,,0,
29,56,luxury,-659123.2051600665,128.5,36984.1333459741,0.0,0.1,39.0,44.0,,,185.0,0.0,659123.2051600665,0.01,18.0,,,,,,,,,,,,0,
30,56,luxury,-4381919.818680739,102.5,337184.08697658597,41725.688903150265,0.1,40.0,0.0,,,185.0,1627301.8672228605,6009221.6859035995,0.01,18.0,,,,,,,,,,,,0,
31,56,luxury,-792864.9073600126,120.5,44488.528441393566,0.0,0.1,39.0,33.0,,,185.0,0.0,792864.9073600126,0.01,18.0,,,,,,,,,,,,0,
32,56,luxury,-4541100.247337611,105.5,337184.08697658597,37644.13945040994,0.1,40.0,0.0,,,185.0,1468121.4385659876,6009221.6859035995,0.01,18.0,,,,,,,,,,,,0,
33,56,luxury,-664633.7443994752,123.5,37293.33580834078,0.0,0.1,39.0,37.0,,,185.0,0.0,664633.7443994752,0.01,18.0,,,,,,,,,,,,0,
34,56,luxury,-4629368.26099499,104.5,337184.08697658597,35380.85704893869,0.1,40.0,0.0,,,185.0,1379853.424908609,6009221.6859035995,0.01,18.0,,,,,,,,,,,,0,
35,56,luxury,-629198.9820323257,122.5,35305.052030422055,0.0,0.1,39.0,44.0,,,185.0,0.0,629198.9820323257,0.01,18.0,,,,,,,,,,,,0,
36,56,luxury,-4455799.396565029,96.5,337184.08697658597,39831.34075227104,0.1,40.0,0.0,,,185.0,1553422.2893385706,6009221.6859035995,0.01,18.0,,,,,,,,,,,,0,
37,56,luxury,-608788.8981071421,114.5,34159.819607132995,0.0,0.1,39.0,62.0,,,185.0,0.0,608788.8981071421,0.01,18.0,,,,,,,,,,,,0,
38,56,luxury,-3891312.870261354,70.5,342191.77143663424,54305.35424723707,0.1,40.0,1.0,,,185.0,2117908.8156422456,6009221.6859035995,0.025,18.0,,,,,,,,,,,,0,
39,56,luxury,-335392.6905049848,87.5,38020.01491894557,8554.794285915856,0.1,39.0,29.0,,,185.0,342191.77143663424,677584.461941619,0.01,18.0,,,,,,,,,,,,0,
