data/saved_data/run_2025_05_02_1721_lowered_population/firm_data.csv
Step,AgentID,FirmType,Profit,Inventory,ProductPrice,RevenuePerEmployee,ProductionLevel,NumEmployees,DemandReceived,InventoryDemandRatio,SellThroughRate,ProductionCapacity,Revenue,Costs,Markup,ProducedUnits,IncomeBracket,NumPeople,SpendRatio,PostTaxIncome,HouseholdExpense,HouseholdSavings,HealthLevel,Welfare,SkillLevel,SkillType,JobLevel,IsEmployed,Wage
5,60,luxury,-2371169.239713814,173.10000000000002,232329.6841953561,52862.12455023097,0.1,16.0,2.0,,,191.0,898656.1173539264,3269825.3570677405,0.35,19.0,,,,,,,,,,,,0,
6,60,luxury,-1287735.8138487502,190.10000000000002,117594.93367159898,29041.21052441951,0.1,15.0,6.0,,,191.0,464659.3683907122,1752395.1822394624,0.27499999999999997,19.0,,,,,,,,,,,,0,
7,60,luxury,-171925.06667590817,203.10000000000002,54958.87372635124,47037.97346863959,0.1,16.0,23.0,,,191.0,705569.6020295939,877494.6687055021,0.18999999999999995,19.0,,,,,,,,,,,,0,
8,60,luxury,-1054014.6840089827,199.10000000000002,144574.28207305606,79003.3809816299,0.1,17.0,2.0,,,191.0,1264054.0957060785,2318068.779715061,0.18499999999999994,19.0,,,,,,,,,,,,0,
9,60,luxury,-2944051.9027667684,216.10000000000002,192290.333437959,17008.73906741836,0.1,16.0,12.0,,,191.0,289148.5641461121,3233200.4669128805,0.12999999999999995,19.0,,,,,,,,,,,,0,
10,60,luxury,514857.64535218664,223.10000000000002,103311.88191590816,144217.75007846925,0.1,17.0,13.0,,,191.0,2307484.001255508,1792626.3559033214,0.09499999999999995,19.0,,,,,,,,,,,,0,
11,60,luxury,-1985407.5362313632,229.10000000000002,190948.59948905287,79003.20381804742,0.1,16.0,3.0,,,191.0,1343054.4649068061,3328462.0011381693,0.08999999999999994,19.0,,,,,,,,,,,,0,
12,60,luxury,-1219780.5574361628,245.10000000000002,96235.72562029802,35802.86240419741,0.1,15.0,9.0,,,191.0,572845.7984671586,1792626.3559033214,0.01999999999999995,19.0,,,,,,,,,,,,0,
13,60,luxury,-51012.59864768013,255.10000000000002,48752.916935249945,57741.435372178814,0.1,16.0,22.0,,,191.0,866121.5305826822,917134.1292303624,0.01,19.0,,,,,,,,,,,,0,
14,60,luxury,-1403409.9165785296,252.10000000000002,131617.5630751582,67035.26078596867,0.1,17.0,8.0,,,191.0,1072564.1725754987,2475974.0891540283,0.01,19.0,,,,,,,,,,,,0,
15,60,luxury,-2331073.9412244326,263.1,179887.07423141476,61937.676741250914,0.1,16.0,7.0,,,191.0,1052940.5046012655,3384014.4458256983,0.01,19.0,,,,,,,,,,,,0,
16,60,luxury,-565964.9662821293,275.1,97022.42809150658,78700.59497624396,0.1,17.0,12.0,,,191.0,1259209.5196199033,1825174.4859020326,0.01,19.0,,,,,,,,,,,,0,
17,60,luxury,-2157102.6804671725,282.1,176557.12416756735,68486.41982929876,0.1,16.0,3.0,,,191.0,1164269.1370980788,3321371.8175652516,0.01,19.0,,,,,,,,,,,,0,
18,60,luxury,-1295503.1133993305,298.1,97022.42809150658,33104.46078141888,0.1,15.0,20.0,,,191.0,529671.372502702,1825174.4859020326,0.01,19.0,,,,,,,,,,,,0,
19,60,luxury,1023314.4325997692,297.1,48752.916935249945,129363.23745534211,0.1,16.0,23.0,,,191.0,1940448.5618301316,917134.1292303624,0.01,19.0,,,,,,,,,,,,0,
20,60,luxury,-1303326.620901621,293.1,130803.1406510283,70082.31809442179,0.1,15.0,7.0,,,191.0,1121317.0895107486,2424643.7104123696,0.025,19.0,,,,,,,,,,,,0,
21,60,luxury,-1512.1446731642354,305.1,48752.916935249945,61041.46563714654,0.1,14.0,18.0,,,191.0,915621.9845571981,917134.1292303624,0.01,19.0,,,,,,,,,,,,0,
22,60,luxury,-2030317.937198044,306.1,154576.26273034766,62682.321773892785,0.1,15.0,6.0,,,191.0,877552.504834499,2907870.442032543,0.01,19.0,,,,,,,,,,,,0,
23,60,luxury,-25642.34207802848,319.1,50664.78247262805,61830.50509213906,0.1,14.0,20.0,,,191.0,927457.5763820859,953099.9184601144,0.01,19.0,,,,,,,,,,,,0,
24,60,luxury,-1894574.792579982,318.1,154576.26273034766,72378.26067518293,0.1,15.0,17.0,,,191.0,1013295.649452561,2907870.442032543,0.01,19.0,,,,,,,,,,,,0,
25,60,luxury,1757760.7182232349,320.1,46249.26628554398,175186.431094394,0.1,16.0,28.0,,,191.0,2627796.46641591,870035.7481926752,0.01,19.0,,,,,,,,,,,,0,
26,60,luxury,-1014313.9440088547,311.1,122757.16901299778,80936.21599970196,0.1,15.0,8.0,,,191.0,1294979.4559952314,2309293.400004086,0.010000000000000004,19.0,,,,,,,,,,,,0,
27,60,luxury,112021.60391130706,322.1,46249.26628554398,65470.49014026548,0.1,14.0,16.0,,,191.0,982057.3521039822,870035.7481926752,0.01,19.0,,,,,,,,,,,,0,
28,60,luxury,-2167882.1814638395,325.1,154576.26273034766,52856.30432633597,0.1,13.0,4.0,,,191.0,739988.2605687036,2907870.442032543,0.01,19.0,,,,,,,,,,,,0,
29,60,luxury,-2082003.3911111522,340.1,143542.70436369284,47561.92699395313,0.1,12.0,6.0,,,191.0,618305.0509213906,2700308.442032543,0.01,19.0,,,,,,,,,,,,0,
30,60,luxury,-1631490.2158503858,353.1,132509.14599703802,71771.35218184642,0.1,13.0,14.0,,,191.0,861256.226182157,2492746.442032543,0.01,19.0,,,,,,,,,,,,0,
31,60,luxury,957066.3003947146,358.1,47739.06911896772,142702.15722757942,0.1,14.0,33.0,,,191.0,1855128.0439585324,898061.7435638178,0.01,19.0,,,,,,,,,,,,0,
32,60,luxury,-742276.7570738138,344.1,123202.24079881606,112527.80578042392,0.1,13.0,18.0,,,191.0,1575389.280925935,2317666.0379997487,0.01,19.0,,,,,,,,,,,,0,
33,60,luxury,1319578.5908148712,345.1,48448.06519499199,170587.71802912993,0.1,14.0,32.0,,,191.0,2217640.334378689,898061.7435638178,0.025,19.0,,,,,,,,,,,,0,
34,60,luxury,-769768.5611429673,332.1,123331.97844866104,110738.43473141026,0.1,13.0,13.0,,,191.0,1550338.0862397437,2320106.647382711,0.010000000000000004,19.0,,,,,,,,,,,,0,
35,60,luxury,705253.9762687758,338.1,47739.06911896772,123331.97844866104,0.1,14.0,41.0,,,191.0,1603315.7198325936,898061.7435638178,0.01,19.0,,,,,,,,,,,,0,
36,60,luxury,-357960.54170613224,316.1,123074.46717185157,139807.2738484055,0.1,15.0,7.0,,,191.0,1957301.8338776766,2315262.375583809,0.01,19.0,,,,,,,,,,,,0,
37,60,luxury,-2328814.48861002,328.1,169591.52351629405,57434.75134686407,0.1,14.0,7.0,,,191.0,861521.270202961,3190335.7588129807,0.01,19.0,,,,,,,,,,,,0,
38,60,luxury,-585994.4621789313,340.1,94256.12546341021,84795.76175814703,0.1,15.0,22.0,,,191.0,1187140.6646140583,1773135.1267929897,0.01,19.0,,,,,,,,,,,,0,
39,60,luxury,-1117194.3186664248,337.1,169617.7473701219,138242.31734633498,0.1,16.0,6.0,,,191.0,2073634.7601950245,3190829.0788614494,0.01,19.0,,,,,,,,,,,,0,
7,3,necessity,443764.061054655,0.0,56.89002158207671,21669.734289592092,1.0,32.0,458184.0,,,5210.0,671761.7629773548,227997.70192269978,0.30000000000000004,5210.0,,,,,,,,,,,,0,
8,3,necessity,-223406.63377324515,0.0,133.19344866890327,9262.406638831864,1.0,31.0,198633.0,,,5210.0,296397.01244261966,519803.6462158648,0.335,5210.0,,,,,,,,,,,,0,
9,3,necessity,465940.1656422862,0.0,61.2661770883903,22385.092502096322,1.0,32.0,9423.0,,,5210.0,693937.867564986,227997.70192269978,0.4,5210.0,,,,,,,,,,,,0,
10,3,necessity,-195657.38105804886,0.0,141.80724083517845,9974.899457203546,1.0,31.0,12008.0,,,5210.0,319196.7826305135,514854.16368856234,0.435,5210.0,,,,,,,,,,,,0,
11,3,necessity,510818.0228285799,0.0,63.4542548415471,23832.765314557408,1.0,32.0,4095.0,,,5210.0,738815.7247512797,227997.70192269978,0.45,5210.0,,,,,,,,,,,,0,
12,3,necessity,-274879.88917077886,1115.0,151.38569431867808,8120.16167425423,1.0,31.0,3620.0,,,5210.0,259845.17357613536,534725.0627469142,0.47500000000000003,5210.0,,,,,,,,,,,,0,
13,3,necessity,320018.5115109148,2705.0,63.4542548415471,17677.942368826276,1.0,32.0,5915.0,,,5210.0,548016.2134336146,227997.70192269978,0.45,5210.0,,,,,,,,,,,,0,
14,3,necessity,-141139.40985191165,2000.0,146.713543986178,11729.122418367222,1.0,31.0,3146.0,,,5210.0,375331.9173877511,516471.32723966276,0.48000000000000004,5210.0,,,,,,,,,,,,0,
15,3,necessity,233563.10745781622,4064.0,64.98590926875686,14889.058367113419,1.0,32.0,391273.0,,,5210.0,461560.809380516,227997.70192269978,0.48500000000000004,5210.0,,,,,,,,,,,,0,
16,3,necessity,57577.58527403569,0.0,156.9390798022426,18833.728829951597,1.0,33.0,2572.0,,,5210.0,602679.3225584511,545101.7372844154,0.5,5210.0,,,,,,,,,,,,0,
17,3,necessity,-332689.4891363652,2638.0,215.53044595504076,12231.736765192967,1.0,32.0,3878.0,,,5210.0,403647.31325136794,736336.8023877331,0.525,5210.0,,,,,,,,,,,,0,
18,3,necessity,416594.30238763057,3970.0,122.30975158488232,26119.595919176503,1.0,33.0,4248.0,,,5210.0,835827.0694136481,419232.76702601754,0.52,5210.0,,,,,,,,,,,,0,
19,3,necessity,-172667.278301612,4932.0,202.62277004309405,15744.600749472125,1.0,32.0,4841.0,,,5210.0,519571.8247325801,692239.1030341921,0.525,5210.0,,,,,,,,,,,,0,
20,3,necessity,561664.0627526008,5301.0,123.51675571236473,30653.02593058182,1.0,33.0,2336.0,,,5210.0,980896.8297786183,419232.76702601754,0.535,5210.0,,,,,,,,,,,,0,
21,3,necessity,-448475.33945844864,8175.0,211.4838135486185,8743.48913163891,1.0,32.0,3137.0,,,5210.0,288535.141344084,737010.4808025326,0.495,5210.0,,,,,,,,,,,,0,
7,8,necessity,479299.50232029427,0.0,54.48604782177173,20485.268797101893,1.0,36.0,484115.0,,,5671.0,716984.4078985662,237684.90557827195,0.30000000000000004,5671.0,,,,,,,,,,,,0,
8,8,necessity,-281391.3274105479,0.0,138.98070455165805,8583.06603325743,1.0,35.0,3531.0,,,5671.0,308990.3771972675,590381.7046078154,0.335,5671.0,,,,,,,,,,,,0,
9,8,necessity,253055.96219363261,2140.0,57.00078849046889,14021.167650625845,1.0,36.0,465385.0,,,5671.0,490740.86777190457,237684.90557827195,0.36000000000000004,5671.0,,,,,,,,,,,,0,
10,8,necessity,-83110.35808059678,0.0,128.10303927330537,12367.587747195903,1.0,35.0,4055.0,,,5671.0,445233.15889905253,528343.5169796493,0.37500000000000006,5671.0,,,,,,,,,,,,0,
11,8,necessity,281772.91867498134,1616.0,58.677282269600326,14841.652121521523,1.0,36.0,433452.0,,,5671.0,519457.8242532533,237684.90557827195,0.4000000000000001,5671.0,,,,,,,,,,,,0,
12,8,necessity,-64922.00752225035,0.0,122.8870144802653,11877.2598860716,1.0,35.0,199453.0,,,5671.0,427581.3558985776,492503.36342082795,0.4150000000000001,5671.0,,,,,,,,,,,,0,
13,8,necessity,459207.3535393125,0.0,61.19202293829748,19911.207403359556,1.0,36.0,417889.0,,,5671.0,696892.2591175844,237684.90557827195,0.4600000000000001,5671.0,,,,,,,,,,,,0,
14,8,necessity,-138384.20407204196,0.0,127.96318608251659,9639.443391196804,1.0,35.0,208781.0,,,5671.0,347019.962083085,485404.16615512694,0.49500000000000005,5671.0,,,,,,,,,,,,0,
15,8,necessity,487994.3226956796,0.0,65.38325738612608,20733.692236398616,1.0,36.0,8829.0,,,5671.0,725679.2282739516,237684.90557827195,0.56,5671.0,,,,,,,,,,,,0,
16,8,necessity,-146224.4169029417,0.0,145.41271852765814,10299.679239908915,1.0,35.0,179950.0,,,5671.0,370788.45263672096,517012.8695396627,0.5950000000000001,5671.0,,,,,,,,,,,,0,
17,8,necessity,586950.6211920774,0.0,67.47887461004038,23561.01505058141,1.0,36.0,3848.0,,,5671.0,824635.5267703494,237684.90557827195,0.6100000000000001,5671.0,,,,,,,,,,,,0,
18,8,necessity,-284476.9955283633,1823.0,156.87918842595164,7212.741930539872,1.0,35.0,2024.0,,,5671.0,259658.70949943538,544135.7050277987,0.6350000000000001,5671.0,,,,,,,,,,,,0,
19,8,necessity,79838.5717958542,5470.0,64.96413394134322,9072.09935354646,1.0,36.0,11997.0,,,5671.0,317523.47737412615,237684.90557827195,0.5500000000000002,5671.0,,,,,,,,,,,,0,
20,8,necessity,227042.27319455933,0.0,137.07841980776342,20104.59489556958,1.0,37.0,3997.0,,,5671.0,723765.4162405048,496723.1430459455,0.5650000000000002,5671.0,,,,,,,,,,,,0,
21,8,necessity,-118556.71489171905,1674.0,186.85770805957821,14808.174161395416,1.0,36.0,6022.0,,,5671.0,547902.4439716304,666459.1588633495,0.5900000000000002,5671.0,,,,,,,,,,,,0,
22,8,necessity,717836.1965391042,1323.0,115.30780792183951,31257.142164855,1.0,37.0,10011.0,,,5671.0,1125257.11793478,407420.9213956758,0.6050000000000002,5671.0,,,,,,,,,,,,0,
23,8,necessity,121848.61923094664,0.0,201.60565968147426,21796.292124468797,1.0,36.0,4719.0,,,5671.0,806462.8086053455,684614.1893743989,0.6700000000000002,5671.0,,,,,,,,,,,,0,
24,8,necessity,543956.1866412011,952.0,123.21052372956684,26427.14188991325,1.0,37.0,6792.0,,,5671.0,951377.108036877,407420.9213956758,0.7150000000000002,5671.0,,,,,,,,,,,,0,
25,8,necessity,111620.28665884002,0.0,216.12788585214133,22054.683747592462,1.0,36.0,1868.0,,,5671.0,816023.2986609212,704403.0120020811,0.7400000000000002,5671.0,,,,,,,,,,,,0,
26,8,necessity,-3694.030623875791,3803.0,122.49209501977343,11214.635854772223,1.0,35.0,8244.0,,,5671.0,403726.8907718,407420.9213956758,0.7050000000000002,5671.0,,,,,,,,,,,,0,
27,8,necessity,772139.9257647402,1230.0,72.08923250265184,28852.138038371777,1.0,36.0,9610.0,,,5671.0,1009824.8313430122,237684.90557827195,0.7200000000000002,5671.0,,,,,,,,,,,,0,
28,8,necessity,-6604.95749222883,0.0,156.89009087388578,13819.10537502223,1.0,35.0,4232.0,,,5671.0,497487.7935008003,504092.75099302916,0.7650000000000002,5671.0,,,,,,,,,,,,0,
29,8,necessity,426273.9590000127,1439.0,75.2326583385233,18970.253273665276,1.0,36.0,9593.0,,,5671.0,663958.8645782847,237684.90557827195,0.7950000000000003,5671.0,,,,,,,,,,,,0,
30,8,necessity,20260.88293745398,0.0,166.07252186535266,14858.450021858349,1.0,35.0,3127.0,,,5671.0,534904.2007869006,514643.3178494466,0.8300000000000003,5671.0,,,,,,,,,,,,0,
31,8,necessity,281623.8702946858,2544.0,77.74739900722045,14837.393596370222,1.0,34.0,17077.0,,,5671.0,519308.7758729578,237684.90557827195,0.8550000000000003,5671.0,,,,,,,,,,,,0,
32,8,necessity,-1693349.8343397593,0.0,768.9867078760773,18785.143613068118,1.0,35.0,1423.0,,,5671.0,638694.882844316,2332044.717184075,0.8700000000000003,5671.0,,,,,,,,,,,,0,
33,8,necessity,902339.1167590776,4248.0,62.10362497346875,31264.802437361657,1.0,36.0,15800.0,,,5671.0,1094268.085307658,191928.96854858028,0.8350000000000003,5671.0,,,,,,,,,,,,0,
34,8,necessity,144325.43795443297,0.0,155.5355989770427,17111.27378088435,1.0,35.0,5935.0,,,5671.0,616005.8561118365,471680.41815740353,0.8700000000000003,5671.0,,,,,,,,,,,,0,
35,8,necessity,690113.4132502289,0.0,65.48801870499292,25201.210908537403,1.0,36.0,16305.0,,,5671.0,882042.3817988092,191928.96854858028,0.9350000000000003,5671.0,,,,,,,,,,,,0,
36,8,necessity,-95084.36999814532,0.0,161.21939182227734,10316.18205766708,1.0,35.0,4654.0,,,5671.0,371382.5540760149,466466.9240741602,0.9600000000000003,5671.0,,,,,,,,,,,,0,
37,8,necessity,558386.0809922984,1017.0,67.85709431705986,21437.572844025108,1.0,36.0,21695.0,,,5671.0,750315.0495408787,191928.96854858028,1.0050000000000003,5671.0,,,,,,,,,,,,0,
38,8,necessity,-35408.1029056682,0.0,175.9905048859575,12606.340188680455,1.0,35.0,3444.0,,,5671.0,453828.24679249636,489236.34969816456,1.0400000000000003,5671.0,,,,,,,,,,,,0,
39,8,necessity,414182.3302786574,2227.0,69.88773055597437,17317.46568077822,1.0,36.0,22302.0,,,5671.0,606111.2988272377,191928.96854858028,1.0650000000000002,5671.0,,,,,,,,,,,,0,
40,8,necessity,87797.18208971596,0.0,171.8867640442584,15332.591553641267,1.0,35.0,8220.0,,,5671.0,551973.2959310856,464176.11384136963,1.1,5671.0,,,,,,,,,,,,0,
