data/saved_data/run_2025_05_02_1721_lowered_population/firm_data.csv
Step,AgentID,FirmType,Profit,Inventory,ProductPrice,RevenuePerEmployee,ProductionLevel,NumEmployees,DemandReceived,InventoryDemandRatio,SellThroughRate,ProductionCapacity,Revenue,Costs,Markup,ProducedUnits,IncomeBracket,NumPeople,SpendRatio,PostTaxIncome,HouseholdExpense,HouseholdSavings,HealthLevel,Welfare,SkillLevel,SkillType,JobLevel,IsEmployed,Wage
8,26,necessity,30561.921328237397,1909.8000000000002,2149.7527361478983,24700.781853220054,0.1,33.0,92.0,,,3568.0,790425.0193030417,759863.0979748043,0.01,357.0,,,,,,,,,,,,0,
9,26,necessity,-924717.4052615024,2174.8,3175.6851551296777,5993.2500522911105,0.1,32.0,288.0,,,3568.0,197777.25172560665,1122494.656987109,0.01,357.0,,,,,,,,,,,,0,
10,26,necessity,154734.22670254286,2243.8,2149.7527361478983,28581.1663961671,0.1,33.0,399.0,,,3568.0,914597.3246773472,759863.0979748043,0.01,357.0,,,,,,,,,,,,0,
11,26,necessity,-305668.7633114775,2201.8,3291.4686352755325,25992.464900697316,0.1,32.0,51.0,,,3568.0,857751.3417230115,1163420.105034489,0.01,357.0,,,,,,,,,,,,0,
12,26,necessity,-591998.1975757522,2507.8,2149.7527361478983,5245.77813747038,0.1,31.0,147.0,,,3568.0,167864.90039905216,759863.0979748043,0.01,357.0,,,,,,,,,,,,0,
13,26,necessity,-227358.050329321,2717.8,1537.2700785188308,10193.988781088421,0.1,32.0,262.0,,,3568.0,316013.65221374104,543371.702543062,0.01,357.0,,,,,,,,,,,,0,
14,26,necessity,-358450.6360491023,2812.8,2153.5785670410864,12586.398767872928,0.1,33.0,79.0,,,3568.0,402764.7605719337,761215.396621036,0.01,357.0,,,,,,,,,,,,0,
15,26,necessity,-957606.1097564315,3090.8,3190.521572906674,5155.536569583207,0.1,32.0,54.0,,,3568.0,170132.70679624582,1127738.8165526774,0.01,357.0,,,,,,,,,,,,0,
16,26,necessity,-588927.2316840757,3393.8,2153.5785670410864,5384.005154280012,0.1,33.0,120.0,,,3568.0,172288.16493696038,761215.396621036,0.01,357.0,,,,,,,,,,,,0,
17,26,necessity,-868779.3625933491,3630.8,3189.02205981972,7831.194789240314,0.1,34.0,216.0,,,3568.0,258429.42804493036,1127208.7906382794,0.01,357.0,,,,,,,,,,,,0,
18,26,necessity,-584356.5659121803,3771.8,3602.0089090744073,20259.669556501754,0.1,35.0,160.0,,,3568.0,688828.7649210596,1273185.33083324,0.01,357.0,,,,,,,,,,,,0,
19,26,necessity,-911956.5671611395,3968.8,4210.53436506622,16466.326441483005,0.1,34.0,107.0,,,3568.0,576321.4254519051,1488277.9926130446,0.01,357.0,,,,,,,,,,,,0,
20,26,necessity,-671757.4215337157,4218.8,3175.090872287587,13250.799325355458,0.1,33.0,36.0,,,3568.0,450527.17706208554,1122284.5985958013,0.01,357.0,,,,,,,,,,,,0,
21,26,necessity,-792888.6654136435,4539.8,2566.565416295774,3463.735497041004,0.1,32.0,245.0,,,3568.0,114303.27140235313,907191.9368159967,0.01,357.0,,,,,,,,,,,,0,
22,26,necessity,-60539.715745557914,4651.8,1950.2569277735179,19650.26646851452,0.1,33.0,296.0,,,3568.0,628808.5269924647,689348.2427380226,0.01,357.0,,,,,,,,,,,,0,
23,26,necessity,-342155.3917157559,4712.8,2601.1925886803688,17493.213655180643,0.1,32.0,308.0,,,3568.0,577276.0506209612,919431.4423367172,0.01,357.0,,,,,,,,,,,,0,
24,26,necessity,111819.07457553095,4761.8,1950.2569277735179,25036.478666048548,0.1,33.0,221.0,,,3568.0,801167.3173135535,689348.2427380226,0.01,357.0,,,,,,,,,,,,0,
25,26,necessity,-533865.3954418262,4897.8,2729.7504076045407,13060.81154660447,0.1,32.0,271.0,,,3568.0,431006.78103794745,964872.1764797736,0.01,357.0,,,,,,,,,,,,0,
26,26,necessity,6428.06813830242,4983.8,2074.6992525799833,23117.573764400953,0.1,33.0,260.0,,,3568.0,739762.3604608305,733334.2923225281,0.01,357.0,,,,,,,,,,,,0,
27,26,necessity,-423555.1990656124,5080.8,2724.388717253175,16346.115323357442,0.1,32.0,42.0,,,3568.0,539421.8056707956,962977.004736408,0.01,357.0,,,,,,,,,,,,0,
28,26,necessity,-618909.9661978948,5395.8,2074.6992525799833,3575.760191394792,0.1,31.0,177.0,,,3568.0,114424.32612463334,733334.2923225281,0.01,357.0,,,,,,,,,,,,0,
29,26,necessity,-90588.59087412001,5575.8,1295.2057727489612,11845.863474408292,0.1,32.0,376.0,,,3568.0,367221.76770665706,457810.3585807771,0.01,357.0,,,,,,,,,,,,0,
30,26,necessity,-206079.1638559014,5556.8,1960.804755722132,15218.667829800293,0.1,33.0,336.0,,,3568.0,486997.3705536094,693076.5344095108,0.01,357.0,,,,,,,,,,,,0,
31,26,necessity,-297983.497174846,5577.8,2720.3532235394714,19964.55751280716,0.1,34.0,125.0,,,3568.0,658830.3979226364,956813.8950974824,0.015000000000000003,357.0,,,,,,,,,,,,0,
32,26,necessity,-1024882.0978508885,5809.8,3861.5560488506994,10001.29861595394,0.1,33.0,124.0,,,3568.0,340044.15294243395,1364926.2507933225,0.01,357.0,,,,,,,,,,,,0,
33,26,necessity,-477980.94503999565,6042.8,2706.952468743711,14510.089395681416,0.1,34.0,433.0,,,3568.0,478832.9500574867,956813.8950974824,0.01,357.0,,,,,,,,,,,,0,
34,26,necessity,-153057.69618125097,5966.8,3749.0750491587555,34473.83585194197,0.1,35.0,235.0,,,3568.0,1172110.418966027,1325168.115147278,0.01,357.0,,,,,,,,,,,,0,
35,26,necessity,-690037.3760375851,6088.8,4444.763888714363,25172.361044351645,0.1,34.0,106.0,,,3568.0,881032.6365523075,1571070.0125898926,0.01,357.0,,,,,,,,,,,,0,
36,26,necessity,-731570.8203363745,6339.8,3402.6413082993186,13857.205064815367,0.1,33.0,83.0,,,3568.0,471144.97220372246,1202715.792540097,0.01,357.0,,,,,,,,,,,,0,
37,26,necessity,-685030.38812252,6613.8,2737.0423253261474,8558.158442086164,0.1,32.0,156.0,,,3568.0,282419.2285888434,967449.6167113633,0.01,357.0,,,,,,,,,,,,0,
38,26,necessity,-294569.11651786964,6814.8,2041.3534857705397,13343.08133596497,0.1,33.0,336.0,,,3568.0,426978.602750879,721547.7192687487,0.01,357.0,,,,,,,,,,,,0,
39,26,necessity,-259158.64110127185,6835.8,2673.680514761049,20784.690036936405,0.1,34.0,192.0,,,3568.0,685894.7712189014,945053.4123201732,0.01,357.0,,,,,,,,,,,,0,
40,26,necessity,-806171.3916668121,7000.8,3733.0902724729763,15098.431142180041,0.1,33.0,143.0,,,3568.0,513346.6588341214,1319518.0505009335,0.01,357.0,,,,,,,,,,,,0,
8,35,necessity,-194983.26686745763,0.0,104.24815185175702,9973.181837293134,1.0,24.0,177063.0,,,5562.0,249329.54593232836,444312.812799786,0.305,5562.0,,,,,,,,,,,,0,
9,35,necessity,391947.3439316179,0.0,46.277741997246146,24159.509191644687,1.0,25.0,394772.0,,,5562.0,579828.2205994725,187880.87666785458,0.37,5562.0,,,,,,,,,,,,0,
10,35,necessity,-162928.2011270356,0.0,106.1770276638633,10295.872039547323,1.0,24.0,196422.0,,,5562.0,257396.80098868307,420325.0021157187,0.40499999999999997,5562.0,,,,,,,,,,,,0,
11,35,necessity,402675.751198553,0.0,49.655679369307904,24606.52616110032,1.0,25.0,433140.0,,,5562.0,590556.6278664076,187880.87666785458,0.47,5562.0,,,,,,,,,,,,0,
12,35,necessity,-200391.75179402396,0.0,128.09818003215443,11047.395546083622,1.0,24.0,139665.0,,,5562.0,276184.88865209057,476576.6404461145,0.495,5562.0,,,,,,,,,,,,0,
13,35,necessity,524601.2006709883,0.0,52.35802926695731,29686.75322245179,1.0,25.0,393056.0,,,5562.0,712482.0773388429,187880.87666785458,0.55,5562.0,,,,,,,,,,,,0,
14,35,necessity,-130151.06654025277,0.0,119.31897155061404,11648.614351312663,1.0,24.0,2175.0,,,5562.0,291215.35878281656,421366.4253230693,0.5750000000000001,5562.0,,,,,,,,,,,,0,
15,35,necessity,71637.88645473096,3387.0,52.02023552975113,10813.281796774398,1.0,23.0,359085.0,,,5562.0,259518.76312258554,187880.87666785458,0.54,5562.0,,,,,,,,,,,,0,
16,35,necessity,-917901.5883370657,0.0,386.7735888057432,20240.395119814908,1.0,24.0,371.0,,,5562.0,465529.0877557429,1383430.6760928086,0.555,5562.0,,,,,,,,,,,,0,
17,35,necessity,-26981.36868886513,5191.0,45.974749219295035,5978.87506028878,1.0,23.0,410712.0,,,5562.0,143493.00144693072,170474.37013579585,0.5,5562.0,,,,,,,,,,,,0,
18,35,necessity,-889064.1977377292,0.0,376.824428965081,21494.19471109041,1.0,24.0,1224.0,,,5562.0,494366.4783550795,1383430.6760928086,0.515,5562.0,,,,,,,,,,,,0,
19,35,necessity,289288.7141631145,4338.0,45.443769989764256,19218.04587721913,1.0,23.0,472009.0,,,5562.0,461233.1010532591,171944.3868901446,0.47000000000000003,5562.0,,,,,,,,,,,,0,
20,35,necessity,-933537.3531941425,0.0,374.3371390049154,19560.579256463745,1.0,24.0,1694.0,,,5562.0,449893.32289866614,1383430.6760928086,0.505,5562.0,,,,,,,,,,,,0,
21,35,necessity,423575.1391861923,3868.0,55.647501285133046,26421.963061430277,1.0,25.0,380175.0,,,5562.0,634127.1134743267,210551.97428813437,0.47000000000000003,5562.0,,,,,,,,,,,,0,
22,35,necessity,63238.990494287864,0.0,124.88007992538972,20990.237484752186,1.0,24.0,166138.0,,,5562.0,524755.9371188047,461516.9466245168,0.505,5562.0,,,,,,,,,,,,0,
23,35,necessity,484031.03025688324,0.0,59.05449115973303,28940.95852270907,1.0,25.0,289279.0,,,5562.0,694583.0045450176,210551.97428813437,0.56,5562.0,,,,,,,,,,,,0,
24,35,necessity,-100061.72544534493,0.0,122.88634920747624,13138.443193217405,1.0,24.0,162620.0,,,5562.0,328461.0798304351,428522.80527578003,0.5950000000000001,5562.0,,,,,,,,,,,,0,
25,35,necessity,472941.9000038485,0.0,62.46148103433302,28478.91142883262,1.0,25.0,302226.0,,,5562.0,683493.8742919829,210551.97428813437,0.6500000000000001,5562.0,,,,,,,,,,,,0,
26,35,necessity,-82107.58051985467,0.0,130.12197041624796,13896.43030051841,1.0,24.0,137201.0,,,5562.0,347410.75751296023,429518.3380328149,0.6850000000000002,5562.0,,,,,,,,,,,,0,
27,35,necessity,513186.4251670368,0.0,65.48991647842189,30155.766643965468,1.0,25.0,14104.0,,,5562.0,723738.3994551712,210551.97428813437,0.7300000000000002,5562.0,,,,,,,,,,,,0,
28,35,necessity,-85798.81012963702,0.0,142.0072434835473,14570.196618119302,1.0,24.0,132684.0,,,5562.0,364254.91545298253,450053.72558261955,0.7550000000000002,5562.0,,,,,,,,,,,,0,
29,35,necessity,579292.3139673558,0.0,67.00413420046634,32910.17867731209,1.0,25.0,3876.0,,,5562.0,789844.2882554901,210551.97428813437,0.7700000000000002,5562.0,,,,,,,,,,,,0,
30,35,necessity,-209974.69633083427,1686.0,151.57865572299127,10388.3209664403,1.0,24.0,3235.0,,,5562.0,259708.02416100752,469682.7204918418,0.7950000000000003,5562.0,,,,,,,,,,,,0,
31,35,necessity,279804.9769757424,4013.0,67.00413420046634,20431.539635994865,1.0,25.0,9475.0,,,5562.0,490356.95126387675,210551.97428813437,0.7700000000000002,5562.0,,,,,,,,,,,,0,
32,35,necessity,164246.89303537708,100.0,152.30332635256588,25394.566861976742,1.0,26.0,117800.0,,,5562.0,634864.1715494186,470617.2785140415,0.8000000000000003,5562.0,,,,,,,,,,,,0,
33,35,necessity,219960.37062965496,0.0,213.08756946267167,33166.97822339339,1.0,27.0,3114.0,,,5562.0,862341.433808228,642381.063178573,0.8450000000000003,5562.0,,,,,,,,,,,,0,
34,35,necessity,-222127.57601719594,2448.0,296.18285093965744,24576.099678028135,1.0,26.0,2821.0,,,5562.0,663554.6913067596,885682.2673239555,0.8600000000000003,5562.0,,,,,,,,,,,,0,
35,35,necessity,193150.75932220055,5189.0,211.93262328672225,32135.83932695283,1.0,27.0,2178.0,,,5562.0,835531.8225007736,642381.063178573,0.8350000000000003,5562.0,,,,,,,,,,,,0,
36,35,necessity,-434199.88779369264,8573.0,284.26246568351746,17095.89827846226,1.0,26.0,1825.0,,,5562.0,461589.25351848104,895789.1413121737,0.7650000000000003,5562.0,,,,,,,,,,,,0,
37,35,necessity,-123602.0633061537,12310.0,194.03095755950594,19953.03845663151,1.0,27.0,4163.0,,,5562.0,518778.99987241934,642381.063178573,0.6800000000000004,5562.0,,,,,,,,,,,,0,
38,35,necessity,-73417.43041311472,13709.0,259.81949348846723,29916.69912297123,1.0,28.0,1332.0,,,5562.0,807750.8763202232,881168.3067333379,0.6400000000000003,5562.0,,,,,,,,,,,,0,
11,4,necessity,-704197.3943653115,1021.0,3529.3297374638473,15102.006288467344,0.1,41.0,160.0,,,4024.0,634284.2641156284,1338481.65848094,0.06,402.0,,,,,,,,,,,,0,
12,4,necessity,-469095.1022539814,1263.0,2597.3277021227645,13772.994097419893,0.1,40.0,308.0,,,4024.0,564692.7579942156,1033787.860248197,0.01,402.0,,,,,,,,,,,,0,
13,4,necessity,82758.21129034972,1357.0,1801.967428783903,19999.42330634529,0.1,41.0,272.0,,,4024.0,799976.9322538115,717218.7209634618,0.01,402.0,,,,,,,,,,,,0,
14,4,necessity,-550220.6627356824,1487.0,2613.8292507082683,11954.515625102966,0.1,40.0,275.0,,,4024.0,490135.1406292216,1040355.803364904,0.01,402.0,,,,,,,,,,,,0,
15,4,necessity,1584.3229813119397,1614.0,1801.967428783903,17970.07609861934,0.1,41.0,608.0,,,4024.0,718803.0439447737,717218.7209634618,0.01,402.0,,,,,,,,,,,,0,
16,4,necessity,114643.48581753392,1408.0,2464.5826754411123,26721.858456112514,0.1,42.0,381.0,,,4024.0,1095596.196700613,980952.7108830791,0.01,402.0,,,,,,,,,,,,0,
17,4,necessity,-320921.5918653001,1429.0,3212.5019347663456,22357.285698644377,0.1,41.0,331.0,,,4024.0,939005.9993430638,1259927.5912083639,0.025,402.0,,,,,,,,,,,,0,
18,4,necessity,67144.5391189137,1500.0,2502.8744646735313,25935.076595308787,0.1,42.0,251.0,,,4024.0,1063338.1404076603,996193.6012887466,0.01,402.0,,,,,,,,,,,,0,
19,4,necessity,-681143.5943823989,1651.0,3289.698339741073,14957.654538882294,0.1,41.0,181.0,,,4024.0,628221.4906330564,1309365.0850154553,0.01,402.0,,,,,,,,,,,,0,
20,4,necessity,-434954.8051970361,1872.0,2588.791303851445,14522.814621783762,0.1,40.0,209.0,,,4024.0,595435.3994931342,1030390.2046901704,0.01,402.0,,,,,,,,,,,,0,
21,4,necessity,-176161.33845850988,2065.0,1801.967428783903,13526.434562623797,0.1,39.0,496.0,,,4024.0,541057.3825049519,717218.7209634618,0.01,402.0,,,,,,,,,,,,0,
22,4,necessity,405322.68380812736,1971.0,1227.208187189471,22917.32935068759,0.1,40.0,820.0,,,4024.0,893775.8446768159,488453.16086868854,0.01,402.0,,,,,,,,,,,,0,
23,4,necessity,228303.5046468632,1553.0,2003.0782566047817,25157.767837384155,0.1,41.0,84.0,,,4024.0,1006310.7134953662,778007.208848503,0.035,402.0,,,,,,,,,,,,0,
24,4,necessity,-1091109.5563579167,1871.0,3164.0840996212974,4103.867647678089,0.1,40.0,387.0,,,4024.0,168258.57355480167,1259368.1299127184,0.01,402.0,,,,,,,,,,,,0,
25,4,necessity,446493.33770493907,1886.0,1954.6947238365506,30612.51366383605,0.1,41.0,278.0,,,4024.0,1224500.546553442,778007.208848503,0.01,402.0,,,,,,,,,,,,0,
26,4,necessity,-737921.3144551913,2010.0,3219.253007311733,13253.783737233196,0.1,40.0,243.0,,,4024.0,543405.133226561,1281326.4476817523,0.01,402.0,,,,,,,,,,,,0,
27,4,necessity,4271.2719282482285,2169.0,1954.6947238365506,19556.96201941878,0.1,41.0,556.0,,,4024.0,782278.4807767512,778007.208848503,0.01,402.0,,,,,,,,,,,,0,
28,4,necessity,-224267.79575490835,2015.0,3294.0020883982797,26507.567474466392,0.1,42.0,69.0,,,4024.0,1086810.266453122,1311078.0622080304,0.01,402.0,,,,,,,,,,,,0,
29,4,necessity,-1312982.1863308316,2348.0,3869.8283827482283,5411.574859511459,0.1,41.0,168.0,,,4024.0,227286.1440994813,1540268.330430313,0.01,402.0,,,,,,,,,,,,0,
30,4,necessity,-357066.30876908323,2582.0,2530.5210181864986,15856.857763456155,0.1,42.0,125.0,,,4024.0,650131.1683017024,1007197.4770707856,0.01,402.0,,,,,,,,,,,,0,
31,4,necessity,-1026592.5397593721,2859.0,3373.971990868257,7531.3125541264835,0.1,41.0,177.0,,,4024.0,316315.1272733123,1342907.6670326844,0.01,402.0,,,,,,,,,,,,0,
32,4,necessity,-456160.57666918845,3084.0,2646.485454221177,14565.683960577599,0.1,42.0,235.0,,,4024.0,597193.0423836815,1053353.61905287,0.01,402.0,,,,,,,,,,,,0,
33,4,necessity,-767624.529982623,3251.0,3491.154463558933,14807.716231951823,0.1,43.0,311.0,,,4024.0,621924.0817419766,1389548.6117245995,0.01,402.0,,,,,,,,,,,,0,
34,4,necessity,-766973.5791760781,3342.0,4654.85034542658,25249.977631786704,0.1,44.0,280.0,,,4024.0,1085749.0381668282,1852722.6173429063,0.01,402.0,,,,,,,,,,,,0,
35,4,necessity,-755841.4851684873,3464.0,5173.610876948254,29621.774925441874,0.1,45.0,152.0,,,4024.0,1303358.0967194424,2059199.5818879297,0.01,402.0,,,,,,,,,,,,0,
36,4,necessity,-1541921.1463071383,3714.0,5849.734064053661,17475.307851025213,0.1,44.0,97.0,,,4024.0,786388.8532961346,2328309.999603273,0.01,402.0,,,,,,,,,,,,0,
37,4,necessity,-1297711.7897717613,4019.0,4686.038182186016,12896.004641209207,0.1,43.0,132.0,,,4024.0,567424.2042132051,1865135.9939849665,0.01,402.0,,,,,,,,,,,,0,
38,4,necessity,-977468.536221069,4289.0,4009.9149950806077,14385.04744298963,0.1,44.0,7.0,,,4024.0,618557.0400485541,1596025.5762696231,0.01,402.0,,,,,,,,,,,,0,
39,4,necessity,-2016048.1590215277,4684.0,5135.718245003096,637.9410219446421,0.1,43.0,174.0,,,4024.0,28069.404965564252,2044117.5639870919,0.01,402.0,,,,,,,,,,,,0,
40,4,necessity,-702410.6016390844,4912.0,4009.9149950806077,20781.74359605904,0.1,44.0,234.0,,,4024.0,893614.9746305387,1596025.5762696231,0.01,402.0,,,,,,,,,,,,0,
