data/saved_data/run_2025_05_02_1721_lowered_population/firm_data.csv
Step,AgentID,FirmType,Profit,Inventory,ProductPrice,RevenuePerEmployee,ProductionLevel,NumEmployees,DemandReceived,InventoryDemandRatio,SellThroughRate,ProductionCapacity,Revenue,Costs,Markup,ProducedUnits,IncomeBracket,NumPeople,SpendRatio,PostTaxIncome,HouseholdExpense,HouseholdSavings,HealthLevel,Welfare,SkillLevel,SkillType,JobLevel,IsEmployed,Wage
12,2,necessity,-420201.7021814063,10075.0,1226.430647100644,7940.038008455616,0.1,77.0,515.0,,,8427.0,603442.8886426268,1023644.5908240331,0.01,843.0,,,,,,,,,,,,0,
13,2,necessity,-687810.5841228734,10403.0,1580.8025972392638,8202.750431906903,0.1,78.0,164.0,,,8427.0,631611.7832568316,1319422.367379705,0.01,843.0,,,,,,,,,,,,0,
14,2,necessity,-1498011.056794526,11082.0,2105.379961404274,3323.7387941953752,0.1,77.0,474.0,,,8427.0,259251.62594723926,1757262.6827417654,0.01,843.0,,,,,,,,,,,,0,
15,2,necessity,-321472.26567407907,11451.0,1580.8025972392638,12960.390931241895,0.1,78.0,562.0,,,8427.0,997950.1017056259,1319422.367379705,0.01,843.0,,,,,,,,,,,,0,
16,2,necessity,-906986.8697539261,11732.0,2151.069877277991,11389.885380108542,0.1,77.0,346.0,,,8427.0,888411.0596484663,1795397.9294023924,0.01,843.0,,,,,,,,,,,,0,
17,2,necessity,-575152.18984152,12229.0,1580.8025972392638,9665.84646153487,0.1,76.0,291.0,,,8427.0,744270.1775381849,1319422.367379705,0.01,843.0,,,,,,,,,,,,0,
18,2,necessity,-563631.0350274073,12781.0,1226.430647100644,6052.809944692444,0.1,75.0,586.0,,,8427.0,460013.5557966258,1023644.5908240331,0.01,843.0,,,,,,,,,,,,0,
19,2,necessity,21367.009261189378,13038.0,835.4621145951646,9582.511456013031,0.1,76.0,757.0,,,8427.0,718688.3592009774,697321.349939788,0.01,843.0,,,,,,,,,,,,0,
20,2,necessity,-385935.5548819031,13124.0,1220.12358026883,8321.642378270259,0.1,75.0,234.0,,,8427.0,632444.8207485396,1018380.3756304428,0.01,843.0,,,,,,,,,,,,0,
21,2,necessity,-411812.4321568818,13733.0,835.4621145951646,3806.7855704387493,0.1,74.0,895.0,,,8427.0,285508.9177829062,697321.349939788,0.01,843.0,,,,,,,,,,,,0,
22,2,necessity,264689.06375996856,13681.0,578.7426138932244,10104.575575171248,0.1,75.0,1093.0,,,8427.0,747738.5925626723,483049.5288027038,0.01,843.0,,,,,,,,,,,,0,
23,2,necessity,-177542.49770585017,13431.0,985.0069728035778,8434.209026470591,0.1,74.0,787.0,,,8427.0,632565.6769852943,810108.1746911445,0.025,843.0,,,,,,,,,,,,0,
24,2,necessity,292150.9587937119,13487.0,595.9329885633202,10475.682264816429,0.1,75.0,1303.0,,,8427.0,775200.4875964157,483049.5288027038,0.04000000000000001,843.0,,,,,,,,,,,,0,
25,2,necessity,12883.46181421273,13027.0,928.4788278913517,10353.342454640084,0.1,74.0,1271.0,,,8427.0,776500.6840980062,763617.2222837935,0.02500000000000001,843.0,,,,,,,,,,,,0,
26,2,necessity,697047.0614472041,12599.0,595.9329885633202,15947.25121959335,0.1,75.0,1546.0,,,8427.0,1180096.590249908,483049.5288027038,0.04000000000000001,843.0,,,,,,,,,,,,0,
27,2,necessity,158685.79544503766,11896.0,940.8442089299709,12284.165337585242,0.1,74.0,612.0,,,8427.0,921312.4003188931,762626.6048738555,0.04000000000000001,843.0,,,,,,,,,,,,0,
28,2,necessity,92747.12706243846,12127.0,593.0679261183042,7781.03589006949,0.1,73.0,1214.0,,,8427.0,575796.6558651422,483049.5288027038,0.03500000000000001,843.0,,,,,,,,,,,,0,
29,2,necessity,471128.9645606992,11756.0,298.1542733407319,9862.80085352906,0.1,74.0,2998.0,,,8427.0,719984.4623076213,248855.49774692205,0.010000000000000012,843.0,,,,,,,,,,,,0,
30,2,necessity,332669.46482402715,9601.0,672.3713125096448,12079.277182101543,0.1,75.0,854.0,,,8427.0,893866.5114755142,561197.046651487,0.01,843.0,,,,,,,,,,,,0,
31,2,necessity,-211816.21915400878,9590.0,955.7198719839344,7656.068011776489,0.1,74.0,510.0,,,8427.0,574205.1008832366,786021.3200372454,0.025,843.0,,,,,,,,,,,,0,
32,2,necessity,13737.363579126133,9923.0,567.5166883469639,6586.718036646034,0.1,73.0,1877.0,,,8427.0,487417.13471180655,473679.7711326804,0.01,843.0,,,,,,,,,,,,0,
33,2,necessity,816373.3262803291,8889.0,298.1542733407319,14592.175671606181,0.1,74.0,4062.0,,,8427.0,1065228.8240272512,248855.49774692205,0.01,843.0,,,,,,,,,,,,0,
34,2,necessity,703054.7102031622,5670.0,623.7599355478908,16366.252139325039,0.1,75.0,738.0,,,8427.0,1211102.658310053,508047.9481068908,0.034999999999999996,843.0,,,,,,,,,,,,0,
35,2,necessity,-301990.549701093,5775.0,931.4295879811032,6137.797765791245,0.1,74.0,806.0,,,8427.0,460334.8324343434,762325.3821354364,0.03,843.0,,,,,,,,,,,,0,
36,2,necessity,247599.3161373015,5812.0,605.7887605531565,10145.030377199584,0.1,75.0,1234.0,,,8427.0,750732.2479127692,503132.9317754677,0.015000000000000001,843.0,,,,,,,,,,,,0,
37,2,necessity,-47982.00409267214,5421.0,953.120506534163,9967.244406967935,0.1,74.0,572.0,,,8427.0,747543.3305225951,795525.3346152672,0.01,843.0,,,,,,,,,,,,0,
38,2,necessity,42051.99796207354,5692.0,602.8045794666879,7367.363915372179,0.1,73.0,1192.0,,,8427.0,545184.9297375412,503132.9317754677,0.01,843.0,,,,,,,,,,,,0,
39,2,necessity,461965.1977247637,5343.0,307.4064523156786,9843.055598962903,0.1,74.0,2063.0,,,8427.0,718543.058724292,256577.86099952826,0.01,843.0,,,,,,,,,,,,0,
40,2,necessity,88497.78141878778,4123.0,669.9651121925125,8569.99339361142,0.1,73.0,473.0,,,8427.0,634179.511127245,545681.7297084572,0.035,843.0,,,,,,,,,,,,0,
12,21,necessity,162039.1323163854,3430.0,1039.5489028833713,28729.587248287196,0.1,19.0,470.0,,,3452.0,517132.5704691695,355093.43815278413,0.01,345.0,,,,,,,,,,,,0,
13,21,necessity,-152846.76653366874,3305.0,1877.8234681736762,25715.1570713255,0.1,18.0,305.0,,,3452.0,488587.9843551845,641434.7508888532,0.01,345.0,,,,,,,,,,,,0,
14,21,necessity,217642.7196401871,3345.0,1039.5489028833713,31818.675432942848,0.1,19.0,580.0,,,3452.0,572736.1577929712,355093.43815278413,0.01,345.0,,,,,,,,,,,,0,
15,21,necessity,-5301.03361194802,3110.0,1780.6428680478361,31733.5980880187,0.1,18.0,321.0,,,3452.0,602938.3636723553,608239.3972843033,0.01,345.0,,,,,,,,,,,,0,
16,21,necessity,216492.92249057128,3134.0,1054.9877479756985,31754.797813519745,0.1,19.0,517.0,,,3452.0,571586.3606433554,355093.43815278413,0.025,345.0,,,,,,,,,,,,0,
17,21,necessity,-51856.60513157188,2962.0,1748.5742660718372,28706.771879128217,0.1,18.0,213.0,,,3452.0,545428.6657034361,597285.270835008,0.010000000000000004,345.0,,,,,,,,,,,,0,
18,21,necessity,17352.88052051718,3094.0,1039.5489028833713,20691.46214851674,0.1,17.0,386.0,,,3452.0,372446.3186733013,355093.43815278413,0.01,345.0,,,,,,,,,,,,0,
19,21,necessity,213864.44380803008,3053.0,548.624482560511,23603.875088998902,0.1,18.0,420.0,,,3452.0,401265.8765129813,187401.43270495124,0.01,345.0,,,,,,,,,,,,0,
20,21,necessity,-214671.639827022,2978.0,1303.0285809403838,12801.237926411923,0.1,17.0,682.0,,,3452.0,230422.2826754146,445093.9225024366,0.01,345.0,,,,,,,,,,,,0,
21,21,necessity,701264.0594963905,2641.0,548.624482560511,52274.440717725985,0.1,18.0,1050.0,,,3452.0,888665.4922013418,187401.43270495124,0.01,345.0,,,,,,,,,,,,0,
22,21,necessity,103140.44613812759,1936.0,1418.7457775389198,32003.094816029803,0.1,17.0,444.0,,,3452.0,576055.7066885364,472915.26055040886,0.035,345.0,,,,,,,,,,,,0,
23,21,necessity,442521.69252232916,1837.0,570.3521848401351,37054.30148395767,0.1,18.0,707.0,,,3452.0,629923.1252272804,187401.43270495124,0.05,345.0,,,,,,,,,,,,0,
24,21,necessity,-30571.931309323583,1475.0,1301.4327742016283,22402.16637122086,0.1,17.0,748.0,,,3452.0,403238.9946819755,433810.9259912991,0.035,345.0,,,,,,,,,,,,0,
25,21,necessity,786070.2823978667,1072.0,581.2160359799473,57263.042064871646,0.1,18.0,1536.0,,,3452.0,973471.715102818,187401.43270495124,0.07,345.0,,,,,,,,,,,,0,
12,23,necessity,-403915.5280922963,2263.0,1811.256557788895,10153.461791648473,0.1,49.0,330.0,,,4968.0,487366.16599912674,891281.6940914231,0.01,497.0,,,,,,,,,,,,0,
13,23,necessity,-720701.6162485919,2430.0,2679.2765401264382,12198.258450415007,0.1,50.0,149.0,,,4968.0,597714.6640703353,1318416.2803189273,0.01,497.0,,,,,,,,,,,,0,
14,23,necessity,-1099228.3597391313,2778.0,3045.1206575755123,7984.244089576786,0.1,49.0,289.0,,,4968.0,399212.2044788393,1498440.5642179705,0.01,497.0,,,,,,,,,,,,0,
15,23,necessity,-191266.1079511434,2986.0,2177.1006752379685,17959.997347741286,0.1,50.0,223.0,,,4968.0,880039.870039323,1071305.9779904664,0.01,497.0,,,,,,,,,,,,0,
16,23,necessity,-1017119.2767033777,3260.0,3053.5992987940845,9709.869011561339,0.1,49.0,93.0,,,4968.0,485493.450578067,1502612.7272814447,0.01,497.0,,,,,,,,,,,,0,
17,23,necessity,-787321.2432026166,3664.0,2177.1006752379685,5795.606832405098,0.1,48.0,26.0,,,4968.0,283984.7347878498,1071305.9779904664,0.01,497.0,,,,,,,,,,,,0,
18,23,necessity,-738249.9199031494,4135.0,1615.2979501380926,1179.2628657538996,0.1,47.0,70.0,,,4968.0,56604.61755618718,794854.5374593366,0.01,497.0,,,,,,,,,,,,0,
19,23,necessity,-396699.50821134745,4562.0,1035.9518457389781,2405.762904460989,0.1,48.0,970.0,,,4968.0,113070.85650966648,509770.36472101393,0.01,497.0,,,,,,,,,,,,0,
20,23,necessity,234834.69130970968,4089.0,1564.8671699855188,20934.860215975183,0.1,49.0,348.0,,,4968.0,1004873.2903668088,770038.5990570991,0.01,497.0,,,,,,,,,,,,0,
21,23,necessity,-455844.0322342516,4238.0,2033.0422201812114,11113.750513366542,0.1,48.0,393.0,,,4968.0,544573.7751549606,1000417.8073892122,0.01,497.0,,,,,,,,,,,,0,
22,23,necessity,28946.993474117015,4342.0,1564.8671699855188,16645.53317773367,0.1,49.0,549.0,,,4968.0,798985.5925312161,770038.5990570991,0.01,497.0,,,,,,,,,,,,0,
23,23,necessity,-187650.08614506386,4290.0,2127.222901337147,17532.899516776528,0.1,50.0,388.0,,,4968.0,859112.0763220498,1046762.1624671137,0.010000000000000004,497.0,,,,,,,,,,,,0,
24,23,necessity,-654204.2503458518,4399.0,3006.7653931962695,16507.24971437626,0.1,49.0,363.0,,,4968.0,825362.485718813,1479566.7360646648,0.01,497.0,,,,,,,,,,,,0,
25,23,necessity,44693.6752631322,4533.0,2127.222901337147,22274.608933270323,0.1,50.0,308.0,,,4968.0,1091455.837730246,1046762.1624671137,0.01,497.0,,,,,,,,,,,,0,
26,23,necessity,-793474.5083629059,4722.0,2943.9552326972625,13103.693072236825,0.1,49.0,310.0,,,4968.0,655184.6536118413,1448659.1619747472,0.01,497.0,,,,,,,,,,,,0,
27,23,necessity,-134136.04033096228,4909.0,2127.222901337147,18625.022900737786,0.1,50.0,94.0,,,4968.0,912626.1221361514,1046762.1624671137,0.01,497.0,,,,,,,,,,,,0,
28,23,necessity,-1236501.0549106607,5312.0,2919.1641947556377,3999.179054513837,0.1,49.0,175.0,,,4968.0,199958.95272569184,1436460.0076363527,0.01,497.0,,,,,,,,,,,,0,
29,23,necessity,-535908.428384877,5634.0,2127.222901337147,10425.586409841562,0.1,50.0,214.0,,,4968.0,510853.7340822366,1046762.1624671137,0.01,497.0,,,,,,,,,,,,0,
30,23,necessity,-978330.4873741865,5917.0,2913.263072896733,9104.51401772299,0.1,49.0,38.0,,,4968.0,455225.7008861495,1433556.188260336,0.01,497.0,,,,,,,,,,,,0,
31,23,necessity,-936058.1656970378,6376.0,2127.222901337147,2259.2652402056297,0.1,48.0,134.0,,,4968.0,110703.99677007584,1046762.1624671137,0.01,497.0,,,,,,,,,,,,0,
32,23,necessity,-501446.0593518508,6739.0,1598.3075770906062,5938.497266232869,0.1,49.0,198.0,,,4968.0,285047.8687791777,786493.9281310285,0.01,497.0,,,,,,,,,,,,0,
33,23,necessity,-738297.816369876,7038.0,2143.4815727498444,6458.467352325307,0.1,50.0,146.0,,,4968.0,316464.90026394004,1054762.716633816,0.01,497.0,,,,,,,,,,,,0,
34,23,necessity,-1123183.5619229525,7389.0,2918.4973588357684,6258.966192429545,0.1,49.0,234.0,,,4968.0,312948.30962147727,1436131.8715444298,0.01,497.0,,,,,,,,,,,,0,
35,23,necessity,-371834.3346662462,7652.0,2143.4815727498444,13937.313917705507,0.1,50.0,199.0,,,4968.0,682928.3819675698,1054762.716633816,0.01,497.0,,,,,,,,,,,,0,
36,23,necessity,-1006474.88070646,7950.0,2912.1891104795304,8531.05665954438,0.1,49.0,145.0,,,4968.0,426552.832977219,1433027.713683679,0.01,497.0,,,,,,,,,,,,0,
37,23,necessity,-632495.2956142841,8302.0,2143.4815727498444,8617.702469786365,0.1,50.0,479.0,,,4968.0,422267.4210195319,1054762.716633816,0.01,497.0,,,,,,,,,,,,0,
38,23,necessity,-461634.1403542146,8320.0,3024.6386897661273,20534.55346694351,0.1,51.0,150.0,,,4968.0,1026727.6733471755,1488361.81370139,0.01,497.0,,,,,,,,,,,,0,
39,23,necessity,-1302244.384183994,8667.0,3568.409629692138,8895.996146370962,0.1,50.0,304.0,,,4968.0,453695.8034649191,1755940.1876489131,0.01,497.0,,,,,,,,,,,,0,
40,23,necessity,-237544.56315492908,8860.0,2687.252512675855,21695.9305485282,0.1,51.0,307.0,,,4968.0,1084796.52742641,1322341.090581339,0.01,497.0,,,,,,,,,,,,0,
12,33,necessity,-474799.4827429566,6890.0,2061.610609286224,14683.93616844897,0.1,50.0,224.0,,,5879.0,719512.8722539996,1194312.3549969562,0.015000000000000003,588.0,,,,,,,,,,,,0,
13,33,necessity,-1003350.2447086895,7254.0,2516.670967489831,9236.015529602284,0.1,49.0,260.0,,,5879.0,461800.7764801142,1465151.0211888037,0.01,588.0,,,,,,,,,,,,0,
14,33,necessity,-469364.09345029737,7582.0,1930.1624634650807,13353.764317292982,0.1,50.0,191.0,,,5879.0,654334.4515473561,1123698.5449976535,0.01,588.0,,,,,,,,,,,,0,
15,33,necessity,-1149866.0413834923,7979.0,2608.3543197551394,7373.220610436609,0.1,49.0,99.0,,,5879.0,368661.0305218304,1518527.0719053228,0.01,588.0,,,,,,,,,,,,0,
16,33,necessity,-865471.4673418946,8468.0,1930.1624634650807,5269.940360321608,0.1,48.0,633.0,,,5879.0,258227.0776557588,1123698.5449976535,0.01,588.0,,,,,,,,,,,,0,
17,33,necessity,306189.44757983764,8423.0,1572.7201090795475,25454.01748694575,0.1,49.0,182.0,,,5879.0,1221792.839373396,915603.3917935584,0.01,588.0,,,,,,,,,,,,0,
18,33,necessity,-1015728.8680466267,8829.0,2236.3666070437566,5841.531833724033,0.1,48.0,268.0,,,5879.0,286235.0598524776,1301963.9278991043,0.01,588.0,,,,,,,,,,,,0,
19,33,necessity,-316257.1411058316,9149.0,1572.7201090795475,12486.380222660975,0.1,49.0,91.0,,,5879.0,599346.2506877268,915603.3917935584,0.01,588.0,,,,,,,,,,,,0,
20,33,necessity,-1114707.5369982126,9646.0,2160.54985617882,2920.7659168620166,0.1,48.0,119.0,,,5879.0,143117.5299262388,1257825.0669244514,0.01,588.0,,,,,,,,,,,,0,
21,33,necessity,-658497.9589082788,10115.0,1572.7201090795475,5356.363185109991,0.1,49.0,255.0,,,5879.0,257105.43288527956,915603.3917935584,0.01,588.0,,,,,,,,,,,,0,
22,33,necessity,-874662.1751452154,10448.0,2191.2633653041526,8184.563832964992,0.1,50.0,169.0,,,5879.0,401043.6278152846,1275705.8029605,0.01,588.0,,,,,,,,,,,,0,
23,33,necessity,-1114338.6546203382,10867.0,2550.1850041498683,7406.470174728036,0.1,49.0,224.0,,,5879.0,370323.5087364018,1484662.16335674,0.01,588.0,,,,,,,,,,,,0,
24,33,necessity,-553318.3112602278,11231.0,1931.6417479252627,11657.988590399398,0.1,50.0,280.0,,,5879.0,571241.4409295705,1124559.7521897983,0.01,588.0,,,,,,,,,,,,0,
25,33,necessity,-932502.7929409281,11539.0,2530.7756881850783,10817.19378838147,0.1,49.0,113.0,,,5879.0,540859.6894190735,1473362.4823600017,0.01,588.0,,,,,,,,,,,,0,
26,33,necessity,-838582.0994248844,12014.0,1931.6417479252627,5836.278627855385,0.1,48.0,561.0,,,5879.0,285977.65276491386,1124559.7521897983,0.01,588.0,,,,,,,,,,,,0,
27,33,necessity,168047.6287925141,12041.0,1572.7201090795475,22576.06292887651,0.1,49.0,255.0,,,5879.0,1083651.0205860725,915603.3917935584,0.01,588.0,,,,,,,,,,,,0,
28,33,necessity,-867547.0961776676,12374.0,2179.041886145986,8184.563832964992,0.1,48.0,210.0,,,5879.0,401043.6278152846,1268590.7239929521,0.01,588.0,,,,,,,,,,,,0,
29,33,necessity,-458004.5957029013,12752.0,1572.7201090795475,9533.30825188869,0.1,49.0,456.0,,,5879.0,457598.79609065707,915603.3917935584,0.01,588.0,,,,,,,,,,,,0,
30,33,necessity,-538263.8199790254,12884.0,2156.4259004422897,14635.92591306681,0.1,50.0,198.0,,,5879.0,717160.3697402737,1255424.189719299,0.01,588.0,,,,,,,,,,,,0,
31,33,necessity,-1030856.5092576428,13274.0,2504.0937473070994,8539.446565751467,0.1,49.0,241.0,,,5879.0,426972.32828757336,1457828.837545216,0.01,588.0,,,,,,,,,,,,0,
32,33,necessity,-514521.44651846413,13621.0,1920.3879559443571,12316.052920428796,0.1,50.0,285.0,,,5879.0,603486.593101011,1118008.0396194751,0.01,588.0,,,,,,,,,,,,0,
33,33,necessity,-909075.3912447806,13924.0,2501.6153329493136,10946.211348882836,0.1,49.0,228.0,,,5879.0,547310.5674441418,1456385.9586889225,0.01,588.0,,,,,,,,,,,,0,
34,33,necessity,-547639.7437070316,14284.0,1920.3879559443571,11640.169304335583,0.1,50.0,555.0,,,5879.0,570368.2959124435,1118008.0396194751,0.01,588.0,,,,,,,,,,,,0,
35,33,necessity,-392802.69801628613,14317.0,2505.4493047544374,21316.306310982363,0.1,51.0,79.0,,,5879.0,1065815.3155491182,1458618.0135654043,0.01,588.0,,,,,,,,,,,,0,
36,33,necessity,-1451544.6226947894,14826.0,2833.282085229272,3880.99009952158,0.1,50.0,160.0,,,5879.0,197930.49507560057,1649475.1177703901,0.01,588.0,,,,,,,,,,,,0,
37,33,necessity,-855540.0101877775,15254.0,2248.220736419192,9066.50267273367,0.1,51.0,102.0,,,5879.0,453325.1336366835,1308865.143824461,0.01,588.0,,,,,,,,,,,,0,
38,33,necessity,-1424735.8652038577,15740.0,2841.1478253072337,4496.441472838384,0.1,50.0,290.0,,,5879.0,229318.51511475755,1654054.3803186151,0.01,588.0,,,,,,,,,,,,0,
39,33,necessity,-484932.27448536316,16038.0,2248.220736419192,16478.657386781953,0.1,51.0,331.0,,,5879.0,823932.8693390978,1308865.143824461,0.01,588.0,,,,,,,,,,,,0,
40,33,necessity,-935361.0679307645,16295.0,2884.8934525807463,14591.393406955931,0.1,50.0,420.0,,,5879.0,744161.0637547525,1679522.131685517,0.01,588.0,,,,,,,,,,,,0,
