data/saved_data/run_2025_05_02_1721_lowered_population/firm_data.csv
Step,AgentID,FirmType,Profit,Inventory,ProductPrice,RevenuePerEmployee,ProductionLevel,NumEmployees,DemandReceived,InventoryDemandRatio,SellThroughRate,ProductionCapacity,Revenue,Costs,Markup,ProducedUnits,IncomeBracket,NumPeople,SpendRatio,PostTaxIncome,HouseholdExpense,HouseholdSavings,HealthLevel,Welfare,SkillLevel,SkillType,JobLevel,IsEmployed,Wage
12,34,necessity,319444.8915046111,4325.0,56.26330544396663,13278.66669499365,1.0,51.0,352468.0,,,6582.0,663933.3347496825,344488.44324507134,0.07500000000000002,6582.0,,,,,,,,,,,,0,
13,34,necessity,29925.673237686045,0.0,99.32950213447089,12032.624950536157,1.0,50.0,197566.0,,,6582.0,613663.872477344,583738.199239658,0.12000000000000004,6582.0,,,,,,,,,,,,0,
14,34,necessity,309298.33980401605,0.0,62.020480884744615,13075.735660981747,1.0,51.0,308102.0,,,6582.0,653786.7830490874,344488.44324507134,0.18500000000000005,6582.0,,,,,,,,,,,,0,
15,34,necessity,-178457.92048735108,0.0,108.74287529771497,8004.290297713511,1.0,50.0,5043.0,,,6582.0,408218.80518338905,586676.7256707401,0.22000000000000006,6582.0,,,,,,,,,,,,0,
16,34,necessity,203901.87688130524,1539.0,66.20751756894678,10967.80640252753,1.0,51.0,293428.0,,,6582.0,548390.3201263766,344488.44324507134,0.26500000000000007,6582.0,,,,,,,,,,,,0,
17,34,necessity,-73724.3749971328,0.0,118.8979641605174,10542.573532890527,1.0,50.0,7767.0,,,6582.0,537671.2501774168,611395.6251745496,0.2800000000000001,6582.0,,,,,,,,,,,,0,
18,34,necessity,438097.95685945416,0.0,69.34779508209841,15651.72800209051,1.0,51.0,288013.0,,,6582.0,782586.4001045255,344488.44324507134,0.32500000000000007,6582.0,,,,,,,,,,,,0,
19,34,necessity,-133105.17000130832,0.0,120.02433281228001,8949.944847654348,1.0,50.0,5530.0,,,6582.0,456447.18723037175,589552.3572316801,0.3400000000000001,6582.0,,,,,,,,,,,,0,
20,34,necessity,319246.11720683705,1052.0,71.96469300972475,13274.691209038168,1.0,51.0,283146.0,,,6582.0,663734.5604519084,344488.44324507134,0.37500000000000006,6582.0,,,,,,,,,,,,0,
21,34,necessity,-69071.88357647345,0.0,131.54519749107445,10772.126792867426,1.0,50.0,5705.0,,,6582.0,549378.4664362387,618450.3500127122,0.4000000000000001,6582.0,,,,,,,,,,,,0,
22,34,necessity,405976.9084415084,877.0,75.10497052287639,15009.307033731595,1.0,51.0,258611.0,,,6582.0,750465.3516865798,344488.44324507134,0.43500000000000005,6582.0,,,,,,,,,,,,0,
23,34,necessity,-14615.469102480216,0.0,127.50565610029055,10984.470100590881,1.0,50.0,6787.0,,,6582.0,560207.975130135,574823.4442326152,0.4600000000000001,6582.0,,,,,,,,,,,,0,
24,34,necessity,494753.7852070411,0.0,79.29200720707856,16784.84456904225,1.0,51.0,234052.0,,,6582.0,839242.2284521124,344488.44324507134,0.5150000000000001,6582.0,,,,,,,,,,,,0,
25,34,necessity,-58751.39694094949,0.0,135.85583986116265,10233.333165431197,1.0,50.0,1699.0,,,6582.0,521899.991436991,580651.3883779405,0.5400000000000001,6582.0,,,,,,,,,,,,0,
26,34,necessity,-113669.37132095598,4883.0,77.72186845050274,4616.381438482307,1.0,49.0,261467.0,,,6582.0,230819.07192411536,344488.44324507134,0.48500000000000015,6582.0,,,,,,,,,,,,0,
27,34,necessity,706780.1138266509,0.0,42.00116406799505,18185.331056837018,1.0,50.0,446037.0,,,6582.0,891081.2217850139,184301.10795836305,0.5000000000000001,6582.0,,,,,,,,,,,,0,
28,34,necessity,-178973.18806867622,0.0,107.59429376887987,5529.033237910868,1.0,49.0,192839.0,,,6582.0,276451.6618955434,455424.8499642196,0.5550000000000002,6582.0,,,,,,,,,,,,0,
29,34,necessity,523884.53362840426,0.0,45.36125719343465,14452.768195648312,1.0,50.0,416842.0,,,6582.0,708185.6415867673,184301.10795836305,0.6200000000000001,6582.0,,,,,,,,,,,,0,
30,34,necessity,-130383.31681299309,0.0,107.85689603308128,5971.355896943738,1.0,49.0,178984.0,,,6582.0,298567.7948471869,428951.11166018,0.6550000000000001,6582.0,,,,,,,,,,,,0,
31,34,necessity,525612.981731378,0.0,48.16133479796766,14488.04264672941,1.0,50.0,368629.0,,,6582.0,709914.089689741,184301.10795836305,0.7200000000000002,6582.0,,,,,,,,,,,,0,
32,34,necessity,-170764.32809428638,0.0,128.57299838966898,6339.958112804463,1.0,49.0,154837.0,,,6582.0,316997.9056402231,487762.2337345095,0.7350000000000002,6582.0,,,,,,,,,,,,0,
33,34,necessity,661966.3674424383,0.0,49.841381360687464,17270.764804097984,1.0,50.0,368373.0,,,6582.0,846267.4754008013,184301.10795836305,0.7800000000000002,6582.0,,,,,,,,,,,,0,
34,34,necessity,-104688.65885475825,0.0,118.01528600343003,6561.119442320898,1.0,49.0,172878.0,,,6582.0,328055.9721160449,432744.63097080315,0.7950000000000003,6582.0,,,,,,,,,,,,0,
35,34,necessity,592475.5045162134,0.0,51.521427923407266,15852.583928052582,1.0,50.0,361935.0,,,6582.0,776776.6124745765,184301.10795836305,0.8400000000000003,6582.0,,,,,,,,,,,,0,
36,34,necessity,-121585.46177676169,0.0,130.53852446930316,6782.280771837332,1.0,49.0,155142.0,,,6582.0,339114.0385918666,460699.5003686283,0.8650000000000003,6582.0,,,,,,,,,,,,0,
37,34,necessity,674903.4600985904,0.0,53.76149000703367,17534.78710320313,1.0,50.0,390936.0,,,6582.0,859204.5680569534,184301.10795836305,0.9200000000000004,6582.0,,,,,,,,,,,,0,
38,34,necessity,-91846.48426857119,0.0,131.70699927465955,7077.162544525913,1.0,49.0,161450.0,,,6582.0,353858.12722629565,445704.61149486684,0.9450000000000004,6582.0,,,,,,,,,,,,0,
39,34,necessity,682594.3612674462,0.0,56.00155209066008,17691.744269914474,1.0,50.0,306187.0,,,6582.0,866895.4692258092,184301.10795836305,1.0000000000000004,6582.0,,,,,,,,,,,,0,
40,34,necessity,-59177.69620529277,0.0,131.60959006412574,7372.044317214492,1.0,49.0,125823.0,,,6582.0,368602.2158607246,427779.9120660174,1.0250000000000004,6582.0,,,,,,,,,,,,0,
12,49,luxury,-985169.1072721998,281.0,87449.87070816566,97186.37237552348,0.1,20.0,8.0,,,340.0,1846541.075134946,2831710.182407146,0.049999999999999996,34.0,,,,,,,,,,,,0,
13,49,luxury,-2558299.129904208,307.0,96778.7346984263,34979.94828326626,0.1,19.0,13.0,,,340.0,699598.9656653253,3257898.0955695333,0.01,34.0,,,,,,,,,,,,0,
14,49,luxury,-956929.731651458,328.0,65800.11028700588,66217.02900418642,0.1,20.0,20.0,,,340.0,1258123.551079542,2215053.282731,0.01,34.0,,,,,,,,,,,,0,
15,49,luxury,-1949858.65068887,342.0,97015.27552876477,65800.11028700588,0.1,19.0,11.0,,,340.0,1316002.2057401177,3265860.856428988,0.01,34.0,,,,,,,,,,,,0,
16,49,luxury,-1147885.2519145873,365.0,65800.11028700588,56166.73846402171,0.1,18.0,10.0,,,340.0,1067168.0308164125,2215053.282731,0.01,34.0,,,,,,,,,,,,0,
17,49,luxury,-925549.191869262,389.0,47040.75737193991,36555.61682611438,0.1,17.0,43.0,,,340.0,658001.1028700589,1583550.2947393209,0.01,34.0,,,,,,,,,,,,0,
18,49,luxury,1100063.055647247,380.0,27409.305266186046,118985.44511725976,0.1,18.0,35.0,,,340.0,2022752.566993416,922689.511346169,0.01,34.0,,,,,,,,,,,,0,
19,49,luxury,-591475.4123277938,379.0,46752.09050906831,53295.87135091731,0.1,17.0,50.0,,,340.0,959325.6843165116,1550801.0966443054,0.025,34.0,,,,,,,,,,,,0,
20,49,luxury,1414915.0141072462,363.0,27816.374156277918,137506.14855608324,0.1,18.0,50.0,,,340.0,2337604.5254534152,922689.511346169,0.025000000000000005,34.0,,,,,,,,,,,,0,
21,49,luxury,-157728.9861455916,347.0,47367.33983383903,77267.70598966087,0.1,17.0,16.0,,,340.0,1390818.7078138958,1548547.6939594874,0.04000000000000001,34.0,,,,,,,,,,,,0,
22,49,luxury,-164812.07400474453,365.0,27680.684526247296,44581.025725966145,0.1,16.0,71.0,,,340.0,757877.4373414245,922689.511346169,0.020000000000000007,34.0,,,,,,,,,,,,0,
23,49,luxury,1468827.0031797765,328.0,14749.01762990005,122833.03758522238,0.1,17.0,77.0,,,340.0,1965328.601363558,496501.5981837815,0.01,34.0,,,,,,,,,,,,0,
24,49,luxury,-15893.967653332977,285.0,34377.700460449145,66804.37397072375,0.1,16.0,51.0,,,340.0,1135674.3575023038,1151568.3251556368,0.015000000000000003,34.0,,,,,,,,,,,,0,
25,49,luxury,1256761.125299125,268.0,14822.03256866193,109578.92021768165,0.1,17.0,90.0,,,340.0,1753262.7234829064,496501.5981837815,0.015000000000000006,34.0,,,,,,,,,,,,0,
26,49,luxury,138377.56830764655,212.0,35516.51120541574,78469.58418703375,0.1,16.0,56.0,,,340.0,1333982.9311795738,1195605.3628719272,0.01,34.0,,,,,,,,,,,,0,
27,49,luxury,1492423.0293195,190.0,14968.062446185693,124307.7892189551,0.1,17.0,76.0,,,340.0,1988924.6275032817,496501.5981837815,0.025,34.0,,,,,,,,,,,,0,
28,49,luxury,19296.096804840257,148.0,33219.39359932152,66916.04387706546,0.1,16.0,39.0,,,340.0,1137572.7459101127,1118276.6491052725,0.010000000000000002,34.0,,,,,,,,,,,,0,
29,49,luxury,799054.7521897579,143.0,14822.03256866193,80972.27189834621,0.1,17.0,96.0,,,340.0,1295556.3503735394,496501.5981837815,0.015000000000000003,34.0,,,,,,,,,,,,0,
30,49,luxury,245928.08171202266,81.0,34963.43765779059,83700.88979950266,0.1,18.0,32.0,,,340.0,1422915.1265915453,1176987.0448795226,0.010000000000000004,34.0,,,,,,,,,,,,0,
31,49,luxury,-1255279.7118473505,83.0,70874.15564046892,62157.222502738834,0.1,17.0,20.0,,,340.0,1118830.005049299,2374109.7168966495,0.015000000000000006,34.0,,,,,,,,,,,,0,
32,49,luxury,240496.06792985578,97.0,34963.43765779059,83381.35957702226,0.1,18.0,97.0,,,340.0,1417483.1128093784,1176987.0448795226,0.01,34.0,,,,,,,,,,,,0,
36,49,luxury,416181.1905088688,80.0,34963.43765779059,93715.77855225831,0.1,18.0,38.0,,,340.0,1593168.2353883914,1176987.0448795226,0.01,34.0,,,,,,,,,,,,0,
37,49,luxury,-932208.7202684463,76.0,67492.10511886327,73811.70172200237,0.1,17.0,15.0,,,340.0,1328610.6309960426,2260819.351264489,0.015,34.0,,,,,,,,,,,,0,
38,49,luxury,-164605.4680965736,95.0,34963.43765779059,59551.85745782053,0.1,16.0,59.0,,,340.0,1012381.576782949,1176987.0448795226,0.01,34.0,,,,,,,,,,,,0,
39,49,luxury,1566341.2236258634,70.0,14968.062446185693,128927.67636310282,0.1,17.0,170.0,,,340.0,2062842.821809645,496501.5981837815,0.025,34.0,,,,,,,,,,,,0,
15,36,necessity,-217970.6653754884,3336.0,1866.0199406614315,12827.773433346809,0.1,28.0,307.0,,,3749.0,346349.8827003638,564320.5480758522,0.24000000000000002,375.0,,,,,,,,,,,,0,
16,36,necessity,-239145.48325010925,3404.0,2565.9629850622455,20459.57577796641,0.1,29.0,189.0,,,3749.0,572868.1217830594,812013.6050331687,0.18500000000000003,375.0,,,,,,,,,,,,0,
17,36,necessity,-692577.0722660966,3590.0,3595.4345704843768,16723.00014402636,0.1,28.0,72.0,,,3749.0,484967.0041767644,1177544.076442861,0.14500000000000002,375.0,,,,,,,,,,,,0,
18,36,necessity,-553142.3159582936,3893.0,2295.291784106312,9245.40318124554,0.1,27.0,324.0,,,3749.0,258871.28907487512,812013.6050331687,0.06000000000000001,375.0,,,,,,,,,,,,0,
19,36,necessity,170447.3150005896,3944.0,1543.8919832972324,27543.501409275745,0.1,28.0,649.0,,,3749.0,743674.5380504451,573227.2230498556,0.01,375.0,,,,,,,,,,,,0,
20,36,necessity,176212.29914760205,3670.0,2224.083551382243,35785.210612853705,0.1,29.0,267.0,,,3749.0,1001985.8971599038,825773.5980123017,0.01,375.0,,,,,,,,,,,,0,
21,36,necessity,-576104.6589415586,3778.0,3151.0248364831973,20476.907179967548,0.1,28.0,315.0,,,3749.0,593830.3082190589,1169934.9671606175,0.01,375.0,,,,,,,,,,,,0,
22,36,necessity,166799.22547990538,3838.0,2224.083551382243,35449.02941043597,0.1,29.0,266.0,,,3749.0,992572.8234922071,825773.5980123017,0.01,375.0,,,,,,,,,,,,0,
23,36,necessity,-582415.5956207794,3947.0,3162.0320942114895,20400.214643712985,0.1,28.0,135.0,,,3749.0,591606.2246676766,1174021.820288456,0.01,375.0,,,,,,,,,,,,0,
24,36,necessity,-398899.2652937506,4187.0,2224.083551382243,15245.511882805396,0.1,27.0,522.0,,,3749.0,426874.3327185511,825773.5980123017,0.01,375.0,,,,,,,,,,,,0,
25,36,necessity,582891.0727665456,4040.0,1556.9635864228576,42998.9486600567,0.1,28.0,367.0,,,3749.0,1160971.613821531,578080.5410549854,0.01,375.0,,,,,,,,,,,,0,
26,36,necessity,-221486.785276197,4048.0,2167.2392796359495,20407.344150613884,0.1,27.0,118.0,,,3749.0,571405.6362171888,792892.4214933858,0.025,375.0,,,,,,,,,,,,0,
27,36,necessity,-322346.3060579433,4305.0,1556.9635864228576,9471.63833322378,0.1,26.0,184.0,,,3749.0,255734.23499704205,578080.5410549854,0.01,375.0,,,,,,,,,,,,0,
28,36,necessity,-39052.86619073333,4496.0,876.7720183378467,11018.51153468484,0.1,27.0,555.0,,,3749.0,286481.2999018058,325534.16609253915,0.01,375.0,,,,,,,,,,,,0,
29,36,necessity,-56896.10752627242,4316.0,1463.8389920452698,18022.53593250018,0.1,28.0,333.0,,,3749.0,486608.47017750493,543504.5777037774,0.01,375.0,,,,,,,,,,,,0,
30,36,necessity,-274473.5268730352,4358.0,2052.1366087579054,17409.228012538388,0.1,27.0,266.0,,,3749.0,487458.38435107487,761931.91122411,0.01,375.0,,,,,,,,,,,,0,
31,36,necessity,1906.838316731155,4467.0,1465.069635050482,20217.34584924455,0.1,28.0,410.0,,,3749.0,545868.3379296028,543961.4996128717,0.01,375.0,,,,,,,,,,,,0,
32,36,necessity,-155042.0083773696,4432.0,2035.4073661337084,21452.80537038206,0.1,29.0,238.0,,,3749.0,600678.5503706976,755720.5587480672,0.01,375.0,,,,,,,,,,,,0,
33,36,necessity,-644654.84302012,4569.0,3040.9936295481293,16704.37769447664,0.1,28.0,223.0,,,3749.0,484426.9531398226,1129081.7961599426,0.01,375.0,,,,,,,,,,,,0,
34,36,necessity,-77578.97935883445,4721.0,2035.4073661337084,24219.34212104403,0.1,29.0,364.0,,,3749.0,678141.5793892328,755720.5587480672,0.01,375.0,,,,,,,,,,,,0,
35,36,necessity,-360622.1523308398,4732.0,2966.734759927493,25547.871768023095,0.1,30.0,192.0,,,3749.0,740888.2812726698,1101510.4336035096,0.01,375.0,,,,,,,,,,,,0,
36,36,necessity,-668852.7623594031,4915.0,3335.601310113427,18987.102463535957,0.1,29.0,144.0,,,3749.0,569613.0739060787,1238465.8362654818,0.01,375.0,,,,,,,,,,,,0,
37,36,necessity,-412349.37275370595,5146.0,2404.2739163196425,16562.98581573564,0.1,28.0,396.0,,,3749.0,480326.5886563335,892675.9614100395,0.01,375.0,,,,,,,,,,,,0,
38,36,necessity,271175.56858773425,5125.0,1833.936185236417,34003.30253080637,0.1,29.0,217.0,,,3749.0,952092.4708625784,680916.9022748441,0.01,375.0,,,,,,,,,,,,0,
39,36,necessity,-490234.3033438188,5283.0,2392.214500542155,13722.9017998725,0.1,28.0,240.0,,,3749.0,397964.1521963025,888198.4555401213,0.01,375.0,,,,,,,,,,,,0,
40,36,necessity,-106785.42214472697,5418.0,1833.936185236417,20504.695718932755,0.1,29.0,140.0,,,3749.0,574131.4801301172,680916.9022748441,0.01,375.0,,,,,,,,,,,,0,
16,19,necessity,67297.69932688505,1411.1000000000004,682.6875999273844,10790.576568408458,0.1,41.0,1012.0,,,5391.0,431623.0627363383,364325.36340945325,0.01,539.0,,,,,,,,,,,,0,
17,19,necessity,91874.1287458674,938.1000000000004,1150.224344181343,16850.72807625642,0.1,42.0,300.0,,,5391.0,690879.8511265131,599005.7223806457,0.034999999999999996,539.0,,,,,,,,,,,,0,
18,19,necessity,-480974.28841487813,1177.1000000000004,1563.195588013861,8215.888172723879,0.1,41.0,365.0,,,5391.0,345067.3032544029,826041.591669281,0.019999999999999997,539.0,,,,,,,,,,,,0,
19,19,necessity,-28439.33275558648,1351.1000000000004,1122.441147461987,13916.25340548925,0.1,42.0,332.0,,,5391.0,570566.3896250592,599005.7223806457,0.01,539.0,,,,,,,,,,,,0,
20,19,necessity,-455604.52046332334,1558.1000000000004,1552.017680302212,8872.630022794754,0.1,41.0,332.0,,,5391.0,372650.46095737966,828254.981420703,0.01,539.0,,,,,,,,,,,,0,
21,19,necessity,-83735.85252031131,1765.1000000000004,1122.441147461987,12567.55780147157,0.1,42.0,228.0,,,5391.0,515269.8698603344,599005.7223806457,0.01,539.0,,,,,,,,,,,,0,
22,19,necessity,-633035.5998667788,2076.1000000000004,1665.7545484920936,6093.251943365072,0.1,41.0,602.0,,,5391.0,255916.58162133303,888952.1814881118,0.01,539.0,,,,,,,,,,,,0,
23,19,necessity,348512.415675321,2013.1000000000004,1226.0010009574908,24458.152151030252,0.1,42.0,140.0,,,5391.0,1002784.2381922404,654271.8225169193,0.01,539.0,,,,,,,,,,,,0,
24,19,necessity,-747112.323021956,2412.1000000000004,1721.595521458199,4086.6700031916357,0.1,41.0,383.0,,,5391.0,171640.1401340487,918752.4631560048,0.01,539.0,,,,,,,,,,,,0,
25,19,necessity,5099.262201570906,2568.1000000000004,1226.0010009574908,16082.221578499762,0.1,42.0,445.0,,,5391.0,659371.0847184903,654271.8225169193,0.01,539.0,,,,,,,,,,,,0,
26,19,necessity,-336623.41779014945,2662.1000000000004,1653.0905383957415,12989.772510144843,0.1,41.0,277.0,,,5391.0,545570.4454260834,882193.8632162329,0.01,539.0,,,,,,,,,,,,0,
27,19,necessity,-196365.74338129896,2924.1000000000004,1226.0010009574908,11168.440954527327,0.1,40.0,468.0,,,5391.0,457906.0791356204,654271.8225169193,0.01,539.0,,,,,,,,,,,,0,
28,19,necessity,209443.1050386525,2995.1000000000004,682.6875999273844,14344.211711202643,0.1,41.0,674.0,,,5391.0,573768.4684481057,364325.36340945325,0.01,539.0,,,,,,,,,,,,0,
29,19,necessity,-131249.301475372,2860.1000000000004,1124.6108743923542,11222.718106123344,0.1,40.0,741.0,,,5391.0,460131.44235105714,591380.7438264291,0.025,539.0,,,,,,,,,,,,0,
30,19,necessity,469011.29451528116,2658.1000000000004,702.965449430178,20833.41644811836,0.1,41.0,1066.0,,,5391.0,833336.6579247344,364325.36340945325,0.04000000000000001,539.0,,,,,,,,,,,,0,
31,19,necessity,141790.65150583233,2131.1000000000004,1183.578928167895,18277.10168518463,0.1,40.0,1138.0,,,5391.0,749361.1690925697,607570.5175867374,0.05000000000000001,539.0,,,,,,,,,,,,0,
32,19,necessity,982587.4568456111,1532.1000000000004,740.1415068519663,33672.82050637661,0.1,41.0,975.0,,,5391.0,1346912.8202550644,364325.36340945325,0.095,539.0,,,,,,,,,,,,0,
33,19,necessity,131729.05137131235,1096.1000000000004,1231.2570154068032,17600.926077577245,0.1,40.0,513.0,,,5391.0,721637.9691806671,589908.9178093547,0.125,539.0,,,,,,,,,,,,0,
34,19,necessity,267309.48549423687,1122.1000000000004,760.4193563547599,15790.871222592254,0.1,39.0,905.0,,,5391.0,631634.8489036901,364325.36340945325,0.125,539.0,,,,,,,,,,,,0,
