data/saved_data/run_2025_05_02_1721_lowered_population/firm_data.csv
Step,AgentID,FirmType,Profit,Inventory,ProductPrice,RevenuePerEmployee,ProductionLevel,NumEmployees,DemandReceived,InventoryDemandRatio,SellThroughRate,ProductionCapacity,Revenue,Costs,Markup,ProducedUnits,IncomeBracket,NumPeople,SpendRatio,PostTaxIncome,HouseholdExpense,HouseholdSavings,HealthLevel,Welfare,SkillLevel,SkillType,JobLevel,IsEmployed,Wage
21,13,necessity,492428.4219551316,5887.0,37.042520359924936,12334.950838322266,1.0,57.0,703016.0,,,6880.0,690757.2469460468,198328.82499091522,0.2850000000000001,6880.0,,,,,,,,,,,,0,
22,13,necessity,34381.97845471918,0.0,84.138465140995,8296.874691844941,1.0,56.0,320362.0,,,6880.0,472921.85743516166,438539.8789804425,0.32000000000000006,6880.0,,,,,,,,,,,,0,
23,13,necessity,380543.8151791303,0.0,39.925206769257606,10337.011431607956,1.0,57.0,687629.0,,,6880.0,578872.6401700455,198328.82499091522,0.38500000000000006,6880.0,,,,,,,,,,,,0,
24,13,necessity,-162902.4339704013,0.0,90.31609828496988,4819.042501271795,1.0,56.0,254346.0,,,6880.0,274685.42257249233,437587.8565428936,0.42000000000000004,6880.0,,,,,,,,,,,,0,
25,13,necessity,423045.9312096776,0.0,42.80789317859029,11095.977789296301,1.0,57.0,578630.0,,,6880.0,621374.7562005928,198328.82499091522,0.48500000000000004,6880.0,,,,,,,,,,,,0,
26,13,necessity,-221281.8418724474,0.0,113.95584640066714,5166.987808222828,1.0,56.0,196229.0,,,6880.0,294518.3050687012,515800.1469411486,0.52,6880.0,,,,,,,,,,,,0,
27,13,necessity,585687.3982456747,0.0,45.11404230605643,14000.289700653391,1.0,57.0,568320.0,,,6880.0,784016.2232365899,198328.82499091522,0.5650000000000001,6880.0,,,,,,,,,,,,0,
28,13,necessity,-149451.70613491087,0.0,105.60194492315598,5445.344053783654,1.0,56.0,242393.0,,,6880.0,310384.6110656683,459836.31720057916,0.5800000000000001,6880.0,,,,,,,,,,,,0,
29,13,necessity,528212.5560803979,0.0,46.84365415165604,12973.953233416307,1.0,57.0,563885.0,,,6880.0,726541.3810713132,198328.82499091522,0.6250000000000001,6880.0,,,,,,,,,,,,0,
30,13,necessity,-123999.9518888393,0.0,107.0303898894119,5654.111237954273,1.0,56.0,225112.0,,,6880.0,322284.34056339355,446284.29245223285,0.6500000000000001,6880.0,,,,,,,,,,,,0,
31,13,necessity,538040.2574482386,0.0,49.14980327912219,13149.447900699175,1.0,57.0,519733.0,,,6880.0,736369.0824391538,198328.82499091522,0.7050000000000002,6880.0,,,,,,,,,,,,0,
32,13,necessity,-184458.9955186083,0.0,131.41201753854716,5932.4674835151,1.0,56.0,186595.0,,,6880.0,338150.6465603607,522609.642078969,0.7300000000000002,6880.0,,,,,,,,,,,,0,
33,13,necessity,705785.8556742892,0.0,51.45595240658833,16144.90501187865,1.0,57.0,474045.0,,,6880.0,904114.6806652044,198328.82499091522,0.7850000000000003,6880.0,,,,,,,,,,,,0,
34,13,necessity,-115765.84842360817,0.0,122.90829093645006,6210.823729075924,1.0,56.0,219651.0,,,6880.0,354016.9525573277,469782.80098093586,0.8000000000000003,6880.0,,,,,,,,,,,,0,
35,13,necessity,647280.2166518611,0.0,53.18556425218794,15100.16145790672,1.0,57.0,471567.0,,,6880.0,845609.0416427763,198328.82499091522,0.8450000000000003,6880.0,,,,,,,,,,,,0,
36,13,necessity,-92252.1495312237,0.0,124.53135391596021,6419.590913246544,1.0,56.0,213824.0,,,6880.0,365916.682055053,458168.8315862767,0.8700000000000003,6880.0,,,,,,,,,,,,0,
37,13,necessity,658446.889950891,0.0,55.49171337965409,15299.56633824654,1.0,57.0,452062.0,,,6880.0,856775.7149418063,198328.82499091522,0.9250000000000004,6880.0,,,,,,,,,,,,0,
38,13,necessity,-49049.03138711373,0.0,122.11081944537796,6697.947158807371,1.0,56.0,7561.0,,,6880.0,381782.98805202014,430832.0194391339,0.9500000000000004,6880.0,,,,,,,,,,,,0,
39,13,necessity,641793.612793285,0.0,57.79786250712023,15002.186389003577,1.0,57.0,427485.0,,,6880.0,840122.4377842003,198328.82499091522,1.0050000000000003,6880.0,,,,,,,,,,,,0,
40,13,necessity,-67623.5356589621,0.0,136.60626684207142,6976.3034043681955,1.0,56.0,181843.0,,,6880.0,397649.29404898715,465272.82970794925,1.0200000000000002,6880.0,,,,,,,,,,,,0,
23,10,necessity,54936.78160461108,0.0,107.21288851924392,8768.30958531615,1.0,78.0,11842.0,,,8851.0,675159.8380693436,620223.0564647325,0.53,8851.0,,,,,,,,,,,,0,
24,10,necessity,-98444.81949338422,0.0,185.19480733319875,12165.913798510615,1.0,79.0,3424.0,,,8851.0,948941.276283828,1047386.0957772122,0.5650000000000001,8851.0,,,,,,,,,,,,0,
25,10,necessity,-579286.7748089893,5427.0,207.00764099208718,8026.671143150285,1.0,78.0,5015.0,,,8851.0,634107.0203088726,1213393.7951178618,0.51,8851.0,,,,,,,,,,,,0,
26,10,necessity,251912.56376993516,9263.0,130.13535839167884,13309.529738145093,1.0,79.0,6873.0,,,8851.0,1038143.3195753172,786230.755805382,0.465,8851.0,,,,,,,,,,,,0,
27,10,necessity,-178628.00133394147,11241.0,175.79031331896252,11321.77618007606,1.0,78.0,3775.0,,,8851.0,894420.3182260087,1073048.3195599501,0.45,8851.0,,,,,,,,,,,,0,
28,10,necessity,-179892.421133823,16317.0,135.80258916394635,8507.800420244661,1.0,77.0,197158.0,,,8851.0,663608.4327790835,843500.8539129065,0.425,8851.0,,,,,,,,,,,,0,
29,10,necessity,2861196.273919863,0.0,90.56874225934227,44388.04628672989,1.0,78.0,10838.0,,,8851.0,3417879.5640782015,556683.2901583384,0.44,8851.0,,,,,,,,,,,,0,
30,10,necessity,-62604.12832701637,0.0,146.95099302678267,10277.229970992801,1.0,77.0,4907.0,,,8851.0,801623.9377374385,864228.0660644548,0.505,8851.0,,,,,,,,,,,,0,
31,10,necessity,164405.23262408422,3944.0,94.34243985348154,9364.786010161333,1.0,76.0,8262.0,,,8851.0,721088.5227824226,556683.2901583384,0.5,8851.0,,,,,,,,,,,,0,
32,10,necessity,388781.6472517756,4533.0,66.87080782080305,10256.01629038769,1.0,77.0,391950.0,,,8851.0,779457.2380694645,390675.59081768885,0.515,8851.0,,,,,,,,,,,,0,
33,10,necessity,265889.6513283651,0.0,110.88130325835824,11623.362232125039,1.0,78.0,8070.0,,,8851.0,894998.891873628,629109.2405452629,0.56,8851.0,,,,,,,,,,,,0,
34,10,necessity,-119092.14350608469,781.0,186.14782777262855,11471.950221730141,1.0,77.0,5270.0,,,8851.0,894812.117294951,1013904.2608010357,0.625,8851.0,,,,,,,,,,,,0,
35,10,necessity,351889.81181648956,4362.0,115.1459687682951,12740.247433269513,1.0,78.0,5514.0,,,8851.0,980999.0523617525,629109.2405452629,0.62,8851.0,,,,,,,,,,,,0,
36,10,necessity,-389407.10439080116,7699.0,185.74587861053425,8139.93425369717,1.0,77.0,2018.0,,,8851.0,634914.8717883793,1024321.9761791804,0.605,8851.0,,,,,,,,,,,,0,
37,10,necessity,-254274.05750920484,14532.0,109.10435929588456,4867.9893900786765,1.0,76.0,6875.0,,,8851.0,374835.1830360581,629109.2405452629,0.535,8851.0,,,,,,,,,,,,0,
38,10,necessity,359416.8793415176,16508.0,65.32593767312773,9869.637765252715,1.0,77.0,431392.0,,,8851.0,750092.4701592064,390675.59081768885,0.48000000000000004,8851.0,,,,,,,,,,,,0,
39,10,necessity,1042474.332247419,0.0,105.81203646282499,21514.291603283717,1.0,78.0,7090.0,,,8851.0,1656600.453452846,614126.121205427,0.525,8851.0,,,,,,,,,,,,0,
40,10,necessity,-235265.91670347122,1761.0,174.80431708601168,9618.042801556785,1.0,77.0,2310.0,,,8851.0,750207.3385214292,985473.2552249004,0.5700000000000001,8851.0,,,,,,,,,,,,0,
23,25,necessity,-683819.0416853928,12053.0,3035.1402784830825,24173.375756415036,0.1,24.0,218.0,,,4524.0,604334.3939103759,1288153.4355957687,0.06500000000000003,452.0,,,,,,,,,,,,0,
24,25,necessity,-236025.10031738353,12287.0,2025.7508686315898,27569.190862888,0.1,25.0,184.0,,,4524.0,661660.580709312,897685.6810266955,0.02000000000000003,452.0,,,,,,,,,,,,0,
25,25,necessity,-936742.396642731,12555.0,2926.051679446021,14909.5263931285,0.1,24.0,322.0,,,4524.0,372738.1598282125,1309480.5564709436,0.01,452.0,,,,,,,,,,,,0,
26,25,necessity,44502.95975492324,12685.0,2005.8905659979466,39257.86003256745,0.1,25.0,155.0,,,4524.0,942188.6407816188,897685.6810266955,0.01,452.0,,,,,,,,,,,,0,
27,25,necessity,-991012.9542441205,12982.0,2909.1709048326757,12436.521509187269,0.1,24.0,340.0,,,4524.0,310913.0377296817,1301925.9919738022,0.01,452.0,,,,,,,,,,,,0,
28,25,necessity,91432.42661641422,13094.0,2005.8905659979466,41213.254485129575,0.1,25.0,156.0,,,4524.0,989118.1076431097,897685.6810266955,0.01,452.0,,,,,,,,,,,,0,
29,25,necessity,-975527.4342589597,13390.0,2879.0504940290602,12516.757131827188,0.1,24.0,220.0,,,4524.0,312918.9282956797,1288446.3625546393,0.01,452.0,,,,,,,,,,,,0,
30,25,necessity,-264294.5723403023,13622.0,2005.8905659979466,26391.296195266386,0.1,25.0,669.0,,,4524.0,633391.1086863932,897685.6810266955,0.01,452.0,,,,,,,,,,,,0,
31,25,necessity,52907.73611523025,13405.0,2880.36146058055,53677.631546105054,0.1,26.0,170.0,,,4524.0,1341940.7886526263,1289033.052537396,0.01,452.0,,,,,,,,,,,,0,
32,25,necessity,-965451.8181841254,13687.0,3251.469902425171,18833.132626872826,0.1,25.0,243.0,,,4524.0,489661.4482986935,1455113.2664828189,0.01,452.0,,,,,,,,,,,,0,
33,25,necessity,-273658.7086828018,13896.0,2376.999007842567,31604.28745157266,0.1,26.0,216.0,,,4524.0,790107.1862893165,1063765.8949721183,0.01,452.0,,,,,,,,,,,,0,
34,25,necessity,-991346.8545573733,14132.0,3362.44783914034,19747.37637284594,0.1,25.0,210.0,,,4524.0,513431.7856939945,1504778.6402513678,0.01,452.0,,,,,,,,,,,,0,
35,25,necessity,-357651.84875264694,14374.0,2376.999007842567,28244.561848778856,0.1,26.0,276.0,,,4524.0,706114.0462194714,1063765.8949721183,0.01,452.0,,,,,,,,,,,,0,
36,25,necessity,-811300.9950142178,14550.0,3278.819126353396,25232.758698636484,0.1,25.0,166.0,,,4524.0,656051.7261645485,1467352.7211787663,0.01,452.0,,,,,,,,,,,,0,
37,25,necessity,-519481.9199974546,14836.0,2376.999007842567,21771.358998986547,0.1,24.0,420.0,,,4524.0,544283.9749746637,1063765.8949721183,0.01,452.0,,,,,,,,,,,,0,
38,25,necessity,185779.62039262045,14868.0,1815.676019280076,41597.482637244924,0.1,25.0,315.0,,,4524.0,998339.5832938782,812559.9629012578,0.01,452.0,,,,,,,,,,,,0,
39,25,necessity,-503610.43261997344,15005.0,2403.327124063722,22877.51784292896,0.1,24.0,276.0,,,4524.0,571937.946073224,1075548.3786931974,0.01,452.0,,,,,,,,,,,,0,
40,25,necessity,-149241.67665967054,15181.0,1815.676019280076,27638.2619267328,0.1,25.0,504.0,,,4524.0,663318.2862415873,812559.9629012578,0.01,452.0,,,,,,,,,,,,0,
23,30,necessity,-1200550.183476663,0.0,249.695677443282,12549.503879381391,1.0,27.0,2773.0,,,6495.0,351386.10862267896,1551936.292099342,0.045000000000000005,6495.0,,,,,,,,,,,,0,
24,30,necessity,-804667.178549121,3722.0,246.63101190141106,25644.670872230407,1.0,28.0,2457.0,,,6495.0,692406.113550221,1497073.292099342,0.07,6495.0,,,,,,,,,,,,0,
25,30,necessity,436228.4529647319,7760.0,26.395901875813628,21641.87129434882,1.0,27.0,631049.0,,,6495.0,605972.396241767,169743.94327703508,0.01,6495.0,,,,,,,,,,,,0,
26,30,necessity,-1120799.7108596186,0.0,244.3260491733605,13936.058564434194,1.0,26.0,1298.0,,,6495.0,376273.58123972325,1497073.292099342,0.060000000000000005,6495.0,,,,,,,,,,,,0,
27,30,necessity,-1125075.0802723202,5197.0,224.26980674304318,12197.50814719315,1.0,25.0,2058.0,,,6495.0,317135.2118270219,1442210.292099342,0.01,6495.0,,,,,,,,,,,,0,
28,30,necessity,-925800.0298221591,9634.0,215.73837795297877,18461.890491087313,1.0,26.0,3876.0,,,6495.0,461547.26227718283,1387347.292099342,0.01,6495.0,,,,,,,,,,,,0,
29,30,necessity,647192.8123356102,12253.0,29.391721629999246,32161.61357483637,1.0,27.0,666955.0,,,6495.0,836201.9529457457,189009.14061013548,0.01,6495.0,,,,,,,,,,,,0,
30,30,necessity,158614.15534507955,0.0,63.742115936563856,20408.740634045404,1.0,26.0,293321.0,,,6495.0,551035.9971192259,392421.84177414636,0.055000000000000014,6495.0,,,,,,,,,,,,0,
31,30,necessity,224995.90239784677,0.0,32.301793078514024,15923.270884922395,1.0,25.0,645218.0,,,6495.0,414005.04300798225,189009.14061013548,0.11000000000000001,6495.0,,,,,,,,,,,,0,
32,30,necessity,-1177547.1460543934,0.0,244.57469579817888,8392.005841797944,1.0,24.0,3186.0,,,6495.0,209800.14604494857,1387347.292099342,0.14500000000000002,6495.0,,,,,,,,,,,,0,
33,30,necessity,-553269.3112863441,3309.0,240.0318123966433,32467.290867208245,1.0,25.0,3004.0,,,6495.0,779214.9808129979,1332484.292099342,0.17,6495.0,,,,,,,,,,,,0,
34,30,necessity,571832.9978260406,6800.0,25.846864882881203,28842.222577580655,1.0,24.0,686955.0,,,6495.0,721055.5644395164,149222.56661347582,0.125,6495.0,,,,,,,,,,,,0,
35,30,necessity,-988850.2234814364,0.0,236.9544814684812,14318.086192412733,1.0,23.0,3287.0,,,6495.0,343634.0686179056,1332484.292099342,0.155,6495.0,,,,,,,,,,,,0,
36,30,necessity,-498751.91151244426,3208.0,228.18178577475825,33863.88611247381,1.0,24.0,3793.0,,,6495.0,778869.3805868977,1277621.292099342,0.16,6495.0,,,,,,,,,,,,0,
37,30,necessity,714568.9281498193,5910.0,26.14167181361461,36062.22972681908,1.0,25.0,671470.0,,,6495.0,865493.513443658,150924.58529383873,0.125,6495.0,,,,,,,,,,,,0,
38,30,necessity,-35951.30168344523,0.0,65.17021094059243,12971.49755391557,1.0,24.0,283963.0,,,6495.0,324287.43884788925,360238.7405313345,0.175,6495.0,,,,,,,,,,,,0,
39,30,necessity,272355.9347653091,0.0,28.581561182885306,17636.688335797826,1.0,25.0,740427.0,,,6495.0,423280.5200591478,150924.58529383873,0.22999999999999998,6495.0,,,,,,,,,,,,0,
40,30,necessity,-220219.61612742257,0.0,79.04679334471676,7425.489595313602,1.0,24.0,269833.0,,,6495.0,185637.23988284005,405856.8560102626,0.26499999999999996,6495.0,,,,,,,,,,,,0,
27,29,necessity,384130.30456239195,0.0,56.920071694490616,17125.749104988736,1.0,33.0,313400.0,,,3628.0,548023.9713596395,163893.66679724763,0.26,3628.0,,,,,,,,,,,,0,
28,29,necessity,-246835.6549136985,0.0,161.8184864913943,6257.75818507915,1.0,32.0,3388.0,,,3628.0,206506.02010761196,453341.67502131045,0.295,3628.0,,,,,,,,,,,,0,
29,29,necessity,384347.3654355963,240.0,61.43753770198987,17132.532257276373,1.0,33.0,6106.0,,,3628.0,548241.0322328439,163893.66679724763,0.36,3628.0,,,,,,,,,,,,0,
30,29,necessity,-155768.91261588037,0.0,151.26956591304923,7201.224116099903,1.0,32.0,3241.0,,,3628.0,237640.3958312968,393409.3084471772,0.39499999999999996,3628.0,,,,,,,,,,,,0,
31,29,necessity,326370.9963269449,387.0,64.14801730648942,15320.770722631018,1.0,33.0,6300.0,,,3628.0,490264.66312419256,163893.66679724763,0.42,3628.0,,,,,,,,,,,,0,
32,29,necessity,-132330.4976551417,0.0,154.21297392301182,7804.675438956213,1.0,32.0,3367.0,,,3628.0,257554.28948555503,389884.7871406967,0.435,3628.0,,,,,,,,,,,,0,
33,29,necessity,355341.4164015332,261.0,66.85849691098898,16226.0963499619,1.0,33.0,4317.0,,,3628.0,519235.0831987808,163893.66679724763,0.48,3628.0,,,,,,,,,,,,0,
34,29,necessity,-133110.71458871276,0.0,163.0790326614173,7879.172560207155,1.0,32.0,2124.0,,,3628.0,260012.69448683612,393123.4090755489,0.505,3628.0,,,,,,,,,,,,0,
35,29,necessity,182486.1985756027,1504.0,68.21373671323876,10824.370792901573,1.0,33.0,11426.0,,,3628.0,346379.8653728503,163893.66679724763,0.51,3628.0,,,,,,,,,,,,0,
36,29,necessity,-61338.45106685744,0.0,172.9333807449958,10608.269600373978,1.0,32.0,3668.0,,,3628.0,350072.8968123413,411411.3478791987,0.525,3628.0,,,,,,,,,,,,0,
37,29,necessity,463508.6385455971,0.0,71.82770951923816,19606.322041963896,1.0,33.0,8844.0,,,3628.0,627402.3053428447,163893.66679724763,0.5900000000000001,3628.0,,,,,,,,,,,,0,
38,29,necessity,-142254.73360539495,0.0,180.43666025330725,7896.69485259988,1.0,32.0,4320.0,,,3628.0,260590.93013579602,402845.663741191,0.6250000000000001,3628.0,,,,,,,,,,,,0,
39,29,necessity,490730.5366017511,0.0,76.34517552673742,20457.00635621871,1.0,33.0,6048.0,,,3628.0,654624.2033989987,163893.66679724763,0.6900000000000002,3628.0,,,,,,,,,,,,0,
40,29,necessity,-115573.31175792014,0.0,185.56489484843965,8393.342327606162,1.0,32.0,3263.0,,,3628.0,276980.29681100335,392553.6085689235,0.7150000000000002,3628.0,,,,,,,,,,,,0,
